Archive member included to satisfy reference by file (symbol)

/Applications/ArmGNUToolchain/14.2.rel1/arm-none-eabi/bin/../lib/gcc/arm-none-eabi/14.2.1/thumb/v7-m/nofp/libgcc.a(_arm_muldf3.o)
                              CMakeFiles/biaozhunceshi.elf.dir/Drivers/STM32F10x_StdPeriph_Driver/src/oled.c.obj (__aeabi_dmul)
/Applications/ArmGNUToolchain/14.2.rel1/arm-none-eabi/bin/../lib/gcc/arm-none-eabi/14.2.1/thumb/v7-m/nofp/libgcc.a(_arm_addsubdf3.o)
                              CMakeFiles/biaozhunceshi.elf.dir/Drivers/STM32F10x_StdPeriph_Driver/src/oled.c.obj (__aeabi_dadd)
/Applications/ArmGNUToolchain/14.2.rel1/arm-none-eabi/bin/../lib/gcc/arm-none-eabi/14.2.1/thumb/v7-m/nofp/libgcc.a(_arm_muldivdf3.o)
                              CMakeFiles/biaozhunceshi.elf.dir/Drivers/STM32F10x_StdPeriph_Driver/src/oled.c.obj (__aeabi_ddiv)
/Applications/ArmGNUToolchain/14.2.rel1/arm-none-eabi/bin/../lib/gcc/arm-none-eabi/14.2.1/thumb/v7-m/nofp/libgcc.a(_arm_fixdfsi.o)
                              CMakeFiles/biaozhunceshi.elf.dir/Drivers/STM32F10x_StdPeriph_Driver/src/oled.c.obj (__aeabi_d2iz)
/Applications/ArmGNUToolchain/14.2.rel1/arm-none-eabi/bin/../lib/gcc/arm-none-eabi/14.2.1/thumb/v7-m/nofp/libgcc.a(_arm_fixunsdfsi.o)
                              CMakeFiles/biaozhunceshi.elf.dir/Drivers/STM32F10x_StdPeriph_Driver/src/oled.c.obj (__aeabi_d2uiz)
/Applications/ArmGNUToolchain/14.2.rel1/arm-none-eabi/bin/../lib/gcc/arm-none-eabi/14.2.1/../../../../arm-none-eabi/lib/thumb/v7-m/nofp/libg.a(libc_a-exit.o)
                              /Applications/ArmGNUToolchain/14.2.rel1/arm-none-eabi/bin/../lib/gcc/arm-none-eabi/14.2.1/../../../../arm-none-eabi/lib/thumb/v7-m/nofp/crt0.o (exit)
/Applications/ArmGNUToolchain/14.2.rel1/arm-none-eabi/bin/../lib/gcc/arm-none-eabi/14.2.1/../../../../arm-none-eabi/lib/thumb/v7-m/nofp/libg.a(libc_a-malloc.o)
                              CMakeFiles/biaozhunceshi.elf.dir/Drivers/STM32F10x_StdPeriph_Driver/src/oled.c.obj (malloc)
/Applications/ArmGNUToolchain/14.2.rel1/arm-none-eabi/bin/../lib/gcc/arm-none-eabi/14.2.1/../../../../arm-none-eabi/lib/thumb/v7-m/nofp/libg.a(libc_a-mallocr.o)
                              /Applications/ArmGNUToolchain/14.2.rel1/arm-none-eabi/bin/../lib/gcc/arm-none-eabi/14.2.1/../../../../arm-none-eabi/lib/thumb/v7-m/nofp/libg.a(libc_a-malloc.o) (_malloc_r)
/Applications/ArmGNUToolchain/14.2.rel1/arm-none-eabi/bin/../lib/gcc/arm-none-eabi/14.2.1/../../../../arm-none-eabi/lib/thumb/v7-m/nofp/libg.a(libc_a-mlock.o)
                              /Applications/ArmGNUToolchain/14.2.rel1/arm-none-eabi/bin/../lib/gcc/arm-none-eabi/14.2.1/../../../../arm-none-eabi/lib/thumb/v7-m/nofp/libg.a(libc_a-mallocr.o) (__malloc_lock)
/Applications/ArmGNUToolchain/14.2.rel1/arm-none-eabi/bin/../lib/gcc/arm-none-eabi/14.2.1/../../../../arm-none-eabi/lib/thumb/v7-m/nofp/libg.a(libc_a-findfp.o)
                              /Applications/ArmGNUToolchain/14.2.rel1/arm-none-eabi/bin/../lib/gcc/arm-none-eabi/14.2.1/../../../../arm-none-eabi/lib/thumb/v7-m/nofp/libg.a(libc_a-exit.o) (__stdio_exit_handler)
/Applications/ArmGNUToolchain/14.2.rel1/arm-none-eabi/bin/../lib/gcc/arm-none-eabi/14.2.1/../../../../arm-none-eabi/lib/thumb/v7-m/nofp/libg.a(libc_a-vsnprintf.o)
                              CMakeFiles/biaozhunceshi.elf.dir/Drivers/STM32F10x_StdPeriph_Driver/src/usart.c.obj (vsnprintf)
/Applications/ArmGNUToolchain/14.2.rel1/arm-none-eabi/bin/../lib/gcc/arm-none-eabi/14.2.1/../../../../arm-none-eabi/lib/thumb/v7-m/nofp/libg.a(libc_a-vsprintf.o)
                              CMakeFiles/biaozhunceshi.elf.dir/Drivers/STM32F10x_StdPeriph_Driver/src/oled.c.obj (vsprintf)
/Applications/ArmGNUToolchain/14.2.rel1/arm-none-eabi/bin/../lib/gcc/arm-none-eabi/14.2.1/../../../../arm-none-eabi/lib/thumb/v7-m/nofp/libg.a(libc_a-memset.o)
                              /Applications/ArmGNUToolchain/14.2.rel1/arm-none-eabi/bin/../lib/gcc/arm-none-eabi/14.2.1/../../../../arm-none-eabi/lib/thumb/v7-m/nofp/crt0.o (memset)
/Applications/ArmGNUToolchain/14.2.rel1/arm-none-eabi/bin/../lib/gcc/arm-none-eabi/14.2.1/../../../../arm-none-eabi/lib/thumb/v7-m/nofp/libg.a(libc_a-impure.o)
                              /Applications/ArmGNUToolchain/14.2.rel1/arm-none-eabi/bin/../lib/gcc/arm-none-eabi/14.2.1/../../../../arm-none-eabi/lib/thumb/v7-m/nofp/libg.a(libc_a-malloc.o) (_impure_ptr)
/Applications/ArmGNUToolchain/14.2.rel1/arm-none-eabi/bin/../lib/gcc/arm-none-eabi/14.2.1/../../../../arm-none-eabi/lib/thumb/v7-m/nofp/libg.a(libc_a-sbrkr.o)
                              /Applications/ArmGNUToolchain/14.2.rel1/arm-none-eabi/bin/../lib/gcc/arm-none-eabi/14.2.1/../../../../arm-none-eabi/lib/thumb/v7-m/nofp/libg.a(libc_a-mallocr.o) (_sbrk_r)
/Applications/ArmGNUToolchain/14.2.rel1/arm-none-eabi/bin/../lib/gcc/arm-none-eabi/14.2.1/../../../../arm-none-eabi/lib/thumb/v7-m/nofp/libg.a(libc_a-errno.o)
                              CMakeFiles/biaozhunceshi.elf.dir/Core/Src/syscalls.c.obj (__errno)
[...]
Memory Configuration

Name             Origin             Length             Attributes
FLASH            0x08000000         0x00010000         xr
RAM              0x20000000         0x00005000         xrw
*default*        0x00000000         0xffffffff

Linker script and memory map

LOAD /Applications/ArmGNUToolchain/14.2.rel1/arm-none-eabi/bin/../lib/gcc/arm-none-eabi/14.2.1/thumb/v7-m/nofp/crti.o
LOAD /Applications/ArmGNUToolchain/14.2.rel1/arm-none-eabi/bin/../lib/gcc/arm-none-eabi/14.2.1/thumb/v7-m/nofp/crtbegin.o
LOAD /Applications/ArmGNUToolchain/14.2.rel1/arm-none-eabi/bin/../lib/gcc/arm-none-eabi/14.2.1/../../../../arm-none-eabi/lib/thumb/v7-m/nofp/crt0.o
LOAD CMakeFiles/biaozhunceshi.elf.dir/Core/Src/main.c.obj
LOAD CMakeFiles/biaozhunceshi.elf.dir/Core/Src/stm32f10x_it.c.obj
LOAD CMakeFiles/biaozhunceshi.elf.dir/Core/Src/syscalls.c.obj
LOAD CMakeFiles/biaozhunceshi.elf.dir/Core/Src/sysmem.c.obj
LOAD CMakeFiles/biaozhunceshi.elf.dir/Core/Src/system_stm32f10x.c.obj
LOAD CMakeFiles/biaozhunceshi.elf.dir/Core/Startup/startup_stm32f103c6tx.s.obj
LOAD CMakeFiles/biaozhunceshi.elf.dir/Drivers/CMSIS/core_cm3.c.obj
LOAD CMakeFiles/biaozhunceshi.elf.dir/Drivers/STM32F10x_StdPeriph_Driver/src/delay.c.obj
LOAD CMakeFiles/biaozhunceshi.elf.dir/Drivers/STM32F10x_StdPeriph_Driver/src/i2c.c.obj
LOAD CMakeFiles/biaozhunceshi.elf.dir/Drivers/STM32F10x_StdPeriph_Driver/src/key.c.obj
LOAD CMakeFiles/biaozhunceshi.elf.dir/Drivers/STM32F10x_StdPeriph_Driver/src/led.c.obj
LOAD CMakeFiles/biaozhunceshi.elf.dir/Drivers/STM32F10x_StdPeriph_Driver/src/misc.c.obj
LOAD CMakeFiles/biaozhunceshi.elf.dir/Drivers/STM32F10x_StdPeriph_Driver/src/oled.c.obj
LOAD CMakeFiles/biaozhunceshi.elf.dir/Drivers/STM32F10x_StdPeriph_Driver/src/si2c.c.obj
LOAD CMakeFiles/biaozhunceshi.elf.dir/Drivers/STM32F10x_StdPeriph_Driver/src/spi.c.obj
LOAD CMakeFiles/biaozhunceshi.elf.dir/Drivers/STM32F10x_StdPeriph_Driver/src/stm32f10x_adc.c.obj
LOAD CMakeFiles/biaozhunceshi.elf.dir/Drivers/STM32F10x_StdPeriph_Driver/src/stm32f10x_bkp.c.obj
LOAD CMakeFiles/biaozhunceshi.elf.dir/Drivers/STM32F10x_StdPeriph_Driver/src/stm32f10x_can.c.obj
LOAD CMakeFiles/biaozhunceshi.elf.dir/Drivers/STM32F10x_StdPeriph_Driver/src/stm32f10x_cec.c.obj
LOAD CMakeFiles/biaozhunceshi.elf.dir/Drivers/STM32F10x_StdPeriph_Driver/src/stm32f10x_crc.c.obj
LOAD CMakeFiles/biaozhunceshi.elf.dir/Drivers/STM32F10x_StdPeriph_Driver/src/stm32f10x_dac.c.obj
LOAD CMakeFiles/biaozhunceshi.elf.dir/Drivers/STM32F10x_StdPeriph_Driver/src/stm32f10x_dbgmcu.c.obj
LOAD CMakeFiles/biaozhunceshi.elf.dir/Drivers/STM32F10x_StdPeriph_Driver/src/stm32f10x_dma.c.obj
LOAD CMakeFiles/biaozhunceshi.elf.dir/Drivers/STM32F10x_StdPeriph_Driver/src/stm32f10x_exti.c.obj
LOAD CMakeFiles/biaozhunceshi.elf.dir/Drivers/STM32F10x_StdPeriph_Driver/src/stm32f10x_flash.c.obj
LOAD CMakeFiles/biaozhunceshi.elf.dir/Drivers/STM32F10x_StdPeriph_Driver/src/stm32f10x_fsmc.c.obj
LOAD CMakeFiles/biaozhunceshi.elf.dir/Drivers/STM32F10x_StdPeriph_Driver/src/stm32f10x_gpio.c.obj
LOAD CMakeFiles/biaozhunceshi.elf.dir/Drivers/STM32F10x_StdPeriph_Driver/src/stm32f10x_i2c.c.obj
LOAD CMakeFiles/biaozhunceshi.elf.dir/Drivers/STM32F10x_StdPeriph_Driver/src/stm32f10x_iwdg.c.obj
LOAD CMakeFiles/biaozhunceshi.elf.dir/Drivers/STM32F10x_StdPeriph_Driver/src/stm32f10x_pwr.c.obj
LOAD CMakeFiles/biaozhunceshi.elf.dir/Drivers/STM32F10x_StdPeriph_Driver/src/stm32f10x_rcc.c.obj
LOAD CMakeFiles/biaozhunceshi.elf.dir/Drivers/STM32F10x_StdPeriph_Driver/src/stm32f10x_rtc.c.obj
LOAD CMakeFiles/biaozhunceshi.elf.dir/Drivers/STM32F10x_StdPeriph_Driver/src/stm32f10x_sdio.c.obj
LOAD CMakeFiles/biaozhunceshi.elf.dir/Drivers/STM32F10x_StdPeriph_Driver/src/stm32f10x_spi.c.obj
LOAD CMakeFiles/biaozhunceshi.elf.dir/Drivers/STM32F10x_StdPeriph_Driver/src/stm32f10x_tim.c.obj
LOAD CMakeFiles/biaozhunceshi.elf.dir/Drivers/STM32F10x_StdPeriph_Driver/src/stm32f10x_usart.c.obj
LOAD CMakeFiles/biaozhunceshi.elf.dir/Drivers/STM32F10x_StdPeriph_Driver/src/stm32f10x_wwdg.c.obj
LOAD CMakeFiles/biaozhunceshi.elf.dir/Drivers/STM32F10x_StdPeriph_Driver/src/usart.c.obj
START GROUP
LOAD /Applications/ArmGNUToolchain/14.2.rel1/arm-none-eabi/bin/../lib/gcc/arm-none-eabi/14.2.1/thumb/v7-m/nofp/libgcc.a
LOAD /Applications/ArmGNUToolchain/14.2.rel1/arm-none-eabi/bin/../lib/gcc/arm-none-eabi/14.2.1/../../../../arm-none-eabi/lib/thumb/v7-m/nofp/libg.a
LOAD /Applications/ArmGNUToolchain/14.2.rel1/arm-none-eabi/bin/../lib/gcc/arm-none-eabi/14.2.1/../../../../arm-none-eabi/lib/thumb/v7-m/nofp/libc.a
END GROUP
START GROUP
LOAD /Applications/ArmGNUToolchain/14.2.rel1/arm-none-eabi/bin/../lib/gcc/arm-none-eabi/14.2.1/thumb/v7-m/nofp/libgcc.a
LOAD /Applications/ArmGNUToolchain/14.2.rel1/arm-none-eabi/bin/../lib/gcc/arm-none-eabi/14.2.1/../../../../arm-none-eabi/lib/thumb/v7-m/nofp/libc.a
LOAD /Applications/ArmGNUToolchain/14.2.rel1/arm-none-eabi/bin/../lib/gcc/arm-none-eabi/14.2.1/../../../../arm-none-eabi/lib/thumb/v7-m/nofp/libnosys.a
END GROUP
LOAD /Applications/ArmGNUToolchain/14.2.rel1/arm-none-eabi/bin/../lib/gcc/arm-none-eabi/14.2.1/thumb/v7-m/nofp/crtend.o
LOAD /Applications/ArmGNUToolchain/14.2.rel1/arm-none-eabi/bin/../lib/gcc/arm-none-eabi/14.2.1/thumb/v7-m/nofp/crtn.o
                0x20005000                        _estack = (ORIGIN (RAM) + LENGTH (RAM))
                0x00000200                        _Min_Heap_Size = 0x200
                0x00000400                        _Min_Stack_Size = 0x400

.isr_vector     0x08000000      0x10c
                0x08000000                        . = ALIGN (0x4)
 *(.isr_vector)
 .isr_vector    0x08000000      0x10c CMakeFiles/biaozhunceshi.elf.dir/Core/Startup/startup_stm32f103c6tx.s.obj
                0x08000000                g_pfnVectors
                0x0800010c                        . = ALIGN (0x4)

.text           0x0800010c      0x738
                0x0800010c                        . = ALIGN (0x4)
 *(.text)
 *(.text*)
 .text.deregister_tm_clones
                0x0800010c       0x1c /Applications/ArmGNUToolchain/14.2.rel1/arm-none-eabi/bin/../lib/gcc/arm-none-eabi/14.2.1/thumb/v7-m/nofp/crtbegin.o
 .text.register_tm_clones
                0x08000128       0x24 /Applications/ArmGNUToolchain/14.2.rel1/arm-none-eabi/bin/../lib/gcc/arm-none-eabi/14.2.1/thumb/v7-m/nofp/crtbegin.o
 .text.__do_global_dtors_aux
                0x0800014c       0x28 /Applications/ArmGNUToolchain/14.2.rel1/arm-none-eabi/bin/../lib/gcc/arm-none-eabi/14.2.1/thumb/v7-m/nofp/crtbegin.o
 .text.frame_dummy
                0x08000174       0x24 /Applications/ArmGNUToolchain/14.2.rel1/arm-none-eabi/bin/../lib/gcc/arm-none-eabi/14.2.1/thumb/v7-m/nofp/crtbegin.o
 .text.Hardware_Init
                0x08000198       0x10 CMakeFiles/biaozhunceshi.elf.dir/Core/Src/main.c.obj
                0x08000198                Hardware_Init
 .text.main     0x080001a8        0x8 CMakeFiles/biaozhunceshi.elf.dir/Core/Src/main.c.obj
                0x080001a8                main
 .text.NMI_Handler
                0x080001b0        0x2 CMakeFiles/biaozhunceshi.elf.dir/Core/Src/stm32f10x_it.c.obj
                0x080001b0                NMI_Handler
 .text.HardFault_Handler
                0x080001b2        0x2 CMakeFiles/biaozhunceshi.elf.dir/Core/Src/stm32f10x_it.c.obj
                0x080001b2                HardFault_Handler
 .text.MemManage_Handler
                0x080001b4        0x2 CMakeFiles/biaozhunceshi.elf.dir/Core/Src/stm32f10x_it.c.obj
                0x080001b4                MemManage_Handler
 .text.BusFault_Handler
                0x080001b6        0x2 CMakeFiles/biaozhunceshi.elf.dir/Core/Src/stm32f10x_it.c.obj
                0x080001b6                BusFault_Handler
 .text.UsageFault_Handler
                0x080001b8        0x2 CMakeFiles/biaozhunceshi.elf.dir/Core/Src/stm32f10x_it.c.obj
                0x080001b8                UsageFault_Handler
 .text.SVC_Handler
                0x080001ba        0x2 CMakeFiles/biaozhunceshi.elf.dir/Core/Src/stm32f10x_it.c.obj
                0x080001ba                SVC_Handler
 .text.DebugMon_Handler
                0x080001bc        0x2 CMakeFiles/biaozhunceshi.elf.dir/Core/Src/stm32f10x_it.c.obj
                0x080001bc                DebugMon_Handler
 .text.PendSV_Handler
                0x080001be        0x2 CMakeFiles/biaozhunceshi.elf.dir/Core/Src/stm32f10x_it.c.obj
                0x080001be                PendSV_Handler
 .text.SysTick_Handler
                0x080001c0        0x2 CMakeFiles/biaozhunceshi.elf.dir/Core/Src/stm32f10x_it.c.obj
                0x080001c0                SysTick_Handler
 *fill*         0x080001c2        0x2 
 .text.SetSysClockTo72
                0x080001c4       0xc4 CMakeFiles/biaozhunceshi.elf.dir/Core/Src/system_stm32f10x.c.obj
 .text.SetSysClock
                0x08000288        0x8 CMakeFiles/biaozhunceshi.elf.dir/Core/Src/system_stm32f10x.c.obj
 .text.SystemInit
                0x08000290       0x50 CMakeFiles/biaozhunceshi.elf.dir/Core/Src/system_stm32f10x.c.obj
                0x08000290                SystemInit
 .text.Reset_Handler
                0x080002e0       0x48 CMakeFiles/biaozhunceshi.elf.dir/Core/Startup/startup_stm32f103c6tx.s.obj
                0x080002e0                Reset_Handler
 .text.Default_Handler
                0x08000328        0x2 CMakeFiles/biaozhunceshi.elf.dir/Core/Startup/startup_stm32f103c6tx.s.obj
                0x08000328                USBWakeUp_IRQHandler
                0x08000328                EXTI2_IRQHandler
                0x08000328                TIM1_CC_IRQHandler
                0x08000328                PVD_IRQHandler
                0x08000328                EXTI3_IRQHandler
                0x08000328                EXTI0_IRQHandler
                0x08000328                ADC1_2_IRQHandler
                0x08000328                SPI1_IRQHandler
                0x08000328                TAMPER_IRQHandler
                0x08000328                DMA1_Channel4_IRQHandler
                0x08000328                RTC_IRQHandler
                0x08000328                DMA1_Channel7_IRQHandler
                0x08000328                CAN1_RX1_IRQHandler
                0x08000328                I2C1_EV_IRQHandler
                0x08000328                DMA1_Channel6_IRQHandler
                0x08000328                TIM3_IRQHandler
                0x08000328                RCC_IRQHandler
                0x08000328                TIM1_TRG_COM_IRQHandler
                0x08000328                DMA1_Channel1_IRQHandler
                0x08000328                Default_Handler
                0x08000328                EXTI15_10_IRQHandler
                0x08000328                EXTI9_5_IRQHandler
                0x08000328                DMA1_Channel5_IRQHandler
                0x08000328                EXTI4_IRQHandler
                0x08000328                USB_LP_CAN1_RX0_IRQHandler
                0x08000328                USB_HP_CAN1_TX_IRQHandler
                0x08000328                DMA1_Channel3_IRQHandler
                0x08000328                TIM1_UP_IRQHandler
                0x08000328                WWDG_IRQHandler
                0x08000328                TIM2_IRQHandler
                0x08000328                TIM1_BRK_IRQHandler
                0x08000328                USART2_IRQHandler
                0x08000328                DMA1_Channel2_IRQHandler
                0x08000328                CAN1_SCE_IRQHandler
                0x08000328                FLASH_IRQHandler
                0x08000328                I2C1_ER_IRQHandler
                0x08000328                RTC_Alarm_IRQHandler
 *fill*         0x0800032a        0x2 
 .text.Delay_Init
                0x0800032c       0x24 CMakeFiles/biaozhunceshi.elf.dir/Drivers/STM32F10x_StdPeriph_Driver/src/delay.c.obj
                0x0800032c                Delay_Init
 .text.DelayXms
                0x08000350       0x38 CMakeFiles/biaozhunceshi.elf.dir/Drivers/STM32F10x_StdPeriph_Driver/src/delay.c.obj
                0x08000350                DelayXms
 .text.Key_Init
                0x08000388       0x70 CMakeFiles/biaozhunceshi.elf.dir/Drivers/STM32F10x_StdPeriph_Driver/src/key.c.obj
                0x08000388                Key_Init
 .text.EXTI1_IRQHandler
                0x080003f8       0x34 CMakeFiles/biaozhunceshi.elf.dir/Drivers/STM32F10x_StdPeriph_Driver/src/key.c.obj
                0x080003f8                EXTI1_IRQHandler
 .text.Led_Set  0x0800042c       0x20 CMakeFiles/biaozhunceshi.elf.dir/Drivers/STM32F10x_StdPeriph_Driver/src/led.c.obj
                0x0800042c                Led_Set
 .text.Led_Init
                0x0800044c       0x38 CMakeFiles/biaozhunceshi.elf.dir/Drivers/STM32F10x_StdPeriph_Driver/src/led.c.obj
                0x0800044c                Led_Init
 .text.NVIC_Init
                0x08000484       0x60 CMakeFiles/biaozhunceshi.elf.dir/Drivers/STM32F10x_StdPeriph_Driver/src/misc.c.obj
                0x08000484                NVIC_Init
 .text.EXTI_Init
                0x080004e4       0x8c CMakeFiles/biaozhunceshi.elf.dir/Drivers/STM32F10x_StdPeriph_Driver/src/stm32f10x_exti.c.obj
                0x080004e4                EXTI_Init
 .text.EXTI_ClearITPendingBit
                0x08000570        0xc CMakeFiles/biaozhunceshi.elf.dir/Drivers/STM32F10x_StdPeriph_Driver/src/stm32f10x_exti.c.obj
                0x08000570                EXTI_ClearITPendingBit
 .text.GPIO_Init
                0x0800057c       0xb0 CMakeFiles/biaozhunceshi.elf.dir/Drivers/STM32F10x_StdPeriph_Driver/src/stm32f10x_gpio.c.obj
                0x0800057c                GPIO_Init
 .text.GPIO_ReadInputDataBit
                0x0800062c        0xe CMakeFiles/biaozhunceshi.elf.dir/Drivers/STM32F10x_StdPeriph_Driver/src/stm32f10x_gpio.c.obj
                0x0800062c                GPIO_ReadInputDataBit
 .text.GPIO_WriteBit
                0x0800063a        0xa CMakeFiles/biaozhunceshi.elf.dir/Drivers/STM32F10x_StdPeriph_Driver/src/stm32f10x_gpio.c.obj
                0x0800063a                GPIO_WriteBit
 .text.GPIO_EXTILineConfig
                0x08000644       0x38 CMakeFiles/biaozhunceshi.elf.dir/Drivers/STM32F10x_StdPeriph_Driver/src/stm32f10x_gpio.c.obj
                0x08000644                GPIO_EXTILineConfig
 .text.RCC_APB2PeriphClockCmd
                0x0800067c       0x1c CMakeFiles/biaozhunceshi.elf.dir/Drivers/STM32F10x_StdPeriph_Driver/src/stm32f10x_rcc.c.obj
                0x0800067c                RCC_APB2PeriphClockCmd
 .text.USART_ClearFlag
                0x08000698        0x8 CMakeFiles/biaozhunceshi.elf.dir/Drivers/STM32F10x_StdPeriph_Driver/src/stm32f10x_usart.c.obj
                0x08000698                USART_ClearFlag
 .text.USART_GetITStatus
                0x080006a0       0x4a CMakeFiles/biaozhunceshi.elf.dir/Drivers/STM32F10x_StdPeriph_Driver/src/stm32f10x_usart.c.obj
                0x080006a0                USART_GetITStatus
 *fill*         0x080006ea        0x2 
 .text.USART1_IRQHandler
                0x080006ec       0x20 CMakeFiles/biaozhunceshi.elf.dir/Drivers/STM32F10x_StdPeriph_Driver/src/usart.c.obj
                0x080006ec                USART1_IRQHandler
 .text.__libc_init_array
                0x0800070c       0x50 /Applications/ArmGNUToolchain/14.2.rel1/arm-none-eabi/bin/../lib/gcc/arm-none-eabi/14.2.1/../../../../arm-none-eabi/lib/thumb/v7-m/nofp/libg.a(libc_a-init.o)
                0x0800070c                __libc_init_array
 .text.__retarget_lock_acquire_recursive
                0x0800075c        0x4 /Applications/ArmGNUToolchain/14.2.rel1/arm-none-eabi/bin/../lib/gcc/arm-none-eabi/14.2.1/../../../../arm-none-eabi/lib/thumb/v7-m/nofp/libg.a(libc_a-lock.o)
                0x0800075c                __retarget_lock_acquire_recursive
 .text.__retarget_lock_release_recursive
                0x08000760        0x4 /Applications/ArmGNUToolchain/14.2.rel1/arm-none-eabi/bin/../lib/gcc/arm-none-eabi/14.2.1/../../../../arm-none-eabi/lib/thumb/v7-m/nofp/libg.a(libc_a-lock.o)
                0x08000760                __retarget_lock_release_recursive
 .text.startup.register_fini
                0x08000764       0x14 /Applications/ArmGNUToolchain/14.2.rel1/arm-none-eabi/bin/../lib/gcc/arm-none-eabi/14.2.1/../../../../arm-none-eabi/lib/thumb/v7-m/nofp/libg.a(libc_a-__call_atexit.o)
 .text.atexit   0x08000778        0xc /Applications/ArmGNUToolchain/14.2.rel1/arm-none-eabi/bin/../lib/gcc/arm-none-eabi/14.2.1/../../../../arm-none-eabi/lib/thumb/v7-m/nofp/libg.a(libc_a-atexit.o)
                0x08000778                atexit
 .text.__libc_fini_array
                0x08000784       0x28 /Applications/ArmGNUToolchain/14.2.rel1/arm-none-eabi/bin/../lib/gcc/arm-none-eabi/14.2.1/../../../../arm-none-eabi/lib/thumb/v7-m/nofp/libg.a(libc_a-fini.o)
                0x08000784                __libc_fini_array
 .text.__register_exitproc
                0x080007ac       0x80 /Applications/ArmGNUToolchain/14.2.rel1/arm-none-eabi/bin/../lib/gcc/arm-none-eabi/14.2.1/../../../../arm-none-eabi/lib/thumb/v7-m/nofp/libg.a(libc_a-__atexit.o)
                0x080007ac                __register_exitproc
 *(.glue_7)
 .glue_7        0x0800082c        0x0 linker stubs
 *(.glue_7t)
 .glue_7t       0x0800082c        0x0 linker stubs
 *(.eh_frame)
 .eh_frame      0x0800082c        0x0 /Applications/ArmGNUToolchain/14.2.rel1/arm-none-eabi/bin/../lib/gcc/arm-none-eabi/14.2.1/thumb/v7-m/nofp/crtbegin.o
 *(.init)
 .init          0x0800082c        0x4 /Applications/ArmGNUToolchain/14.2.rel1/arm-none-eabi/bin/../lib/gcc/arm-none-eabi/14.2.1/thumb/v7-m/nofp/crti.o
                0x0800082c                _init
 .init          0x08000830        0x8 /Applications/ArmGNUToolchain/14.2.rel1/arm-none-eabi/bin/../lib/gcc/arm-none-eabi/14.2.1/thumb/v7-m/nofp/crtn.o
 *(.fini)
 .fini          0x08000838        0x4 /Applications/ArmGNUToolchain/14.2.rel1/arm-none-eabi/bin/../lib/gcc/arm-none-eabi/14.2.1/thumb/v7-m/nofp/crti.o
                0x08000838                _fini
 .fini          0x0800083c        0x8 /Applications/ArmGNUToolchain/14.2.rel1/arm-none-eabi/bin/../lib/gcc/arm-none-eabi/14.2.1/thumb/v7-m/nofp/crtn.o
                0x08000844                        . = ALIGN (0x4)
                0x08000844                        _etext = .

.vfp11_veneer   0x08000844        0x0
 .vfp11_veneer  0x08000844        0x0 linker stubs

.v4_bx          0x08000844        0x0
 .v4_bx         0x08000844        0x0 linker stubs

.iplt           0x08000844        0x0
 .iplt          0x08000844        0x0 /Applications/ArmGNUToolchain/14.2.rel1/arm-none-eabi/bin/../lib/gcc/arm-none-eabi/14.2.1/thumb/v7-m/nofp/crtbegin.o

.rodata         0x08000844        0x0
                0x08000844                        . = ALIGN (0x4)
 *(.rodata)
 *(.rodata*)
                0x08000844                        . = ALIGN (0x4)

.ARM.extab      0x08000844        0x0
                0x08000844                        . = ALIGN (0x4)
 *(.ARM.extab* .gnu.linkonce.armextab.*)
                0x08000844                        . = ALIGN (0x4)

.ARM            0x08000844        0x0
                0x08000844                        . = ALIGN (0x4)
                0x08000844                        __exidx_start = .
 *(.ARM.exidx*)
                0x08000844                        __exidx_end = .
                0x08000844                        . = ALIGN (0x4)

.preinit_array  0x08000844        0x0
                0x08000844                        . = ALIGN (0x4)
                0x08000844                        PROVIDE (__preinit_array_start = .)
 *(.preinit_array*)
                0x08000844                        PROVIDE (__preinit_array_end = .)
                0x08000844                        . = ALIGN (0x4)

.init_array     0x08000844        0x8
                0x08000844                        . = ALIGN (0x4)
                0x08000844                        PROVIDE (__init_array_start = .)
 *(SORT_BY_NAME(.init_array.*))
 .init_array.00000
                0x08000844        0x4 /Applications/ArmGNUToolchain/14.2.rel1/arm-none-eabi/bin/../lib/gcc/arm-none-eabi/14.2.1/../../../../arm-none-eabi/lib/thumb/v7-m/nofp/libg.a(libc_a-__call_atexit.o)
 *(.init_array*)
 .init_array    0x08000848        0x4 /Applications/ArmGNUToolchain/14.2.rel1/arm-none-eabi/bin/../lib/gcc/arm-none-eabi/14.2.1/thumb/v7-m/nofp/crtbegin.o
                0x0800084c                        PROVIDE (__init_array_end = .)
                0x0800084c                        . = ALIGN (0x4)

.fini_array     0x0800084c        0x4
                0x0800084c                        . = ALIGN (0x4)
                0x0800084c                        PROVIDE (__fini_array_start = .)
 *(SORT_BY_NAME(.fini_array.*))
 *(.fini_array*)
 .fini_array    0x0800084c        0x4 /Applications/ArmGNUToolchain/14.2.rel1/arm-none-eabi/bin/../lib/gcc/arm-none-eabi/14.2.1/thumb/v7-m/nofp/crtbegin.o
                0x08000850                        PROVIDE (__fini_array_end = .)
                0x08000850                        . = ALIGN (0x4)
                0x08000850                        _sidata = LOADADDR (.data)

.rel.dyn        0x08000850        0x0
 .rel.iplt      0x08000850        0x0 /Applications/ArmGNUToolchain/14.2.rel1/arm-none-eabi/bin/../lib/gcc/arm-none-eabi/14.2.1/thumb/v7-m/nofp/crtbegin.o

.data           0x20000000        0x4 load address 0x08000850
                0x20000000                        . = ALIGN (0x4)
                0x20000000                        _sdata = .
 *(.data)
 *(.data*)
 .data.__atexit_recursive_mutex
                0x20000000        0x4 /Applications/ArmGNUToolchain/14.2.rel1/arm-none-eabi/bin/../lib/gcc/arm-none-eabi/14.2.1/../../../../arm-none-eabi/lib/thumb/v7-m/nofp/libg.a(libc_a-__call_atexit.o)
                0x20000000                __atexit_recursive_mutex
 *(.RamFunc)
 *(.RamFunc*)
                0x20000004                        . = ALIGN (0x4)
                0x20000004                        _edata = .

.tm_clone_table
                0x20000004        0x0 load address 0x08000854
 .tm_clone_table
                0x20000004        0x0 /Applications/ArmGNUToolchain/14.2.rel1/arm-none-eabi/bin/../lib/gcc/arm-none-eabi/14.2.1/thumb/v7-m/nofp/crtbegin.o
 .tm_clone_table
                0x20000004        0x0 /Applications/ArmGNUToolchain/14.2.rel1/arm-none-eabi/bin/../lib/gcc/arm-none-eabi/14.2.1/thumb/v7-m/nofp/crtend.o

.igot.plt       0x20000004        0x0 load address 0x08000854
 .igot.plt      0x20000004        0x0 /Applications/ArmGNUToolchain/14.2.rel1/arm-none-eabi/bin/../lib/gcc/arm-none-eabi/14.2.1/thumb/v7-m/nofp/crtbegin.o
                0x20000004                        . = ALIGN (0x4)

.bss            0x20000004      0x1bc load address 0x08000854
                0x20000004                        _sbss = .
                0x20000004                        __bss_start__ = _sbss
 *(.bss)
 *(.bss*)
 .bss.completed.1
                0x20000004        0x1 /Applications/ArmGNUToolchain/14.2.rel1/arm-none-eabi/bin/../lib/gcc/arm-none-eabi/14.2.1/thumb/v7-m/nofp/crtbegin.o
 *fill*         0x20000005        0x3 
 .bss.object.0  0x20000008       0x18 /Applications/ArmGNUToolchain/14.2.rel1/arm-none-eabi/bin/../lib/gcc/arm-none-eabi/14.2.1/thumb/v7-m/nofp/crtbegin.o
 .bss.MsCount   0x20000020        0x2 CMakeFiles/biaozhunceshi.elf.dir/Drivers/STM32F10x_StdPeriph_Driver/src/delay.c.obj
                0x20000020                MsCount
 .bss.UsCount   0x20000022        0x1 CMakeFiles/biaozhunceshi.elf.dir/Drivers/STM32F10x_StdPeriph_Driver/src/delay.c.obj
                0x20000022                UsCount
 *fill*         0x20000023        0x1 
 .bss.led_info  0x20000024        0x1 CMakeFiles/biaozhunceshi.elf.dir/Drivers/STM32F10x_StdPeriph_Driver/src/led.c.obj
                0x20000024                led_info
 *fill*         0x20000025        0x3 
 .bss.__lock___atexit_recursive_mutex
                0x20000028        0x1 /Applications/ArmGNUToolchain/14.2.rel1/arm-none-eabi/bin/../lib/gcc/arm-none-eabi/14.2.1/../../../../arm-none-eabi/lib/thumb/v7-m/nofp/libg.a(libc_a-lock.o)
                0x20000028                __lock___atexit_recursive_mutex
 *fill*         0x20000029        0x3 
 .bss.__atexit  0x2000002c        0x4 /Applications/ArmGNUToolchain/14.2.rel1/arm-none-eabi/bin/../lib/gcc/arm-none-eabi/14.2.1/../../../../arm-none-eabi/lib/thumb/v7-m/nofp/libg.a(libc_a-__call_atexit.o)
                0x2000002c                __atexit
 .bss.__atexit0
                0x20000030      0x190 /Applications/ArmGNUToolchain/14.2.rel1/arm-none-eabi/bin/../lib/gcc/arm-none-eabi/14.2.1/../../../../arm-none-eabi/lib/thumb/v7-m/nofp/libg.a(libc_a-__atexit.o)
                0x20000030                __atexit0
 *(COMMON)
                0x200001c0                        . = ALIGN (0x4)
                0x200001c0                        _ebss = .
                0x200001c0                        __bss_end__ = _ebss

._user_heap_stack
                0x200001c0      0x600 load address 0x08000854
                0x200001c0                        . = ALIGN (0x8)
                [!provide]                        PROVIDE (end = .)
                0x200001c0                        PROVIDE (_end = .)
                0x200003c0                        . = (. + _Min_Heap_Size)
 *fill*         0x200001c0      0x200 
                0x200007c0                        . = (. + _Min_Stack_Size)
 *fill*         0x200003c0      0x400 
                0x200007c0                        . = ALIGN (0x8)

/DISCARD/
 libc.a(*)
 libm.a(*)
 libgcc.a(*)

.ARM.attributes
                0x00000000       0x29
 *(.ARM.attributes)
 .ARM.attributes
                0x00000000       0x1d /Applications/ArmGNUToolchain/14.2.rel1/arm-none-eabi/bin/../lib/gcc/arm-none-eabi/14.2.1/thumb/v7-m/nofp/crti.o
 .ARM.attributes
                0x0000001d       0x2d /Applications/ArmGNUToolchain/14.2.rel1/arm-none-eabi/bin/../lib/gcc/arm-none-eabi/14.2.1/thumb/v7-m/nofp/crtbegin.o
 .ARM.attributes
                0x0000004a       0x2d CMakeFiles/biaozhunceshi.elf.dir/Core/Src/main.c.obj
 .ARM.attributes
                0x00000077       0x2d CMakeFiles/biaozhunceshi.elf.dir/Core/Src/stm32f10x_it.c.obj
 .ARM.attributes
                0x000000a4       0x2d CMakeFiles/biaozhunceshi.elf.dir/Core/Src/system_stm32f10x.c.obj
 .ARM.attributes
                0x000000d1       0x21 CMakeFiles/biaozhunceshi.elf.dir/Core/Startup/startup_stm32f103c6tx.s.obj
 .ARM.attributes
                0x000000f2       0x2d CMakeFiles/biaozhunceshi.elf.dir/Drivers/STM32F10x_StdPeriph_Driver/src/delay.c.obj
 .ARM.attributes
                0x0000011f       0x2d CMakeFiles/biaozhunceshi.elf.dir/Drivers/STM32F10x_StdPeriph_Driver/src/key.c.obj
 .ARM.attributes
                0x0000014c       0x2d CMakeFiles/biaozhunceshi.elf.dir/Drivers/STM32F10x_StdPeriph_Driver/src/led.c.obj
 .ARM.attributes
                0x00000179       0x2d CMakeFiles/biaozhunceshi.elf.dir/Drivers/STM32F10x_StdPeriph_Driver/src/misc.c.obj
 .ARM.attributes
                0x000001a6       0x2d CMakeFiles/biaozhunceshi.elf.dir/Drivers/STM32F10x_StdPeriph_Driver/src/stm32f10x_exti.c.obj
 .ARM.attributes
                0x000001d3       0x2d CMakeFiles/biaozhunceshi.elf.dir/Drivers/STM32F10x_StdPeriph_Driver/src/stm32f10x_gpio.c.obj
 .ARM.attributes
                0x00000200       0x2d CMakeFiles/biaozhunceshi.elf.dir/Drivers/STM32F10x_StdPeriph_Driver/src/stm32f10x_rcc.c.obj
 .ARM.attributes
                0x0000022d       0x2d CMakeFiles/biaozhunceshi.elf.dir/Drivers/STM32F10x_StdPeriph_Driver/src/stm32f10x_usart.c.obj
 .ARM.attributes
                0x0000025a       0x2d CMakeFiles/biaozhunceshi.elf.dir/Drivers/STM32F10x_StdPeriph_Driver/src/usart.c.obj
 .ARM.attributes
                0x00000287       0x2d /Applications/ArmGNUToolchain/14.2.rel1/arm-none-eabi/bin/../lib/gcc/arm-none-eabi/14.2.1/../../../../arm-none-eabi/lib/thumb/v7-m/nofp/libg.a(libc_a-init.o)
 .ARM.attributes
                0x000002b4       0x2d /Applications/ArmGNUToolchain/14.2.rel1/arm-none-eabi/bin/../lib/gcc/arm-none-eabi/14.2.1/../../../../arm-none-eabi/lib/thumb/v7-m/nofp/libg.a(libc_a-lock.o)
 .ARM.attributes
                0x000002e1       0x2d /Applications/ArmGNUToolchain/14.2.rel1/arm-none-eabi/bin/../lib/gcc/arm-none-eabi/14.2.1/../../../../arm-none-eabi/lib/thumb/v7-m/nofp/libg.a(libc_a-__call_atexit.o)
 .ARM.attributes
                0x0000030e       0x2d /Applications/ArmGNUToolchain/14.2.rel1/arm-none-eabi/bin/../lib/gcc/arm-none-eabi/14.2.1/../../../../arm-none-eabi/lib/thumb/v7-m/nofp/libg.a(libc_a-atexit.o)
 .ARM.attributes
                0x0000033b       0x2d /Applications/ArmGNUToolchain/14.2.rel1/arm-none-eabi/bin/../lib/gcc/arm-none-eabi/14.2.1/../../../../arm-none-eabi/lib/thumb/v7-m/nofp/libg.a(libc_a-fini.o)
 .ARM.attributes
                0x00000368       0x2d /Applications/ArmGNUToolchain/14.2.rel1/arm-none-eabi/bin/../lib/gcc/arm-none-eabi/14.2.1/../../../../arm-none-eabi/lib/thumb/v7-m/nofp/libg.a(libc_a-__atexit.o)
 .ARM.attributes
                0x00000395       0x2d /Applications/ArmGNUToolchain/14.2.rel1/arm-none-eabi/bin/../lib/gcc/arm-none-eabi/14.2.1/thumb/v7-m/nofp/crtend.o
 .ARM.attributes
                0x000003c2       0x1d /Applications/ArmGNUToolchain/14.2.rel1/arm-none-eabi/bin/../lib/gcc/arm-none-eabi/14.2.1/thumb/v7-m/nofp/crtn.o
OUTPUT(biaozhunceshi.elf elf32-littlearm)
LOAD linker stubs
LOAD /Applications/ArmGNUToolchain/14.2.rel1/arm-none-eabi/bin/../lib/gcc/arm-none-eabi/14.2.1/../../../../arm-none-eabi/lib/thumb/v7-m/nofp/libc.a
LOAD /Applications/ArmGNUToolchain/14.2.rel1/arm-none-eabi/bin/../lib/gcc/arm-none-eabi/14.2.1/../../../../arm-none-eabi/lib/thumb/v7-m/nofp/libm.a
LOAD /Applications/ArmGNUToolchain/14.2.rel1/arm-none-eabi/bin/../lib/gcc/arm-none-eabi/14.2.1/thumb/v7-m/nofp/libgcc.a

.debug_info     0x00000000     0x421d
 .debug_info    0x00000000       0xe9 CMakeFiles/biaozhunceshi.elf.dir/Core/Src/main.c.obj
 .debug_info    0x000000e9       0xfd CMakeFiles/biaozhunceshi.elf.dir/Core/Src/stm32f10x_it.c.obj
 .debug_info    0x000001e6      0x439 CMakeFiles/biaozhunceshi.elf.dir/Core/Src/system_stm32f10x.c.obj
 .debug_info    0x0000061f       0x30 CMakeFiles/biaozhunceshi.elf.dir/Core/Startup/startup_stm32f103c6tx.s.obj
 .debug_info    0x0000064f      0x1ec CMakeFiles/biaozhunceshi.elf.dir/Drivers/STM32F10x_StdPeriph_Driver/src/delay.c.obj
 .debug_info    0x0000083b      0x6b9 CMakeFiles/biaozhunceshi.elf.dir/Drivers/STM32F10x_StdPeriph_Driver/src/key.c.obj
 .debug_info    0x00000ef4      0x34c CMakeFiles/biaozhunceshi.elf.dir/Drivers/STM32F10x_StdPeriph_Driver/src/led.c.obj
 .debug_info    0x00001240      0x4f4 CMakeFiles/biaozhunceshi.elf.dir/Drivers/STM32F10x_StdPeriph_Driver/src/misc.c.obj
 .debug_info    0x00001734      0x337 CMakeFiles/biaozhunceshi.elf.dir/Drivers/STM32F10x_StdPeriph_Driver/src/stm32f10x_exti.c.obj
 .debug_info    0x00001a6b      0x8be CMakeFiles/biaozhunceshi.elf.dir/Drivers/STM32F10x_StdPeriph_Driver/src/stm32f10x_gpio.c.obj
 .debug_info    0x00002329      0x8bc CMakeFiles/biaozhunceshi.elf.dir/Drivers/STM32F10x_StdPeriph_Driver/src/stm32f10x_rcc.c.obj
 .debug_info    0x00002be5      0xb82 CMakeFiles/biaozhunceshi.elf.dir/Drivers/STM32F10x_StdPeriph_Driver/src/stm32f10x_usart.c.obj
 .debug_info    0x00003767      0xab6 CMakeFiles/biaozhunceshi.elf.dir/Drivers/STM32F10x_StdPeriph_Driver/src/usart.c.obj

.debug_abbrev   0x00000000     0x1339
 .debug_abbrev  0x00000000       0x7d CMakeFiles/biaozhunceshi.elf.dir/Core/Src/main.c.obj
 .debug_abbrev  0x0000007d       0x45 CMakeFiles/biaozhunceshi.elf.dir/Core/Src/stm32f10x_it.c.obj
 .debug_abbrev  0x000000c2      0x1c7 CMakeFiles/biaozhunceshi.elf.dir/Core/Src/system_stm32f10x.c.obj
 .debug_abbrev  0x00000289       0x24 CMakeFiles/biaozhunceshi.elf.dir/Core/Startup/startup_stm32f103c6tx.s.obj
 .debug_abbrev  0x000002ad      0x12c CMakeFiles/biaozhunceshi.elf.dir/Drivers/STM32F10x_StdPeriph_Driver/src/delay.c.obj
 .debug_abbrev  0x000003d9      0x1ca CMakeFiles/biaozhunceshi.elf.dir/Drivers/STM32F10x_StdPeriph_Driver/src/key.c.obj
 .debug_abbrev  0x000005a3      0x198 CMakeFiles/biaozhunceshi.elf.dir/Drivers/STM32F10x_StdPeriph_Driver/src/led.c.obj
 .debug_abbrev  0x0000073b      0x1a4 CMakeFiles/biaozhunceshi.elf.dir/Drivers/STM32F10x_StdPeriph_Driver/src/misc.c.obj
 .debug_abbrev  0x000008df      0x193 CMakeFiles/biaozhunceshi.elf.dir/Drivers/STM32F10x_StdPeriph_Driver/src/stm32f10x_exti.c.obj
 .debug_abbrev  0x00000a72      0x250 CMakeFiles/biaozhunceshi.elf.dir/Drivers/STM32F10x_StdPeriph_Driver/src/stm32f10x_gpio.c.obj
 .debug_abbrev  0x00000cc2      0x20d CMakeFiles/biaozhunceshi.elf.dir/Drivers/STM32F10x_StdPeriph_Driver/src/stm32f10x_rcc.c.obj
 .debug_abbrev  0x00000ecf      0x209 CMakeFiles/biaozhunceshi.elf.dir/Drivers/STM32F10x_StdPeriph_Driver/src/stm32f10x_usart.c.obj
 .debug_abbrev  0x000010d8      0x261 CMakeFiles/biaozhunceshi.elf.dir/Drivers/STM32F10x_StdPeriph_Driver/src/usart.c.obj

.debug_aranges  0x00000000      0x508
 .debug_aranges
                0x00000000       0x28 CMakeFiles/biaozhunceshi.elf.dir/Core/Src/main.c.obj
 .debug_aranges
                0x00000028       0x60 CMakeFiles/biaozhunceshi.elf.dir/Core/Src/stm32f10x_it.c.obj
 .debug_aranges
                0x00000088       0x38 CMakeFiles/biaozhunceshi.elf.dir/Core/Src/system_stm32f10x.c.obj
 .debug_aranges
                0x000000c0       0x28 CMakeFiles/biaozhunceshi.elf.dir/Core/Startup/startup_stm32f103c6tx.s.obj
 .debug_aranges
                0x000000e8       0x38 CMakeFiles/biaozhunceshi.elf.dir/Drivers/STM32F10x_StdPeriph_Driver/src/delay.c.obj
 .debug_aranges
                0x00000120       0x28 CMakeFiles/biaozhunceshi.elf.dir/Drivers/STM32F10x_StdPeriph_Driver/src/key.c.obj
 .debug_aranges
                0x00000148       0x28 CMakeFiles/biaozhunceshi.elf.dir/Drivers/STM32F10x_StdPeriph_Driver/src/led.c.obj
 .debug_aranges
                0x00000170       0x40 CMakeFiles/biaozhunceshi.elf.dir/Drivers/STM32F10x_StdPeriph_Driver/src/misc.c.obj
 .debug_aranges
                0x000001b0       0x58 CMakeFiles/biaozhunceshi.elf.dir/Drivers/STM32F10x_StdPeriph_Driver/src/stm32f10x_exti.c.obj
 .debug_aranges
                0x00000208       0xa8 CMakeFiles/biaozhunceshi.elf.dir/Drivers/STM32F10x_StdPeriph_Driver/src/stm32f10x_gpio.c.obj
 .debug_aranges
                0x000002b0      0x118 CMakeFiles/biaozhunceshi.elf.dir/Drivers/STM32F10x_StdPeriph_Driver/src/stm32f10x_rcc.c.obj
 .debug_aranges
                0x000003c8      0x100 CMakeFiles/biaozhunceshi.elf.dir/Drivers/STM32F10x_StdPeriph_Driver/src/stm32f10x_usart.c.obj
 .debug_aranges
                0x000004c8       0x40 CMakeFiles/biaozhunceshi.elf.dir/Drivers/STM32F10x_StdPeriph_Driver/src/usart.c.obj

.debug_rnglists
                0x00000000      0x38f
 .debug_rnglists
                0x00000000       0x19 CMakeFiles/biaozhunceshi.elf.dir/Core/Src/main.c.obj
 .debug_rnglists
                0x00000019       0x43 CMakeFiles/biaozhunceshi.elf.dir/Core/Src/stm32f10x_it.c.obj
 .debug_rnglists
                0x0000005c       0x27 CMakeFiles/biaozhunceshi.elf.dir/Core/Src/system_stm32f10x.c.obj
 .debug_rnglists
                0x00000083       0x19 CMakeFiles/biaozhunceshi.elf.dir/Core/Startup/startup_stm32f103c6tx.s.obj
 .debug_rnglists
                0x0000009c       0x25 CMakeFiles/biaozhunceshi.elf.dir/Drivers/STM32F10x_StdPeriph_Driver/src/delay.c.obj
 .debug_rnglists
                0x000000c1       0x19 CMakeFiles/biaozhunceshi.elf.dir/Drivers/STM32F10x_StdPeriph_Driver/src/key.c.obj
 .debug_rnglists
                0x000000da       0x19 CMakeFiles/biaozhunceshi.elf.dir/Drivers/STM32F10x_StdPeriph_Driver/src/led.c.obj
 .debug_rnglists
                0x000000f3       0x2b CMakeFiles/biaozhunceshi.elf.dir/Drivers/STM32F10x_StdPeriph_Driver/src/misc.c.obj
 .debug_rnglists
                0x0000011e       0x3e CMakeFiles/biaozhunceshi.elf.dir/Drivers/STM32F10x_StdPeriph_Driver/src/stm32f10x_exti.c.obj
 .debug_rnglists
                0x0000015c       0x7b CMakeFiles/biaozhunceshi.elf.dir/Drivers/STM32F10x_StdPeriph_Driver/src/stm32f10x_gpio.c.obj
 .debug_rnglists
                0x000001d7       0xce CMakeFiles/biaozhunceshi.elf.dir/Drivers/STM32F10x_StdPeriph_Driver/src/stm32f10x_rcc.c.obj
 .debug_rnglists
                0x000002a5       0xbd CMakeFiles/biaozhunceshi.elf.dir/Drivers/STM32F10x_StdPeriph_Driver/src/stm32f10x_usart.c.obj
 .debug_rnglists
                0x00000362       0x2d CMakeFiles/biaozhunceshi.elf.dir/Drivers/STM32F10x_StdPeriph_Driver/src/usart.c.obj

.debug_line     0x00000000     0x3685
 .debug_line    0x00000000      0x116 CMakeFiles/biaozhunceshi.elf.dir/Core/Src/main.c.obj
 .debug_line    0x00000116      0x130 CMakeFiles/biaozhunceshi.elf.dir/Core/Src/stm32f10x_it.c.obj
 .debug_line    0x00000246      0x470 CMakeFiles/biaozhunceshi.elf.dir/Core/Src/system_stm32f10x.c.obj
 .debug_line    0x000006b6       0x78 CMakeFiles/biaozhunceshi.elf.dir/Core/Startup/startup_stm32f103c6tx.s.obj
 .debug_line    0x0000072e      0x2d7 CMakeFiles/biaozhunceshi.elf.dir/Drivers/STM32F10x_StdPeriph_Driver/src/delay.c.obj
 .debug_line    0x00000a05      0x305 CMakeFiles/biaozhunceshi.elf.dir/Drivers/STM32F10x_StdPeriph_Driver/src/key.c.obj
 .debug_line    0x00000d0a      0x27c CMakeFiles/biaozhunceshi.elf.dir/Drivers/STM32F10x_StdPeriph_Driver/src/led.c.obj
 .debug_line    0x00000f86      0x395 CMakeFiles/biaozhunceshi.elf.dir/Drivers/STM32F10x_StdPeriph_Driver/src/misc.c.obj
 .debug_line    0x0000131b      0x418 CMakeFiles/biaozhunceshi.elf.dir/Drivers/STM32F10x_StdPeriph_Driver/src/stm32f10x_exti.c.obj
 .debug_line    0x00001733      0x74b CMakeFiles/biaozhunceshi.elf.dir/Drivers/STM32F10x_StdPeriph_Driver/src/stm32f10x_gpio.c.obj
 .debug_line    0x00001e7e      0x934 CMakeFiles/biaozhunceshi.elf.dir/Drivers/STM32F10x_StdPeriph_Driver/src/stm32f10x_rcc.c.obj
 .debug_line    0x000027b2      0x9a0 CMakeFiles/biaozhunceshi.elf.dir/Drivers/STM32F10x_StdPeriph_Driver/src/stm32f10x_usart.c.obj
 .debug_line    0x00003152      0x533 CMakeFiles/biaozhunceshi.elf.dir/Drivers/STM32F10x_StdPeriph_Driver/src/usart.c.obj

.debug_str      0x00000000     0x1bdd
 .debug_str     0x00000000     0x1bdd CMakeFiles/biaozhunceshi.elf.dir/Core/Src/main.c.obj
                                0x215 (size before relaxing)
 .debug_str     0x00001bdd      0x266 CMakeFiles/biaozhunceshi.elf.dir/Core/Src/stm32f10x_it.c.obj
 .debug_str     0x00001bdd      0x356 CMakeFiles/biaozhunceshi.elf.dir/Core/Src/system_stm32f10x.c.obj
 .debug_str     0x00001bdd       0xc1 CMakeFiles/biaozhunceshi.elf.dir/Core/Startup/startup_stm32f103c6tx.s.obj
 .debug_str     0x00001bdd      0x26b CMakeFiles/biaozhunceshi.elf.dir/Drivers/STM32F10x_StdPeriph_Driver/src/delay.c.obj
 .debug_str     0x00001bdd      0x941 CMakeFiles/biaozhunceshi.elf.dir/Drivers/STM32F10x_StdPeriph_Driver/src/key.c.obj
 .debug_str     0x00001bdd      0x3e5 CMakeFiles/biaozhunceshi.elf.dir/Drivers/STM32F10x_StdPeriph_Driver/src/led.c.obj
 .debug_str     0x00001bdd      0x44c CMakeFiles/biaozhunceshi.elf.dir/Drivers/STM32F10x_StdPeriph_Driver/src/misc.c.obj
 .debug_str     0x00001bdd      0x3dd CMakeFiles/biaozhunceshi.elf.dir/Drivers/STM32F10x_StdPeriph_Driver/src/stm32f10x_exti.c.obj
 .debug_str     0x00001bdd      0x5c4 CMakeFiles/biaozhunceshi.elf.dir/Drivers/STM32F10x_StdPeriph_Driver/src/stm32f10x_gpio.c.obj
 .debug_str     0x00001bdd      0x6ae CMakeFiles/biaozhunceshi.elf.dir/Drivers/STM32F10x_StdPeriph_Driver/src/stm32f10x_rcc.c.obj
 .debug_str     0x00001bdd      0x764 CMakeFiles/biaozhunceshi.elf.dir/Drivers/STM32F10x_StdPeriph_Driver/src/stm32f10x_usart.c.obj
 .debug_str     0x00001bdd      0x9f2 CMakeFiles/biaozhunceshi.elf.dir/Drivers/STM32F10x_StdPeriph_Driver/src/usart.c.obj

.comment        0x00000000       0x45
 .comment       0x00000000       0x45 CMakeFiles/biaozhunceshi.elf.dir/Core/Src/main.c.obj
                                 0x46 (size before relaxing)
 .comment       0x00000045       0x46 CMakeFiles/biaozhunceshi.elf.dir/Core/Src/stm32f10x_it.c.obj
 .comment       0x00000045       0x46 CMakeFiles/biaozhunceshi.elf.dir/Core/Src/system_stm32f10x.c.obj
 .comment       0x00000045       0x46 CMakeFiles/biaozhunceshi.elf.dir/Drivers/STM32F10x_StdPeriph_Driver/src/delay.c.obj
 .comment       0x00000045       0x46 CMakeFiles/biaozhunceshi.elf.dir/Drivers/STM32F10x_StdPeriph_Driver/src/key.c.obj
 .comment       0x00000045       0x46 CMakeFiles/biaozhunceshi.elf.dir/Drivers/STM32F10x_StdPeriph_Driver/src/led.c.obj
 .comment       0x00000045       0x46 CMakeFiles/biaozhunceshi.elf.dir/Drivers/STM32F10x_StdPeriph_Driver/src/misc.c.obj
 .comment       0x00000045       0x46 CMakeFiles/biaozhunceshi.elf.dir/Drivers/STM32F10x_StdPeriph_Driver/src/stm32f10x_exti.c.obj
 .comment       0x00000045       0x46 CMakeFiles/biaozhunceshi.elf.dir/Drivers/STM32F10x_StdPeriph_Driver/src/stm32f10x_gpio.c.obj
 .comment       0x00000045       0x46 CMakeFiles/biaozhunceshi.elf.dir/Drivers/STM32F10x_StdPeriph_Driver/src/stm32f10x_rcc.c.obj
 .comment       0x00000045       0x46 CMakeFiles/biaozhunceshi.elf.dir/Drivers/STM32F10x_StdPeriph_Driver/src/stm32f10x_usart.c.obj
 .comment       0x00000045       0x46 CMakeFiles/biaozhunceshi.elf.dir/Drivers/STM32F10x_StdPeriph_Driver/src/usart.c.obj

.debug_frame    0x00000000      0xb54
 .debug_frame   0x00000000       0x40 CMakeFiles/biaozhunceshi.elf.dir/Core/Src/main.c.obj
 .debug_frame   0x00000040       0xa0 CMakeFiles/biaozhunceshi.elf.dir/Core/Src/stm32f10x_it.c.obj
 .debug_frame   0x000000e0       0x6c CMakeFiles/biaozhunceshi.elf.dir/Core/Src/system_stm32f10x.c.obj
 .debug_frame   0x0000014c       0x5c CMakeFiles/biaozhunceshi.elf.dir/Drivers/STM32F10x_StdPeriph_Driver/src/delay.c.obj
 .debug_frame   0x000001a8       0x48 CMakeFiles/biaozhunceshi.elf.dir/Drivers/STM32F10x_StdPeriph_Driver/src/key.c.obj
 .debug_frame   0x000001f0       0x44 CMakeFiles/biaozhunceshi.elf.dir/Drivers/STM32F10x_StdPeriph_Driver/src/led.c.obj
 .debug_frame   0x00000234       0x60 CMakeFiles/biaozhunceshi.elf.dir/Drivers/STM32F10x_StdPeriph_Driver/src/misc.c.obj
 .debug_frame   0x00000294       0xa0 CMakeFiles/biaozhunceshi.elf.dir/Drivers/STM32F10x_StdPeriph_Driver/src/stm32f10x_exti.c.obj
 .debug_frame   0x00000334      0x168 CMakeFiles/biaozhunceshi.elf.dir/Drivers/STM32F10x_StdPeriph_Driver/src/stm32f10x_gpio.c.obj
 .debug_frame   0x0000049c      0x228 CMakeFiles/biaozhunceshi.elf.dir/Drivers/STM32F10x_StdPeriph_Driver/src/stm32f10x_rcc.c.obj
 .debug_frame   0x000006c4      0x204 CMakeFiles/biaozhunceshi.elf.dir/Drivers/STM32F10x_StdPeriph_Driver/src/stm32f10x_usart.c.obj
 .debug_frame   0x000008c8       0xcc CMakeFiles/biaozhunceshi.elf.dir/Drivers/STM32F10x_StdPeriph_Driver/src/usart.c.obj
 .debug_frame   0x00000994       0x2c /Applications/ArmGNUToolchain/14.2.rel1/arm-none-eabi/bin/../lib/gcc/arm-none-eabi/14.2.1/../../../../arm-none-eabi/lib/thumb/v7-m/nofp/libg.a(libc_a-init.o)
 .debug_frame   0x000009c0       0xb0 /Applications/ArmGNUToolchain/14.2.rel1/arm-none-eabi/bin/../lib/gcc/arm-none-eabi/14.2.1/../../../../arm-none-eabi/lib/thumb/v7-m/nofp/libg.a(libc_a-lock.o)
 .debug_frame   0x00000a70       0x5c /Applications/ArmGNUToolchain/14.2.rel1/arm-none-eabi/bin/../lib/gcc/arm-none-eabi/14.2.1/../../../../arm-none-eabi/lib/thumb/v7-m/nofp/libg.a(libc_a-__call_atexit.o)
 .debug_frame   0x00000acc       0x20 /Applications/ArmGNUToolchain/14.2.rel1/arm-none-eabi/bin/../lib/gcc/arm-none-eabi/14.2.1/../../../../arm-none-eabi/lib/thumb/v7-m/nofp/libg.a(libc_a-atexit.o)
 .debug_frame   0x00000aec       0x34 /Applications/ArmGNUToolchain/14.2.rel1/arm-none-eabi/bin/../lib/gcc/arm-none-eabi/14.2.1/../../../../arm-none-eabi/lib/thumb/v7-m/nofp/libg.a(libc_a-fini.o)
 .debug_frame   0x00000b20       0x34 /Applications/ArmGNUToolchain/14.2.rel1/arm-none-eabi/bin/../lib/gcc/arm-none-eabi/14.2.1/../../../../arm-none-eabi/lib/thumb/v7-m/nofp/libg.a(libc_a-__atexit.o)

.debug_loclists
                0x00000000     0x1325
 .debug_loclists
                0x00000000       0xb7 CMakeFiles/biaozhunceshi.elf.dir/Core/Src/system_stm32f10x.c.obj
 .debug_loclists
                0x000000b7       0xa8 CMakeFiles/biaozhunceshi.elf.dir/Drivers/STM32F10x_StdPeriph_Driver/src/delay.c.obj
 .debug_loclists
                0x0000015f       0x37 CMakeFiles/biaozhunceshi.elf.dir/Drivers/STM32F10x_StdPeriph_Driver/src/led.c.obj
 .debug_loclists
                0x00000196      0x123 CMakeFiles/biaozhunceshi.elf.dir/Drivers/STM32F10x_StdPeriph_Driver/src/misc.c.obj
 .debug_loclists
                0x000002b9      0x112 CMakeFiles/biaozhunceshi.elf.dir/Drivers/STM32F10x_StdPeriph_Driver/src/stm32f10x_exti.c.obj
 .debug_loclists
                0x000003cb      0x4d7 CMakeFiles/biaozhunceshi.elf.dir/Drivers/STM32F10x_StdPeriph_Driver/src/stm32f10x_gpio.c.obj
 .debug_loclists
                0x000008a2      0x33c CMakeFiles/biaozhunceshi.elf.dir/Drivers/STM32F10x_StdPeriph_Driver/src/stm32f10x_rcc.c.obj
 .debug_loclists
                0x00000bde      0x62d CMakeFiles/biaozhunceshi.elf.dir/Drivers/STM32F10x_StdPeriph_Driver/src/stm32f10x_usart.c.obj
 .debug_loclists
                0x0000120b      0x11a CMakeFiles/biaozhunceshi.elf.dir/Drivers/STM32F10x_StdPeriph_Driver/src/usart.c.obj

.debug_line_str
                0x00000000       0xa5
 .debug_line_str
                0x00000000       0xa5 CMakeFiles/biaozhunceshi.elf.dir/Core/Startup/startup_stm32f103c6tx.s.obj
