Archive member included to satisfy reference by file (symbol)

/Applications/ArmGNUToolchain/14.2.rel1/arm-none-eabi/bin/../lib/gcc/arm-none-eabi/14.2.1/../../../../arm-none-eabi/lib/thumb/v7-m/nofp/libg.a(libc_a-exit.o)
                              /Applications/ArmGNUToolchain/14.2.rel1/arm-none-eabi/bin/../lib/gcc/arm-none-eabi/14.2.1/../../../../arm-none-eabi/lib/thumb/v7-m/nofp/crt0.o (exit)
/Applications/ArmGNUToolchain/14.2.rel1/arm-none-eabi/bin/../lib/gcc/arm-none-eabi/14.2.1/../../../../arm-none-eabi/lib/thumb/v7-m/nofp/libg.a(libc_a-findfp.o)
                              /Applications/ArmGNUToolchain/14.2.rel1/arm-none-eabi/bin/../lib/gcc/arm-none-eabi/14.2.1/../../../../arm-none-eabi/lib/thumb/v7-m/nofp/libg.a(libc_a-exit.o) (__stdio_exit_handler)
/Applications/ArmGNUToolchain/14.2.rel1/arm-none-eabi/bin/../lib/gcc/arm-none-eabi/14.2.1/../../../../arm-none-eabi/lib/thumb/v7-m/nofp/libg.a(libc_a-memset.o)
                              /Applications/ArmGNUToolchain/14.2.rel1/arm-none-eabi/bin/../lib/gcc/arm-none-eabi/14.2.1/../../../../arm-none-eabi/lib/thumb/v7-m/nofp/crt0.o (memset)
/Applications/ArmGNUToolchain/14.2.rel1/arm-none-eabi/bin/../lib/gcc/arm-none-eabi/14.2.1/../../../../arm-none-eabi/lib/thumb/v7-m/nofp/libg.a(libc_a-impure.o)
                              /Applications/ArmGNUToolchain/14.2.rel1/arm-none-eabi/bin/../lib/gcc/arm-none-eabi/14.2.1/../../../../arm-none-eabi/lib/thumb/v7-m/nofp/libg.a(libc_a-findfp.o) (_impure_data)
/Applications/ArmGNUToolchain/14.2.rel1/arm-none-eabi/bin/../lib/gcc/arm-none-eabi/14.2.1/../../../../arm-none-eabi/lib/thumb/v7-m/nofp/libg.a(libc_a-errno.o)
                              CMakeFiles/biaozhunceshi.elf.dir/Core/Src/syscalls.c.obj (__errno)
/Applications/ArmGNUToolchain/14.2.rel1/arm-none-eabi/bin/../lib/gcc/arm-none-eabi/14.2.1/../../../../arm-none-eabi/lib/thumb/v7-m/nofp/libg.a(libc_a-init.o)
                              /Applications/ArmGNUToolchain/14.2.rel1/arm-none-eabi/bin/../lib/gcc/arm-none-eabi/14.2.1/../../../../arm-none-eabi/lib/thumb/v7-m/nofp/crt0.o (__libc_init_array)
/Applications/ArmGNUToolchain/14.2.rel1/arm-none-eabi/bin/../lib/gcc/arm-none-eabi/14.2.1/../../../../arm-none-eabi/lib/thumb/v7-m/nofp/libg.a(libc_a-lock.o)
                              /Applications/ArmGNUToolchain/14.2.rel1/arm-none-eabi/bin/../lib/gcc/arm-none-eabi/14.2.1/../../../../arm-none-eabi/lib/thumb/v7-m/nofp/libg.a(libc_a-findfp.o) (__retarget_lock_init_recursive)
/Applications/ArmGNUToolchain/14.2.rel1/arm-none-eabi/bin/../lib/gcc/arm-none-eabi/14.2.1/../../../../arm-none-eabi/lib/thumb/v7-m/nofp/libg.a(libc_a-__call_atexit.o)
                              /Applications/ArmGNUToolchain/14.2.rel1/arm-none-eabi/bin/../lib/gcc/arm-none-eabi/14.2.1/../../../../arm-none-eabi/lib/thumb/v7-m/nofp/libg.a(libc_a-exit.o) (__call_exitprocs)
/Applications/ArmGNUToolchain/14.2.rel1/arm-none-eabi/bin/../lib/gcc/arm-none-eabi/14.2.1/../../../../arm-none-eabi/lib/thumb/v7-m/nofp/libg.a(libc_a-atexit.o)
                              /Applications/ArmGNUToolchain/14.2.rel1/arm-none-eabi/bin/../lib/gcc/arm-none-eabi/14.2.1/../../../../arm-none-eabi/lib/thumb/v7-m/nofp/libg.a(libc_a-__call_atexit.o) (atexit)
/Applications/ArmGNUToolchain/14.2.rel1/arm-none-eabi/bin/../lib/gcc/arm-none-eabi/14.2.1/../../../../arm-none-eabi/lib/thumb/v7-m/nofp/libg.a(libc_a-mallocr.o)
                              /Applications/ArmGNUToolchain/14.2.rel1/arm-none-eabi/bin/../lib/gcc/arm-none-eabi/14.2.1/../../../../arm-none-eabi/lib/thumb/v7-m/nofp/libg.a(libc_a-findfp.o) (_malloc_r)
/Applications/ArmGNUToolchain/14.2.rel1/arm-none-eabi/bin/../lib/gcc/arm-none-eabi/14.2.1/../../../../arm-none-eabi/lib/thumb/v7-m/nofp/libg.a(libc_a-mlock.o)
                              /Applications/ArmGNUToolchain/14.2.rel1/arm-none-eabi/bin/../lib/gcc/arm-none-eabi/14.2.1/../../../../arm-none-eabi/lib/thumb/v7-m/nofp/libg.a(libc_a-mallocr.o) (__malloc_lock)
/Applications/ArmGNUToolchain/14.2.rel1/arm-none-eabi/bin/../lib/gcc/arm-none-eabi/14.2.1/../../../../arm-none-eabi/lib/thumb/v7-m/nofp/libg.a(libc_a-fwalk.o)
                              /Applications/ArmGNUToolchain/14.2.rel1/arm-none-eabi/bin/../lib/gcc/arm-none-eabi/14.2.1/../../../../arm-none-eabi/lib/thumb/v7-m/nofp/libg.a(libc_a-findfp.o) (_fwalk_sglue)
/Applications/ArmGNUToolchain/14.2.rel1/arm-none-eabi/bin/../lib/gcc/arm-none-eabi/14.2.1/../../../../arm-none-eabi/lib/thumb/v7-m/nofp/libg.a(libc_a-fclose.o)
                              /Applications/ArmGNUToolchain/14.2.rel1/arm-none-eabi/bin/../lib/gcc/arm-none-eabi/14.2.1/../../../../arm-none-eabi/lib/thumb/v7-m/nofp/libg.a(libc_a-findfp.o) (_fclose_r)
/Applications/ArmGNUToolchain/14.2.rel1/arm-none-eabi/bin/../lib/gcc/arm-none-eabi/14.2.1/../../../../arm-none-eabi/lib/thumb/v7-m/nofp/libg.a(libc_a-fflush.o)
[...]
Memory Configuration

Name             Origin             Length             Attributes
FLASH            0x08000000         0x00010000         xr
RAM              0x20000000         0x00005000         xrw
*default*        0x00000000         0xffffffff

Linker script and memory map

LOAD /Applications/ArmGNUToolchain/14.2.rel1/arm-none-eabi/bin/../lib/gcc/arm-none-eabi/14.2.1/thumb/v7-m/nofp/crti.o
LOAD /Applications/ArmGNUToolchain/14.2.rel1/arm-none-eabi/bin/../lib/gcc/arm-none-eabi/14.2.1/thumb/v7-m/nofp/crtbegin.o
LOAD /Applications/ArmGNUToolchain/14.2.rel1/arm-none-eabi/bin/../lib/gcc/arm-none-eabi/14.2.1/../../../../arm-none-eabi/lib/thumb/v7-m/nofp/crt0.o
LOAD CMakeFiles/biaozhunceshi.elf.dir/Core/Src/stm32f10x_it.c.obj
LOAD CMakeFiles/biaozhunceshi.elf.dir/Core/Src/syscalls.c.obj
LOAD CMakeFiles/biaozhunceshi.elf.dir/Core/Src/sysmem.c.obj
LOAD CMakeFiles/biaozhunceshi.elf.dir/Core/Src/system_stm32f10x.c.obj
LOAD CMakeFiles/biaozhunceshi.elf.dir/Core/Startup/startup_stm32f103c6tx.s.obj
LOAD CMakeFiles/biaozhunceshi.elf.dir/Drivers/CMSIS/core_cm3.c.obj
LOAD CMakeFiles/biaozhunceshi.elf.dir/Drivers/STM32F10x_StdPeriph_Driver/src/misc.c.obj
LOAD CMakeFiles/biaozhunceshi.elf.dir/Drivers/STM32F10x_StdPeriph_Driver/src/stm32f10x_adc.c.obj
LOAD CMakeFiles/biaozhunceshi.elf.dir/Drivers/STM32F10x_StdPeriph_Driver/src/stm32f10x_bkp.c.obj
LOAD CMakeFiles/biaozhunceshi.elf.dir/Drivers/STM32F10x_StdPeriph_Driver/src/stm32f10x_can.c.obj
LOAD CMakeFiles/biaozhunceshi.elf.dir/Drivers/STM32F10x_StdPeriph_Driver/src/stm32f10x_cec.c.obj
LOAD CMakeFiles/biaozhunceshi.elf.dir/Drivers/STM32F10x_StdPeriph_Driver/src/stm32f10x_crc.c.obj
LOAD CMakeFiles/biaozhunceshi.elf.dir/Drivers/STM32F10x_StdPeriph_Driver/src/stm32f10x_dac.c.obj
LOAD CMakeFiles/biaozhunceshi.elf.dir/Drivers/STM32F10x_StdPeriph_Driver/src/stm32f10x_dbgmcu.c.obj
LOAD CMakeFiles/biaozhunceshi.elf.dir/Drivers/STM32F10x_StdPeriph_Driver/src/stm32f10x_dma.c.obj
LOAD CMakeFiles/biaozhunceshi.elf.dir/Drivers/STM32F10x_StdPeriph_Driver/src/stm32f10x_exti.c.obj
LOAD CMakeFiles/biaozhunceshi.elf.dir/Drivers/STM32F10x_StdPeriph_Driver/src/stm32f10x_flash.c.obj
LOAD CMakeFiles/biaozhunceshi.elf.dir/Drivers/STM32F10x_StdPeriph_Driver/src/stm32f10x_fsmc.c.obj
LOAD CMakeFiles/biaozhunceshi.elf.dir/Drivers/STM32F10x_StdPeriph_Driver/src/stm32f10x_gpio.c.obj
LOAD CMakeFiles/biaozhunceshi.elf.dir/Drivers/STM32F10x_StdPeriph_Driver/src/stm32f10x_i2c.c.obj
LOAD CMakeFiles/biaozhunceshi.elf.dir/Drivers/STM32F10x_StdPeriph_Driver/src/stm32f10x_iwdg.c.obj
LOAD CMakeFiles/biaozhunceshi.elf.dir/Drivers/STM32F10x_StdPeriph_Driver/src/stm32f10x_pwr.c.obj
LOAD CMakeFiles/biaozhunceshi.elf.dir/Drivers/STM32F10x_StdPeriph_Driver/src/stm32f10x_rcc.c.obj
LOAD CMakeFiles/biaozhunceshi.elf.dir/Drivers/STM32F10x_StdPeriph_Driver/src/stm32f10x_rtc.c.obj
LOAD CMakeFiles/biaozhunceshi.elf.dir/Drivers/STM32F10x_StdPeriph_Driver/src/stm32f10x_sdio.c.obj
LOAD CMakeFiles/biaozhunceshi.elf.dir/Drivers/STM32F10x_StdPeriph_Driver/src/stm32f10x_spi.c.obj
LOAD CMakeFiles/biaozhunceshi.elf.dir/Drivers/STM32F10x_StdPeriph_Driver/src/stm32f10x_tim.c.obj
LOAD CMakeFiles/biaozhunceshi.elf.dir/Drivers/STM32F10x_StdPeriph_Driver/src/stm32f10x_usart.c.obj
LOAD CMakeFiles/biaozhunceshi.elf.dir/Drivers/STM32F10x_StdPeriph_Driver/src/stm32f10x_wwdg.c.obj
LOAD CMakeFiles/biaozhunceshi.elf.dir/User/main.c.obj
LOAD CMakeFiles/biaozhunceshi.elf.dir/hardware/src/delay.c.obj
LOAD CMakeFiles/biaozhunceshi.elf.dir/hardware/src/usart.c.obj
START GROUP
LOAD /Applications/ArmGNUToolchain/14.2.rel1/arm-none-eabi/bin/../lib/gcc/arm-none-eabi/14.2.1/thumb/v7-m/nofp/libgcc.a
LOAD /Applications/ArmGNUToolchain/14.2.rel1/arm-none-eabi/bin/../lib/gcc/arm-none-eabi/14.2.1/../../../../arm-none-eabi/lib/thumb/v7-m/nofp/libg.a
LOAD /Applications/ArmGNUToolchain/14.2.rel1/arm-none-eabi/bin/../lib/gcc/arm-none-eabi/14.2.1/../../../../arm-none-eabi/lib/thumb/v7-m/nofp/libc.a
END GROUP
START GROUP
LOAD /Applications/ArmGNUToolchain/14.2.rel1/arm-none-eabi/bin/../lib/gcc/arm-none-eabi/14.2.1/thumb/v7-m/nofp/libgcc.a
LOAD /Applications/ArmGNUToolchain/14.2.rel1/arm-none-eabi/bin/../lib/gcc/arm-none-eabi/14.2.1/../../../../arm-none-eabi/lib/thumb/v7-m/nofp/libc.a
LOAD /Applications/ArmGNUToolchain/14.2.rel1/arm-none-eabi/bin/../lib/gcc/arm-none-eabi/14.2.1/../../../../arm-none-eabi/lib/thumb/v7-m/nofp/libnosys.a
END GROUP
LOAD /Applications/ArmGNUToolchain/14.2.rel1/arm-none-eabi/bin/../lib/gcc/arm-none-eabi/14.2.1/thumb/v7-m/nofp/crtend.o
LOAD /Applications/ArmGNUToolchain/14.2.rel1/arm-none-eabi/bin/../lib/gcc/arm-none-eabi/14.2.1/thumb/v7-m/nofp/crtn.o
                0x20005000                        _estack = (ORIGIN (RAM) + LENGTH (RAM))
                0x00000200                        _Min_Heap_Size = 0x200
                0x00000800                        _Min_Stack_Size = 0x800

.isr_vector     0x08000000      0x10c
                0x08000000                        . = ALIGN (0x4)
 *(.isr_vector)
 .isr_vector    0x08000000      0x10c CMakeFiles/biaozhunceshi.elf.dir/Core/Startup/startup_stm32f103c6tx.s.obj
                0x08000000                g_pfnVectors
                0x0800010c                        . = ALIGN (0x4)

.text           0x0800010c      0x374
                0x0800010c                        . = ALIGN (0x4)
 *(.text)
 *(.text*)
 .text.deregister_tm_clones
                0x0800010c       0x1c /Applications/ArmGNUToolchain/14.2.rel1/arm-none-eabi/bin/../lib/gcc/arm-none-eabi/14.2.1/thumb/v7-m/nofp/crtbegin.o
 .text.register_tm_clones
                0x08000128       0x24 /Applications/ArmGNUToolchain/14.2.rel1/arm-none-eabi/bin/../lib/gcc/arm-none-eabi/14.2.1/thumb/v7-m/nofp/crtbegin.o
 .text.__do_global_dtors_aux
                0x0800014c       0x28 /Applications/ArmGNUToolchain/14.2.rel1/arm-none-eabi/bin/../lib/gcc/arm-none-eabi/14.2.1/thumb/v7-m/nofp/crtbegin.o
 .text.frame_dummy
                0x08000174       0x24 /Applications/ArmGNUToolchain/14.2.rel1/arm-none-eabi/bin/../lib/gcc/arm-none-eabi/14.2.1/thumb/v7-m/nofp/crtbegin.o
 .text.NMI_Handler
                0x08000198        0x2 CMakeFiles/biaozhunceshi.elf.dir/Core/Src/stm32f10x_it.c.obj
                0x08000198                NMI_Handler
 .text.HardFault_Handler
                0x0800019a        0x2 CMakeFiles/biaozhunceshi.elf.dir/Core/Src/stm32f10x_it.c.obj
                0x0800019a                HardFault_Handler
 .text.MemManage_Handler
                0x0800019c        0x2 CMakeFiles/biaozhunceshi.elf.dir/Core/Src/stm32f10x_it.c.obj
                0x0800019c                MemManage_Handler
 .text.BusFault_Handler
                0x0800019e        0x2 CMakeFiles/biaozhunceshi.elf.dir/Core/Src/stm32f10x_it.c.obj
                0x0800019e                BusFault_Handler
 .text.UsageFault_Handler
                0x080001a0        0x2 CMakeFiles/biaozhunceshi.elf.dir/Core/Src/stm32f10x_it.c.obj
                0x080001a0                UsageFault_Handler
 .text.SVC_Handler
                0x080001a2        0x2 CMakeFiles/biaozhunceshi.elf.dir/Core/Src/stm32f10x_it.c.obj
                0x080001a2                SVC_Handler
 .text.DebugMon_Handler
                0x080001a4        0x2 CMakeFiles/biaozhunceshi.elf.dir/Core/Src/stm32f10x_it.c.obj
                0x080001a4                DebugMon_Handler
 .text.PendSV_Handler
                0x080001a6        0x2 CMakeFiles/biaozhunceshi.elf.dir/Core/Src/stm32f10x_it.c.obj
                0x080001a6                PendSV_Handler
 .text.SysTick_Handler
                0x080001a8        0x2 CMakeFiles/biaozhunceshi.elf.dir/Core/Src/stm32f10x_it.c.obj
                0x080001a8                SysTick_Handler
 *fill*         0x080001aa        0x2 
 .text.SetSysClockTo72
                0x080001ac       0xc4 CMakeFiles/biaozhunceshi.elf.dir/Core/Src/system_stm32f10x.c.obj
 .text.SetSysClock
                0x08000270        0x8 CMakeFiles/biaozhunceshi.elf.dir/Core/Src/system_stm32f10x.c.obj
 .text.SystemInit
                0x08000278       0x50 CMakeFiles/biaozhunceshi.elf.dir/Core/Src/system_stm32f10x.c.obj
                0x08000278                SystemInit
 .text.Reset_Handler
                0x080002c8       0x48 CMakeFiles/biaozhunceshi.elf.dir/Core/Startup/startup_stm32f103c6tx.s.obj
                0x080002c8                Reset_Handler
 .text.Default_Handler
                0x08000310        0x2 CMakeFiles/biaozhunceshi.elf.dir/Core/Startup/startup_stm32f103c6tx.s.obj
                0x08000310                USBWakeUp_IRQHandler
                0x08000310                EXTI2_IRQHandler
                0x08000310                TIM1_CC_IRQHandler
                0x08000310                PVD_IRQHandler
                0x08000310                EXTI3_IRQHandler
                0x08000310                EXTI0_IRQHandler
                0x08000310                ADC1_2_IRQHandler
                0x08000310                SPI1_IRQHandler
                0x08000310                TAMPER_IRQHandler
                0x08000310                DMA1_Channel4_IRQHandler
                0x08000310                RTC_IRQHandler
                0x08000310                DMA1_Channel7_IRQHandler
                0x08000310                CAN1_RX1_IRQHandler
                0x08000310                I2C1_EV_IRQHandler
                0x08000310                DMA1_Channel6_IRQHandler
                0x08000310                TIM3_IRQHandler
                0x08000310                RCC_IRQHandler
                0x08000310                TIM1_TRG_COM_IRQHandler
                0x08000310                DMA1_Channel1_IRQHandler
                0x08000310                Default_Handler
                0x08000310                EXTI15_10_IRQHandler
                0x08000310                EXTI9_5_IRQHandler
                0x08000310                DMA1_Channel5_IRQHandler
                0x08000310                EXTI4_IRQHandler
                0x08000310                USB_LP_CAN1_RX0_IRQHandler
                0x08000310                USB_HP_CAN1_TX_IRQHandler
                0x08000310                DMA1_Channel3_IRQHandler
                0x08000310                TIM1_UP_IRQHandler
                0x08000310                WWDG_IRQHandler
                0x08000310                TIM2_IRQHandler
                0x08000310                TIM1_BRK_IRQHandler
                0x08000310                EXTI1_IRQHandler
                0x08000310                USART2_IRQHandler
                0x08000310                DMA1_Channel2_IRQHandler
                0x08000310                CAN1_SCE_IRQHandler
                0x08000310                FLASH_IRQHandler
                0x08000310                USART1_IRQHandler
                0x08000310                I2C1_ER_IRQHandler
                0x08000310                RTC_Alarm_IRQHandler
 .text.Hardware_Init
                0x08000312        0x8 CMakeFiles/biaozhunceshi.elf.dir/User/main.c.obj
                0x08000312                Hardware_Init
 .text.main     0x0800031a        0x8 CMakeFiles/biaozhunceshi.elf.dir/User/main.c.obj
                0x0800031a                main
 *fill*         0x08000322        0x2 
 .text.Delay_Init
                0x08000324       0x24 CMakeFiles/biaozhunceshi.elf.dir/hardware/src/delay.c.obj
                0x08000324                Delay_Init
 .text.__libc_init_array
                0x08000348       0x50 /Applications/ArmGNUToolchain/14.2.rel1/arm-none-eabi/bin/../lib/gcc/arm-none-eabi/14.2.1/../../../../arm-none-eabi/lib/thumb/v7-m/nofp/libg.a(libc_a-init.o)
                0x08000348                __libc_init_array
 .text.__retarget_lock_acquire_recursive
                0x08000398        0x4 /Applications/ArmGNUToolchain/14.2.rel1/arm-none-eabi/bin/../lib/gcc/arm-none-eabi/14.2.1/../../../../arm-none-eabi/lib/thumb/v7-m/nofp/libg.a(libc_a-lock.o)
                0x08000398                __retarget_lock_acquire_recursive
 .text.__retarget_lock_release_recursive
                0x0800039c        0x4 /Applications/ArmGNUToolchain/14.2.rel1/arm-none-eabi/bin/../lib/gcc/arm-none-eabi/14.2.1/../../../../arm-none-eabi/lib/thumb/v7-m/nofp/libg.a(libc_a-lock.o)
                0x0800039c                __retarget_lock_release_recursive
 .text.startup.register_fini
                0x080003a0       0x14 /Applications/ArmGNUToolchain/14.2.rel1/arm-none-eabi/bin/../lib/gcc/arm-none-eabi/14.2.1/../../../../arm-none-eabi/lib/thumb/v7-m/nofp/libg.a(libc_a-__call_atexit.o)
 .text.atexit   0x080003b4        0xc /Applications/ArmGNUToolchain/14.2.rel1/arm-none-eabi/bin/../lib/gcc/arm-none-eabi/14.2.1/../../../../arm-none-eabi/lib/thumb/v7-m/nofp/libg.a(libc_a-atexit.o)
                0x080003b4                atexit
 .text.__libc_fini_array
                0x080003c0       0x28 /Applications/ArmGNUToolchain/14.2.rel1/arm-none-eabi/bin/../lib/gcc/arm-none-eabi/14.2.1/../../../../arm-none-eabi/lib/thumb/v7-m/nofp/libg.a(libc_a-fini.o)
                0x080003c0                __libc_fini_array
 .text.__register_exitproc
                0x080003e8       0x80 /Applications/ArmGNUToolchain/14.2.rel1/arm-none-eabi/bin/../lib/gcc/arm-none-eabi/14.2.1/../../../../arm-none-eabi/lib/thumb/v7-m/nofp/libg.a(libc_a-__atexit.o)
                0x080003e8                __register_exitproc
 *(.glue_7)
 .glue_7        0x08000468        0x0 linker stubs
 *(.glue_7t)
 .glue_7t       0x08000468        0x0 linker stubs
 *(.eh_frame)
 .eh_frame      0x08000468        0x0 /Applications/ArmGNUToolchain/14.2.rel1/arm-none-eabi/bin/../lib/gcc/arm-none-eabi/14.2.1/thumb/v7-m/nofp/crtbegin.o
 *(.init)
 .init          0x08000468        0x4 /Applications/ArmGNUToolchain/14.2.rel1/arm-none-eabi/bin/../lib/gcc/arm-none-eabi/14.2.1/thumb/v7-m/nofp/crti.o
                0x08000468                _init
 .init          0x0800046c        0x8 /Applications/ArmGNUToolchain/14.2.rel1/arm-none-eabi/bin/../lib/gcc/arm-none-eabi/14.2.1/thumb/v7-m/nofp/crtn.o
 *(.fini)
 .fini          0x08000474        0x4 /Applications/ArmGNUToolchain/14.2.rel1/arm-none-eabi/bin/../lib/gcc/arm-none-eabi/14.2.1/thumb/v7-m/nofp/crti.o
                0x08000474                _fini
 .fini          0x08000478        0x8 /Applications/ArmGNUToolchain/14.2.rel1/arm-none-eabi/bin/../lib/gcc/arm-none-eabi/14.2.1/thumb/v7-m/nofp/crtn.o
                0x08000480                        . = ALIGN (0x4)
                0x08000480                        _etext = .

.vfp11_veneer   0x08000480        0x0
 .vfp11_veneer  0x08000480        0x0 linker stubs

.v4_bx          0x08000480        0x0
 .v4_bx         0x08000480        0x0 linker stubs

.iplt           0x08000480        0x0
 .iplt          0x08000480        0x0 /Applications/ArmGNUToolchain/14.2.rel1/arm-none-eabi/bin/../lib/gcc/arm-none-eabi/14.2.1/thumb/v7-m/nofp/crtbegin.o

.rodata         0x08000480        0x0
                0x08000480                        . = ALIGN (0x4)
 *(.rodata)
 *(.rodata*)
                0x08000480                        . = ALIGN (0x4)

.ARM.extab      0x08000480        0x0
                0x08000480                        . = ALIGN (0x4)
 *(.ARM.extab* .gnu.linkonce.armextab.*)
                0x08000480                        . = ALIGN (0x4)

.ARM            0x08000480        0x0
                0x08000480                        . = ALIGN (0x4)
                0x08000480                        __exidx_start = .
 *(.ARM.exidx*)
                0x08000480                        __exidx_end = .
                0x08000480                        . = ALIGN (0x4)

.preinit_array  0x08000480        0x0
                0x08000480                        . = ALIGN (0x4)
                0x08000480                        PROVIDE (__preinit_array_start = .)
 *(.preinit_array*)
                0x08000480                        PROVIDE (__preinit_array_end = .)
                0x08000480                        . = ALIGN (0x4)

.init_array     0x08000480        0x8
                0x08000480                        . = ALIGN (0x4)
                0x08000480                        PROVIDE (__init_array_start = .)
 *(SORT_BY_NAME(.init_array.*))
 .init_array.00000
                0x08000480        0x4 /Applications/ArmGNUToolchain/14.2.rel1/arm-none-eabi/bin/../lib/gcc/arm-none-eabi/14.2.1/../../../../arm-none-eabi/lib/thumb/v7-m/nofp/libg.a(libc_a-__call_atexit.o)
 *(.init_array*)
 .init_array    0x08000484        0x4 /Applications/ArmGNUToolchain/14.2.rel1/arm-none-eabi/bin/../lib/gcc/arm-none-eabi/14.2.1/thumb/v7-m/nofp/crtbegin.o
                0x08000488                        PROVIDE (__init_array_end = .)
                0x08000488                        . = ALIGN (0x4)

.fini_array     0x08000488        0x4
                0x08000488                        . = ALIGN (0x4)
                0x08000488                        PROVIDE (__fini_array_start = .)
 *(SORT_BY_NAME(.fini_array.*))
 *(.fini_array*)
 .fini_array    0x08000488        0x4 /Applications/ArmGNUToolchain/14.2.rel1/arm-none-eabi/bin/../lib/gcc/arm-none-eabi/14.2.1/thumb/v7-m/nofp/crtbegin.o
                0x0800048c                        PROVIDE (__fini_array_end = .)
                0x0800048c                        . = ALIGN (0x4)
                0x0800048c                        _sidata = LOADADDR (.data)

.rel.dyn        0x0800048c        0x0
 .rel.iplt      0x0800048c        0x0 /Applications/ArmGNUToolchain/14.2.rel1/arm-none-eabi/bin/../lib/gcc/arm-none-eabi/14.2.1/thumb/v7-m/nofp/crtbegin.o

.data           0x20000000        0x4 load address 0x0800048c
                0x20000000                        . = ALIGN (0x4)
                0x20000000                        _sdata = .
 *(.data)
 *(.data*)
 .data.__atexit_recursive_mutex
                0x20000000        0x4 /Applications/ArmGNUToolchain/14.2.rel1/arm-none-eabi/bin/../lib/gcc/arm-none-eabi/14.2.1/../../../../arm-none-eabi/lib/thumb/v7-m/nofp/libg.a(libc_a-__call_atexit.o)
                0x20000000                __atexit_recursive_mutex
 *(.RamFunc)
 *(.RamFunc*)
                0x20000004                        . = ALIGN (0x4)
                0x20000004                        _edata = .

.tm_clone_table
                0x20000004        0x0 load address 0x08000490
 .tm_clone_table
                0x20000004        0x0 /Applications/ArmGNUToolchain/14.2.rel1/arm-none-eabi/bin/../lib/gcc/arm-none-eabi/14.2.1/thumb/v7-m/nofp/crtbegin.o
 .tm_clone_table
                0x20000004        0x0 /Applications/ArmGNUToolchain/14.2.rel1/arm-none-eabi/bin/../lib/gcc/arm-none-eabi/14.2.1/thumb/v7-m/nofp/crtend.o

.igot.plt       0x20000004        0x0 load address 0x08000490
 .igot.plt      0x20000004        0x0 /Applications/ArmGNUToolchain/14.2.rel1/arm-none-eabi/bin/../lib/gcc/arm-none-eabi/14.2.1/thumb/v7-m/nofp/crtbegin.o
                0x20000004                        . = ALIGN (0x4)

.bss            0x20000004      0x1b8 load address 0x08000490
                0x20000004                        _sbss = .
                0x20000004                        __bss_start__ = _sbss
 *(.bss)
 *(.bss*)
 .bss.completed.1
                0x20000004        0x1 /Applications/ArmGNUToolchain/14.2.rel1/arm-none-eabi/bin/../lib/gcc/arm-none-eabi/14.2.1/thumb/v7-m/nofp/crtbegin.o
 *fill*         0x20000005        0x3 
 .bss.object.0  0x20000008       0x18 /Applications/ArmGNUToolchain/14.2.rel1/arm-none-eabi/bin/../lib/gcc/arm-none-eabi/14.2.1/thumb/v7-m/nofp/crtbegin.o
 .bss.MsCount   0x20000020        0x2 CMakeFiles/biaozhunceshi.elf.dir/hardware/src/delay.c.obj
                0x20000020                MsCount
 .bss.UsCount   0x20000022        0x1 CMakeFiles/biaozhunceshi.elf.dir/hardware/src/delay.c.obj
                0x20000022                UsCount
 *fill*         0x20000023        0x1 
 .bss.__lock___atexit_recursive_mutex
                0x20000024        0x1 /Applications/ArmGNUToolchain/14.2.rel1/arm-none-eabi/bin/../lib/gcc/arm-none-eabi/14.2.1/../../../../arm-none-eabi/lib/thumb/v7-m/nofp/libg.a(libc_a-lock.o)
                0x20000024                __lock___atexit_recursive_mutex
 *fill*         0x20000025        0x3 
 .bss.__atexit  0x20000028        0x4 /Applications/ArmGNUToolchain/14.2.rel1/arm-none-eabi/bin/../lib/gcc/arm-none-eabi/14.2.1/../../../../arm-none-eabi/lib/thumb/v7-m/nofp/libg.a(libc_a-__call_atexit.o)
                0x20000028                __atexit
 .bss.__atexit0
                0x2000002c      0x190 /Applications/ArmGNUToolchain/14.2.rel1/arm-none-eabi/bin/../lib/gcc/arm-none-eabi/14.2.1/../../../../arm-none-eabi/lib/thumb/v7-m/nofp/libg.a(libc_a-__atexit.o)
                0x2000002c                __atexit0
 *(COMMON)
                0x200001bc                        . = ALIGN (0x4)
                0x200001bc                        _ebss = .
                0x200001bc                        __bss_end__ = _ebss

._user_heap_stack
                0x200001bc      0xa04 load address 0x08000490
                0x200001c0                        . = ALIGN (0x8)
 *fill*         0x200001bc        0x4 
                [!provide]                        PROVIDE (end = .)
                0x200001c0                        PROVIDE (_end = .)
                0x200003c0                        . = (. + _Min_Heap_Size)
 *fill*         0x200001c0      0x200 
                0x20000bc0                        . = (. + _Min_Stack_Size)
 *fill*         0x200003c0      0x800 
                0x20000bc0                        . = ALIGN (0x8)

/DISCARD/
 libc.a(*)
 libm.a(*)
 libgcc.a(*)

.ARM.attributes
                0x00000000       0x29
 *(.ARM.attributes)
 .ARM.attributes
                0x00000000       0x1d /Applications/ArmGNUToolchain/14.2.rel1/arm-none-eabi/bin/../lib/gcc/arm-none-eabi/14.2.1/thumb/v7-m/nofp/crti.o
 .ARM.attributes
                0x0000001d       0x2d /Applications/ArmGNUToolchain/14.2.rel1/arm-none-eabi/bin/../lib/gcc/arm-none-eabi/14.2.1/thumb/v7-m/nofp/crtbegin.o
 .ARM.attributes
                0x0000004a       0x2d CMakeFiles/biaozhunceshi.elf.dir/Core/Src/stm32f10x_it.c.obj
 .ARM.attributes
                0x00000077       0x2d CMakeFiles/biaozhunceshi.elf.dir/Core/Src/system_stm32f10x.c.obj
 .ARM.attributes
                0x000000a4       0x21 CMakeFiles/biaozhunceshi.elf.dir/Core/Startup/startup_stm32f103c6tx.s.obj
 .ARM.attributes
                0x000000c5       0x2d CMakeFiles/biaozhunceshi.elf.dir/User/main.c.obj
 .ARM.attributes
                0x000000f2       0x2d CMakeFiles/biaozhunceshi.elf.dir/hardware/src/delay.c.obj
 .ARM.attributes
                0x0000011f       0x2d /Applications/ArmGNUToolchain/14.2.rel1/arm-none-eabi/bin/../lib/gcc/arm-none-eabi/14.2.1/../../../../arm-none-eabi/lib/thumb/v7-m/nofp/libg.a(libc_a-init.o)
 .ARM.attributes
                0x0000014c       0x2d /Applications/ArmGNUToolchain/14.2.rel1/arm-none-eabi/bin/../lib/gcc/arm-none-eabi/14.2.1/../../../../arm-none-eabi/lib/thumb/v7-m/nofp/libg.a(libc_a-lock.o)
 .ARM.attributes
                0x00000179       0x2d /Applications/ArmGNUToolchain/14.2.rel1/arm-none-eabi/bin/../lib/gcc/arm-none-eabi/14.2.1/../../../../arm-none-eabi/lib/thumb/v7-m/nofp/libg.a(libc_a-__call_atexit.o)
 .ARM.attributes
                0x000001a6       0x2d /Applications/ArmGNUToolchain/14.2.rel1/arm-none-eabi/bin/../lib/gcc/arm-none-eabi/14.2.1/../../../../arm-none-eabi/lib/thumb/v7-m/nofp/libg.a(libc_a-atexit.o)
 .ARM.attributes
                0x000001d3       0x2d /Applications/ArmGNUToolchain/14.2.rel1/arm-none-eabi/bin/../lib/gcc/arm-none-eabi/14.2.1/../../../../arm-none-eabi/lib/thumb/v7-m/nofp/libg.a(libc_a-fini.o)
 .ARM.attributes
                0x00000200       0x2d /Applications/ArmGNUToolchain/14.2.rel1/arm-none-eabi/bin/../lib/gcc/arm-none-eabi/14.2.1/../../../../arm-none-eabi/lib/thumb/v7-m/nofp/libg.a(libc_a-__atexit.o)
 .ARM.attributes
                0x0000022d       0x2d /Applications/ArmGNUToolchain/14.2.rel1/arm-none-eabi/bin/../lib/gcc/arm-none-eabi/14.2.1/thumb/v7-m/nofp/crtend.o
 .ARM.attributes
                0x0000025a       0x1d /Applications/ArmGNUToolchain/14.2.rel1/arm-none-eabi/bin/../lib/gcc/arm-none-eabi/14.2.1/thumb/v7-m/nofp/crtn.o
OUTPUT(biaozhunceshi.elf elf32-littlearm)
LOAD linker stubs
LOAD /Applications/ArmGNUToolchain/14.2.rel1/arm-none-eabi/bin/../lib/gcc/arm-none-eabi/14.2.1/../../../../arm-none-eabi/lib/thumb/v7-m/nofp/libc.a
LOAD /Applications/ArmGNUToolchain/14.2.rel1/arm-none-eabi/bin/../lib/gcc/arm-none-eabi/14.2.1/../../../../arm-none-eabi/lib/thumb/v7-m/nofp/libm.a
LOAD /Applications/ArmGNUToolchain/14.2.rel1/arm-none-eabi/bin/../lib/gcc/arm-none-eabi/14.2.1/thumb/v7-m/nofp/libgcc.a

.debug_info     0x00000000      0x815
 .debug_info    0x00000000       0xfd CMakeFiles/biaozhunceshi.elf.dir/Core/Src/stm32f10x_it.c.obj
 .debug_info    0x000000fd      0x439 CMakeFiles/biaozhunceshi.elf.dir/Core/Src/system_stm32f10x.c.obj
 .debug_info    0x00000536       0x30 CMakeFiles/biaozhunceshi.elf.dir/Core/Startup/startup_stm32f103c6tx.s.obj
 .debug_info    0x00000566       0xc3 CMakeFiles/biaozhunceshi.elf.dir/User/main.c.obj
 .debug_info    0x00000629      0x1ec CMakeFiles/biaozhunceshi.elf.dir/hardware/src/delay.c.obj

.debug_abbrev   0x00000000      0x3d8
 .debug_abbrev  0x00000000       0x45 CMakeFiles/biaozhunceshi.elf.dir/Core/Src/stm32f10x_it.c.obj
 .debug_abbrev  0x00000045      0x1c7 CMakeFiles/biaozhunceshi.elf.dir/Core/Src/system_stm32f10x.c.obj
 .debug_abbrev  0x0000020c       0x24 CMakeFiles/biaozhunceshi.elf.dir/Core/Startup/startup_stm32f103c6tx.s.obj
 .debug_abbrev  0x00000230       0x7c CMakeFiles/biaozhunceshi.elf.dir/User/main.c.obj
 .debug_abbrev  0x000002ac      0x12c CMakeFiles/biaozhunceshi.elf.dir/hardware/src/delay.c.obj

.debug_aranges  0x00000000      0x120
 .debug_aranges
                0x00000000       0x60 CMakeFiles/biaozhunceshi.elf.dir/Core/Src/stm32f10x_it.c.obj
 .debug_aranges
                0x00000060       0x38 CMakeFiles/biaozhunceshi.elf.dir/Core/Src/system_stm32f10x.c.obj
 .debug_aranges
                0x00000098       0x28 CMakeFiles/biaozhunceshi.elf.dir/Core/Startup/startup_stm32f103c6tx.s.obj
 .debug_aranges
                0x000000c0       0x28 CMakeFiles/biaozhunceshi.elf.dir/User/main.c.obj
 .debug_aranges
                0x000000e8       0x38 CMakeFiles/biaozhunceshi.elf.dir/hardware/src/delay.c.obj

.debug_rnglists
                0x00000000       0xc1
 .debug_rnglists
                0x00000000       0x43 CMakeFiles/biaozhunceshi.elf.dir/Core/Src/stm32f10x_it.c.obj
 .debug_rnglists
                0x00000043       0x27 CMakeFiles/biaozhunceshi.elf.dir/Core/Src/system_stm32f10x.c.obj
 .debug_rnglists
                0x0000006a       0x19 CMakeFiles/biaozhunceshi.elf.dir/Core/Startup/startup_stm32f103c6tx.s.obj
 .debug_rnglists
                0x00000083       0x19 CMakeFiles/biaozhunceshi.elf.dir/User/main.c.obj
 .debug_rnglists
                0x0000009c       0x25 CMakeFiles/biaozhunceshi.elf.dir/hardware/src/delay.c.obj

.debug_line     0x00000000      0x990
 .debug_line    0x00000000      0x12b CMakeFiles/biaozhunceshi.elf.dir/Core/Src/stm32f10x_it.c.obj
 .debug_line    0x0000012b      0x461 CMakeFiles/biaozhunceshi.elf.dir/Core/Src/system_stm32f10x.c.obj
 .debug_line    0x0000058c       0x78 CMakeFiles/biaozhunceshi.elf.dir/Core/Startup/startup_stm32f103c6tx.s.obj
 .debug_line    0x00000604       0xd9 CMakeFiles/biaozhunceshi.elf.dir/User/main.c.obj
 .debug_line    0x000006dd      0x2b3 CMakeFiles/biaozhunceshi.elf.dir/hardware/src/delay.c.obj

.debug_str      0x00000000      0x54f
 .debug_str     0x00000000      0x54f CMakeFiles/biaozhunceshi.elf.dir/Core/Src/stm32f10x_it.c.obj
                                0x25c (size before relaxing)
 .debug_str     0x0000054f      0x34c CMakeFiles/biaozhunceshi.elf.dir/Core/Src/system_stm32f10x.c.obj
 .debug_str     0x0000054f       0xb7 CMakeFiles/biaozhunceshi.elf.dir/Core/Startup/startup_stm32f103c6tx.s.obj
 .debug_str     0x0000054f      0x1ef CMakeFiles/biaozhunceshi.elf.dir/User/main.c.obj
 .debug_str     0x0000054f      0x247 CMakeFiles/biaozhunceshi.elf.dir/hardware/src/delay.c.obj

.comment        0x00000000       0x45
 .comment       0x00000000       0x45 CMakeFiles/biaozhunceshi.elf.dir/Core/Src/stm32f10x_it.c.obj
                                 0x46 (size before relaxing)
 .comment       0x00000045       0x46 CMakeFiles/biaozhunceshi.elf.dir/Core/Src/system_stm32f10x.c.obj
 .comment       0x00000045       0x46 CMakeFiles/biaozhunceshi.elf.dir/User/main.c.obj
 .comment       0x00000045       0x46 CMakeFiles/biaozhunceshi.elf.dir/hardware/src/delay.c.obj

.debug_frame    0x00000000      0x368
 .debug_frame   0x00000000       0xa0 CMakeFiles/biaozhunceshi.elf.dir/Core/Src/stm32f10x_it.c.obj
 .debug_frame   0x000000a0       0x6c CMakeFiles/biaozhunceshi.elf.dir/Core/Src/system_stm32f10x.c.obj
 .debug_frame   0x0000010c       0x40 CMakeFiles/biaozhunceshi.elf.dir/User/main.c.obj
 .debug_frame   0x0000014c       0x5c CMakeFiles/biaozhunceshi.elf.dir/hardware/src/delay.c.obj
 .debug_frame   0x000001a8       0x2c /Applications/ArmGNUToolchain/14.2.rel1/arm-none-eabi/bin/../lib/gcc/arm-none-eabi/14.2.1/../../../../arm-none-eabi/lib/thumb/v7-m/nofp/libg.a(libc_a-init.o)
 .debug_frame   0x000001d4       0xb0 /Applications/ArmGNUToolchain/14.2.rel1/arm-none-eabi/bin/../lib/gcc/arm-none-eabi/14.2.1/../../../../arm-none-eabi/lib/thumb/v7-m/nofp/libg.a(libc_a-lock.o)
 .debug_frame   0x00000284       0x5c /Applications/ArmGNUToolchain/14.2.rel1/arm-none-eabi/bin/../lib/gcc/arm-none-eabi/14.2.1/../../../../arm-none-eabi/lib/thumb/v7-m/nofp/libg.a(libc_a-__call_atexit.o)
 .debug_frame   0x000002e0       0x20 /Applications/ArmGNUToolchain/14.2.rel1/arm-none-eabi/bin/../lib/gcc/arm-none-eabi/14.2.1/../../../../arm-none-eabi/lib/thumb/v7-m/nofp/libg.a(libc_a-atexit.o)
 .debug_frame   0x00000300       0x34 /Applications/ArmGNUToolchain/14.2.rel1/arm-none-eabi/bin/../lib/gcc/arm-none-eabi/14.2.1/../../../../arm-none-eabi/lib/thumb/v7-m/nofp/libg.a(libc_a-fini.o)
 .debug_frame   0x00000334       0x34 /Applications/ArmGNUToolchain/14.2.rel1/arm-none-eabi/bin/../lib/gcc/arm-none-eabi/14.2.1/../../../../arm-none-eabi/lib/thumb/v7-m/nofp/libg.a(libc_a-__atexit.o)

.debug_loclists
                0x00000000      0x15f
 .debug_loclists
                0x00000000       0xb7 CMakeFiles/biaozhunceshi.elf.dir/Core/Src/system_stm32f10x.c.obj
 .debug_loclists
                0x000000b7       0xa8 CMakeFiles/biaozhunceshi.elf.dir/hardware/src/delay.c.obj

.debug_line_str
                0x00000000       0x9b
 .debug_line_str
                0x00000000       0x9b CMakeFiles/biaozhunceshi.elf.dir/Core/Startup/startup_stm32f103c6tx.s.obj
