Archive member included to satisfy reference by file (symbol)

/Applications/ArmGNUToolchain/14.2.rel1/arm-none-eabi/bin/../lib/gcc/arm-none-eabi/14.2.1/thumb/v7-m/nofp/libgcc.a(_arm_muldf3.o)
                              CMakeFiles/biaozhunceshi.elf.dir/Drivers/STM32F10x_StdPeriph_Driver/src/oled.c.obj (__aeabi_dmul)
/Applications/ArmGNUToolchain/14.2.rel1/arm-none-eabi/bin/../lib/gcc/arm-none-eabi/14.2.1/thumb/v7-m/nofp/libgcc.a(_arm_addsubdf3.o)
                              CMakeFiles/biaozhunceshi.elf.dir/Drivers/STM32F10x_StdPeriph_Driver/src/oled.c.obj (__aeabi_dadd)
/Applications/ArmGNUToolchain/14.2.rel1/arm-none-eabi/bin/../lib/gcc/arm-none-eabi/14.2.1/thumb/v7-m/nofp/libgcc.a(_arm_muldivdf3.o)
                              CMakeFiles/biaozhunceshi.elf.dir/Drivers/STM32F10x_StdPeriph_Driver/src/oled.c.obj (__aeabi_ddiv)
/Applications/ArmGNUToolchain/14.2.rel1/arm-none-eabi/bin/../lib/gcc/arm-none-eabi/14.2.1/thumb/v7-m/nofp/libgcc.a(_arm_fixdfsi.o)
                              CMakeFiles/biaozhunceshi.elf.dir/Drivers/STM32F10x_StdPeriph_Driver/src/oled.c.obj (__aeabi_d2iz)
/Applications/ArmGNUToolchain/14.2.rel1/arm-none-eabi/bin/../lib/gcc/arm-none-eabi/14.2.1/thumb/v7-m/nofp/libgcc.a(_arm_fixunsdfsi.o)
                              CMakeFiles/biaozhunceshi.elf.dir/Drivers/STM32F10x_StdPeriph_Driver/src/oled.c.obj (__aeabi_d2uiz)
/Applications/ArmGNUToolchain/14.2.rel1/arm-none-eabi/bin/../lib/gcc/arm-none-eabi/14.2.1/../../../../arm-none-eabi/lib/thumb/v7-m/nofp/libg.a(libc_a-exit.o)
                              /Applications/ArmGNUToolchain/14.2.rel1/arm-none-eabi/bin/../lib/gcc/arm-none-eabi/14.2.1/../../../../arm-none-eabi/lib/thumb/v7-m/nofp/crt0.o (exit)
/Applications/ArmGNUToolchain/14.2.rel1/arm-none-eabi/bin/../lib/gcc/arm-none-eabi/14.2.1/../../../../arm-none-eabi/lib/thumb/v7-m/nofp/libg.a(libc_a-malloc.o)
                              CMakeFiles/biaozhunceshi.elf.dir/Drivers/STM32F10x_StdPeriph_Driver/src/oled.c.obj (malloc)
/Applications/ArmGNUToolchain/14.2.rel1/arm-none-eabi/bin/../lib/gcc/arm-none-eabi/14.2.1/../../../../arm-none-eabi/lib/thumb/v7-m/nofp/libg.a(libc_a-mallocr.o)
                              /Applications/ArmGNUToolchain/14.2.rel1/arm-none-eabi/bin/../lib/gcc/arm-none-eabi/14.2.1/../../../../arm-none-eabi/lib/thumb/v7-m/nofp/libg.a(libc_a-malloc.o) (_malloc_r)
/Applications/ArmGNUToolchain/14.2.rel1/arm-none-eabi/bin/../lib/gcc/arm-none-eabi/14.2.1/../../../../arm-none-eabi/lib/thumb/v7-m/nofp/libg.a(libc_a-mlock.o)
                              /Applications/ArmGNUToolchain/14.2.rel1/arm-none-eabi/bin/../lib/gcc/arm-none-eabi/14.2.1/../../../../arm-none-eabi/lib/thumb/v7-m/nofp/libg.a(libc_a-mallocr.o) (__malloc_lock)
/Applications/ArmGNUToolchain/14.2.rel1/arm-none-eabi/bin/../lib/gcc/arm-none-eabi/14.2.1/../../../../arm-none-eabi/lib/thumb/v7-m/nofp/libg.a(libc_a-sprintf.o)
                              CMakeFiles/biaozhunceshi.elf.dir/NET/device/src/esp8266.c.obj (sprintf)
/Applications/ArmGNUToolchain/14.2.rel1/arm-none-eabi/bin/../lib/gcc/arm-none-eabi/14.2.1/../../../../arm-none-eabi/lib/thumb/v7-m/nofp/libg.a(libc_a-findfp.o)
                              /Applications/ArmGNUToolchain/14.2.rel1/arm-none-eabi/bin/../lib/gcc/arm-none-eabi/14.2.1/../../../../arm-none-eabi/lib/thumb/v7-m/nofp/libg.a(libc_a-exit.o) (__stdio_exit_handler)
/Applications/ArmGNUToolchain/14.2.rel1/arm-none-eabi/bin/../lib/gcc/arm-none-eabi/14.2.1/../../../../arm-none-eabi/lib/thumb/v7-m/nofp/libg.a(libc_a-vsnprintf.o)
                              CMakeFiles/biaozhunceshi.elf.dir/Drivers/STM32F10x_StdPeriph_Driver/src/usart.c.obj (vsnprintf)
/Applications/ArmGNUToolchain/14.2.rel1/arm-none-eabi/bin/../lib/gcc/arm-none-eabi/14.2.1/../../../../arm-none-eabi/lib/thumb/v7-m/nofp/libg.a(libc_a-vsprintf.o)
                              CMakeFiles/biaozhunceshi.elf.dir/Drivers/STM32F10x_StdPeriph_Driver/src/oled.c.obj (vsprintf)
/Applications/ArmGNUToolchain/14.2.rel1/arm-none-eabi/bin/../lib/gcc/arm-none-eabi/14.2.1/../../../../arm-none-eabi/lib/thumb/v7-m/nofp/libg.a(libc_a-memset.o)
                              /Applications/ArmGNUToolchain/14.2.rel1/arm-none-eabi/bin/../lib/gcc/arm-none-eabi/14.2.1/../../../../arm-none-eabi/lib/thumb/v7-m/nofp/crt0.o (memset)
/Applications/ArmGNUToolchain/14.2.rel1/arm-none-eabi/bin/../lib/gcc/arm-none-eabi/14.2.1/../../../../arm-none-eabi/lib/thumb/v7-m/nofp/libg.a(libc_a-strchr.o)
                              CMakeFiles/biaozhunceshi.elf.dir/NET/device/src/esp8266.c.obj (strchr)
/Applications/ArmGNUToolchain/14.2.rel1/arm-none-eabi/bin/../lib/gcc/arm-none-eabi/14.2.1/../../../../arm-none-eabi/lib/thumb/v7-m/nofp/libg.a(libc_a-strstr.o)
                              CMakeFiles/biaozhunceshi.elf.dir/NET/device/src/esp8266.c.obj (strstr)
/Applications/ArmGNUToolchain/14.2.rel1/arm-none-eabi/bin/../lib/gcc/arm-none-eabi/14.2.1/../../../../arm-none-eabi/lib/thumb/v7-m/nofp/libg.a(libc_a-impure.o)
[...]
Memory Configuration

Name             Origin             Length             Attributes
FLASH            0x08000000         0x00010000         xr
RAM              0x20000000         0x00005000         xrw
*default*        0x00000000         0xffffffff

Linker script and memory map

LOAD /Applications/ArmGNUToolchain/14.2.rel1/arm-none-eabi/bin/../lib/gcc/arm-none-eabi/14.2.1/thumb/v7-m/nofp/crti.o
LOAD /Applications/ArmGNUToolchain/14.2.rel1/arm-none-eabi/bin/../lib/gcc/arm-none-eabi/14.2.1/thumb/v7-m/nofp/crtbegin.o
LOAD /Applications/ArmGNUToolchain/14.2.rel1/arm-none-eabi/bin/../lib/gcc/arm-none-eabi/14.2.1/../../../../arm-none-eabi/lib/thumb/v7-m/nofp/crt0.o
LOAD CMakeFiles/biaozhunceshi.elf.dir/Core/Src/main.c.obj
LOAD CMakeFiles/biaozhunceshi.elf.dir/Core/Src/stm32f10x_it.c.obj
LOAD CMakeFiles/biaozhunceshi.elf.dir/Core/Src/syscalls.c.obj
LOAD CMakeFiles/biaozhunceshi.elf.dir/Core/Src/sysmem.c.obj
LOAD CMakeFiles/biaozhunceshi.elf.dir/Core/Src/system_stm32f10x.c.obj
LOAD CMakeFiles/biaozhunceshi.elf.dir/Core/Startup/startup_stm32f103c6tx.s.obj
LOAD CMakeFiles/biaozhunceshi.elf.dir/Drivers/CMSIS/core_cm3.c.obj
LOAD CMakeFiles/biaozhunceshi.elf.dir/Drivers/STM32F10x_StdPeriph_Driver/src/delay.c.obj
LOAD CMakeFiles/biaozhunceshi.elf.dir/Drivers/STM32F10x_StdPeriph_Driver/src/dht11.c.obj
LOAD CMakeFiles/biaozhunceshi.elf.dir/Drivers/STM32F10x_StdPeriph_Driver/src/i2c.c.obj
LOAD CMakeFiles/biaozhunceshi.elf.dir/Drivers/STM32F10x_StdPeriph_Driver/src/key.c.obj
LOAD CMakeFiles/biaozhunceshi.elf.dir/Drivers/STM32F10x_StdPeriph_Driver/src/led.c.obj
LOAD CMakeFiles/biaozhunceshi.elf.dir/Drivers/STM32F10x_StdPeriph_Driver/src/misc.c.obj
LOAD CMakeFiles/biaozhunceshi.elf.dir/Drivers/STM32F10x_StdPeriph_Driver/src/oled.c.obj
LOAD CMakeFiles/biaozhunceshi.elf.dir/Drivers/STM32F10x_StdPeriph_Driver/src/si2c.c.obj
LOAD CMakeFiles/biaozhunceshi.elf.dir/Drivers/STM32F10x_StdPeriph_Driver/src/spi.c.obj
LOAD CMakeFiles/biaozhunceshi.elf.dir/Drivers/STM32F10x_StdPeriph_Driver/src/stm32f10x_adc.c.obj
LOAD CMakeFiles/biaozhunceshi.elf.dir/Drivers/STM32F10x_StdPeriph_Driver/src/stm32f10x_bkp.c.obj
LOAD CMakeFiles/biaozhunceshi.elf.dir/Drivers/STM32F10x_StdPeriph_Driver/src/stm32f10x_can.c.obj
LOAD CMakeFiles/biaozhunceshi.elf.dir/Drivers/STM32F10x_StdPeriph_Driver/src/stm32f10x_cec.c.obj
LOAD CMakeFiles/biaozhunceshi.elf.dir/Drivers/STM32F10x_StdPeriph_Driver/src/stm32f10x_crc.c.obj
LOAD CMakeFiles/biaozhunceshi.elf.dir/Drivers/STM32F10x_StdPeriph_Driver/src/stm32f10x_dac.c.obj
LOAD CMakeFiles/biaozhunceshi.elf.dir/Drivers/STM32F10x_StdPeriph_Driver/src/stm32f10x_dbgmcu.c.obj
LOAD CMakeFiles/biaozhunceshi.elf.dir/Drivers/STM32F10x_StdPeriph_Driver/src/stm32f10x_dma.c.obj
LOAD CMakeFiles/biaozhunceshi.elf.dir/Drivers/STM32F10x_StdPeriph_Driver/src/stm32f10x_exti.c.obj
LOAD CMakeFiles/biaozhunceshi.elf.dir/Drivers/STM32F10x_StdPeriph_Driver/src/stm32f10x_flash.c.obj
LOAD CMakeFiles/biaozhunceshi.elf.dir/Drivers/STM32F10x_StdPeriph_Driver/src/stm32f10x_fsmc.c.obj
LOAD CMakeFiles/biaozhunceshi.elf.dir/Drivers/STM32F10x_StdPeriph_Driver/src/stm32f10x_gpio.c.obj
LOAD CMakeFiles/biaozhunceshi.elf.dir/Drivers/STM32F10x_StdPeriph_Driver/src/stm32f10x_i2c.c.obj
LOAD CMakeFiles/biaozhunceshi.elf.dir/Drivers/STM32F10x_StdPeriph_Driver/src/stm32f10x_iwdg.c.obj
LOAD CMakeFiles/biaozhunceshi.elf.dir/Drivers/STM32F10x_StdPeriph_Driver/src/stm32f10x_pwr.c.obj
LOAD CMakeFiles/biaozhunceshi.elf.dir/Drivers/STM32F10x_StdPeriph_Driver/src/stm32f10x_rcc.c.obj
LOAD CMakeFiles/biaozhunceshi.elf.dir/Drivers/STM32F10x_StdPeriph_Driver/src/stm32f10x_rtc.c.obj
LOAD CMakeFiles/biaozhunceshi.elf.dir/Drivers/STM32F10x_StdPeriph_Driver/src/stm32f10x_sdio.c.obj
LOAD CMakeFiles/biaozhunceshi.elf.dir/Drivers/STM32F10x_StdPeriph_Driver/src/stm32f10x_spi.c.obj
LOAD CMakeFiles/biaozhunceshi.elf.dir/Drivers/STM32F10x_StdPeriph_Driver/src/stm32f10x_tim.c.obj
LOAD CMakeFiles/biaozhunceshi.elf.dir/Drivers/STM32F10x_StdPeriph_Driver/src/stm32f10x_usart.c.obj
LOAD CMakeFiles/biaozhunceshi.elf.dir/Drivers/STM32F10x_StdPeriph_Driver/src/stm32f10x_wwdg.c.obj
LOAD CMakeFiles/biaozhunceshi.elf.dir/Drivers/STM32F10x_StdPeriph_Driver/src/usart.c.obj
LOAD CMakeFiles/biaozhunceshi.elf.dir/NET/device/src/esp8266.c.obj
START GROUP
LOAD /Applications/ArmGNUToolchain/14.2.rel1/arm-none-eabi/bin/../lib/gcc/arm-none-eabi/14.2.1/thumb/v7-m/nofp/libgcc.a
LOAD /Applications/ArmGNUToolchain/14.2.rel1/arm-none-eabi/bin/../lib/gcc/arm-none-eabi/14.2.1/../../../../arm-none-eabi/lib/thumb/v7-m/nofp/libg.a
LOAD /Applications/ArmGNUToolchain/14.2.rel1/arm-none-eabi/bin/../lib/gcc/arm-none-eabi/14.2.1/../../../../arm-none-eabi/lib/thumb/v7-m/nofp/libc.a
END GROUP
START GROUP
LOAD /Applications/ArmGNUToolchain/14.2.rel1/arm-none-eabi/bin/../lib/gcc/arm-none-eabi/14.2.1/thumb/v7-m/nofp/libgcc.a
LOAD /Applications/ArmGNUToolchain/14.2.rel1/arm-none-eabi/bin/../lib/gcc/arm-none-eabi/14.2.1/../../../../arm-none-eabi/lib/thumb/v7-m/nofp/libc.a
LOAD /Applications/ArmGNUToolchain/14.2.rel1/arm-none-eabi/bin/../lib/gcc/arm-none-eabi/14.2.1/../../../../arm-none-eabi/lib/thumb/v7-m/nofp/libnosys.a
END GROUP
LOAD /Applications/ArmGNUToolchain/14.2.rel1/arm-none-eabi/bin/../lib/gcc/arm-none-eabi/14.2.1/thumb/v7-m/nofp/crtend.o
LOAD /Applications/ArmGNUToolchain/14.2.rel1/arm-none-eabi/bin/../lib/gcc/arm-none-eabi/14.2.1/thumb/v7-m/nofp/crtn.o
                0x20005000                        _estack = (ORIGIN (RAM) + LENGTH (RAM))
                0x00000200                        _Min_Heap_Size = 0x200
                0x00000400                        _Min_Stack_Size = 0x400

.isr_vector     0x08000000      0x10c
                0x08000000                        . = ALIGN (0x4)
 *(.isr_vector)
 .isr_vector    0x08000000      0x10c CMakeFiles/biaozhunceshi.elf.dir/Core/Startup/startup_stm32f103c6tx.s.obj
                0x08000000                g_pfnVectors
                0x0800010c                        . = ALIGN (0x4)

.text           0x08000110     0x8b40
                0x08000110                        . = ALIGN (0x4)
 *(.text)
 .text          0x08000110      0x378 /Applications/ArmGNUToolchain/14.2.rel1/arm-none-eabi/bin/../lib/gcc/arm-none-eabi/14.2.1/thumb/v7-m/nofp/libgcc.a(_arm_addsubdf3.o)
                0x08000110                __aeabi_drsub
                0x08000118                __subdf3
                0x08000118                __aeabi_dsub
                0x0800011c                __aeabi_dadd
                0x0800011c                __adddf3
                0x08000394                __aeabi_ui2d
                0x08000394                __floatunsidf
                0x080003b4                __floatsidf
                0x080003b4                __aeabi_i2d
                0x080003d8                __extendsfdf2
                0x080003d8                __aeabi_f2d
                0x0800041c                __aeabi_ul2d
                0x0800041c                __floatundidf
                0x0800042c                __aeabi_l2d
                0x0800042c                __floatdidf
 .text          0x08000488      0x424 /Applications/ArmGNUToolchain/14.2.rel1/arm-none-eabi/bin/../lib/gcc/arm-none-eabi/14.2.1/thumb/v7-m/nofp/libgcc.a(_arm_muldivdf3.o)
                0x08000488                __aeabi_dmul
                0x08000488                __muldf3
                0x080006dc                __aeabi_ddiv
                0x080006dc                __divdf3
 .text          0x080008ac       0x50 /Applications/ArmGNUToolchain/14.2.rel1/arm-none-eabi/bin/../lib/gcc/arm-none-eabi/14.2.1/thumb/v7-m/nofp/libgcc.a(_arm_fixdfsi.o)
                0x080008ac                __fixdfsi
                0x080008ac                __aeabi_d2iz
 .text          0x080008fc       0xec /Applications/ArmGNUToolchain/14.2.rel1/arm-none-eabi/bin/../lib/gcc/arm-none-eabi/14.2.1/../../../../arm-none-eabi/lib/thumb/v7-m/nofp/libg.a(libc_a-memcpy.o)
                0x080008fc                memcpy
 .text          0x080009e8      0x110 /Applications/ArmGNUToolchain/14.2.rel1/arm-none-eabi/bin/../lib/gcc/arm-none-eabi/14.2.1/thumb/v7-m/nofp/libgcc.a(_arm_cmpdf2.o)
                0x080009e8                __gedf2
                0x080009e8                __gtdf2
                0x080009f0                __ledf2
                0x080009f0                __ltdf2
                0x080009f8                __cmpdf2
                0x080009f8                __eqdf2
                0x080009f8                __nedf2
                0x08000a74                __aeabi_cdrcmple
                0x08000a84                __aeabi_cdcmple
                0x08000a84                __aeabi_cdcmpeq
                0x08000a94                __aeabi_dcmpeq
                0x08000aa8                __aeabi_dcmplt
                0x08000abc                __aeabi_dcmple
                0x08000ad0                __aeabi_dcmpge
                0x08000ae4                __aeabi_dcmpgt
 .text          0x08000af8       0x2c /Applications/ArmGNUToolchain/14.2.rel1/arm-none-eabi/bin/../lib/gcc/arm-none-eabi/14.2.1/thumb/v7-m/nofp/libgcc.a(_arm_unorddf2.o)
                0x08000af8                __aeabi_dcmpun
                0x08000af8                __unorddf2
 *(.text*)
 .text.deregister_tm_clones
                0x08000b24       0x1c /Applications/ArmGNUToolchain/14.2.rel1/arm-none-eabi/bin/../lib/gcc/arm-none-eabi/14.2.1/thumb/v7-m/nofp/crtbegin.o
 .text.register_tm_clones
                0x08000b40       0x24 /Applications/ArmGNUToolchain/14.2.rel1/arm-none-eabi/bin/../lib/gcc/arm-none-eabi/14.2.1/thumb/v7-m/nofp/crtbegin.o
 .text.__do_global_dtors_aux
                0x08000b64       0x28 /Applications/ArmGNUToolchain/14.2.rel1/arm-none-eabi/bin/../lib/gcc/arm-none-eabi/14.2.1/thumb/v7-m/nofp/crtbegin.o
 .text.frame_dummy
                0x08000b8c       0x24 /Applications/ArmGNUToolchain/14.2.rel1/arm-none-eabi/bin/../lib/gcc/arm-none-eabi/14.2.1/thumb/v7-m/nofp/crtbegin.o
 .text.Hardware_Init
                0x08000bb0       0x50 CMakeFiles/biaozhunceshi.elf.dir/Core/Src/main.c.obj
                0x08000bb0                Hardware_Init
 .text.main     0x08000c00       0x14 CMakeFiles/biaozhunceshi.elf.dir/Core/Src/main.c.obj
                0x08000c00                main
 .text.NMI_Handler
                0x08000c14        0x2 CMakeFiles/biaozhunceshi.elf.dir/Core/Src/stm32f10x_it.c.obj
                0x08000c14                NMI_Handler
 .text.HardFault_Handler
                0x08000c16        0x2 CMakeFiles/biaozhunceshi.elf.dir/Core/Src/stm32f10x_it.c.obj
                0x08000c16                HardFault_Handler
 .text.MemManage_Handler
                0x08000c18        0x2 CMakeFiles/biaozhunceshi.elf.dir/Core/Src/stm32f10x_it.c.obj
                0x08000c18                MemManage_Handler
 .text.BusFault_Handler
                0x08000c1a        0x2 CMakeFiles/biaozhunceshi.elf.dir/Core/Src/stm32f10x_it.c.obj
                0x08000c1a                BusFault_Handler
 .text.UsageFault_Handler
                0x08000c1c        0x2 CMakeFiles/biaozhunceshi.elf.dir/Core/Src/stm32f10x_it.c.obj
                0x08000c1c                UsageFault_Handler
 .text.SVC_Handler
                0x08000c1e        0x2 CMakeFiles/biaozhunceshi.elf.dir/Core/Src/stm32f10x_it.c.obj
                0x08000c1e                SVC_Handler
 .text.DebugMon_Handler
                0x08000c20        0x2 CMakeFiles/biaozhunceshi.elf.dir/Core/Src/stm32f10x_it.c.obj
                0x08000c20                DebugMon_Handler
 .text.PendSV_Handler
                0x08000c22        0x2 CMakeFiles/biaozhunceshi.elf.dir/Core/Src/stm32f10x_it.c.obj
                0x08000c22                PendSV_Handler
 .text.SysTick_Handler
                0x08000c24        0x2 CMakeFiles/biaozhunceshi.elf.dir/Core/Src/stm32f10x_it.c.obj
                0x08000c24                SysTick_Handler
 .text._getpid  0x08000c26        0x4 CMakeFiles/biaozhunceshi.elf.dir/Core/Src/syscalls.c.obj
                0x08000c26                _getpid
 .text._kill    0x08000c2a       0x10 CMakeFiles/biaozhunceshi.elf.dir/Core/Src/syscalls.c.obj
                0x08000c2a                _kill
 .text._exit    0x08000c3a        0xc CMakeFiles/biaozhunceshi.elf.dir/Core/Src/syscalls.c.obj
                0x08000c3a                _exit
 .text._read    0x08000c46       0x20 CMakeFiles/biaozhunceshi.elf.dir/Core/Src/syscalls.c.obj
                0x08000c46                _read
 .text._write   0x08000c66       0x1c CMakeFiles/biaozhunceshi.elf.dir/Core/Src/syscalls.c.obj
                0x08000c66                _write
 .text._close   0x08000c82        0x6 CMakeFiles/biaozhunceshi.elf.dir/Core/Src/syscalls.c.obj
                0x08000c82                _close
 .text._fstat   0x08000c88        0xa CMakeFiles/biaozhunceshi.elf.dir/Core/Src/syscalls.c.obj
                0x08000c88                _fstat
 .text._isatty  0x08000c92        0x4 CMakeFiles/biaozhunceshi.elf.dir/Core/Src/syscalls.c.obj
                0x08000c92                _isatty
 .text._lseek   0x08000c96        0x4 CMakeFiles/biaozhunceshi.elf.dir/Core/Src/syscalls.c.obj
                0x08000c96                _lseek
 *fill*         0x08000c9a        0x2 
 .text._sbrk    0x08000c9c       0x48 CMakeFiles/biaozhunceshi.elf.dir/Core/Src/sysmem.c.obj
                0x08000c9c                _sbrk
 .text.SetSysClockTo72
                0x08000ce4       0xc4 CMakeFiles/biaozhunceshi.elf.dir/Core/Src/system_stm32f10x.c.obj
 .text.SetSysClock
                0x08000da8        0x8 CMakeFiles/biaozhunceshi.elf.dir/Core/Src/system_stm32f10x.c.obj
 .text.SystemInit
                0x08000db0       0x50 CMakeFiles/biaozhunceshi.elf.dir/Core/Src/system_stm32f10x.c.obj
                0x08000db0                SystemInit
 .text.Reset_Handler
                0x08000e00       0x48 CMakeFiles/biaozhunceshi.elf.dir/Core/Startup/startup_stm32f103c6tx.s.obj
                0x08000e00                Reset_Handler
 .text.Default_Handler
                0x08000e48        0x2 CMakeFiles/biaozhunceshi.elf.dir/Core/Startup/startup_stm32f103c6tx.s.obj
                0x08000e48                USBWakeUp_IRQHandler
                0x08000e48                EXTI2_IRQHandler
                0x08000e48                TIM1_CC_IRQHandler
                0x08000e48                PVD_IRQHandler
                0x08000e48                EXTI3_IRQHandler
                0x08000e48                EXTI0_IRQHandler
                0x08000e48                ADC1_2_IRQHandler
                0x08000e48                SPI1_IRQHandler
                0x08000e48                TAMPER_IRQHandler
                0x08000e48                DMA1_Channel4_IRQHandler
                0x08000e48                RTC_IRQHandler
                0x08000e48                DMA1_Channel7_IRQHandler
                0x08000e48                CAN1_RX1_IRQHandler
                0x08000e48                I2C1_EV_IRQHandler
                0x08000e48                DMA1_Channel6_IRQHandler
                0x08000e48                TIM3_IRQHandler
                0x08000e48                RCC_IRQHandler
                0x08000e48                TIM1_TRG_COM_IRQHandler
                0x08000e48                DMA1_Channel1_IRQHandler
                0x08000e48                Default_Handler
                0x08000e48                EXTI15_10_IRQHandler
                0x08000e48                EXTI9_5_IRQHandler
                0x08000e48                DMA1_Channel5_IRQHandler
                0x08000e48                EXTI4_IRQHandler
                0x08000e48                USB_LP_CAN1_RX0_IRQHandler
                0x08000e48                USB_HP_CAN1_TX_IRQHandler
                0x08000e48                DMA1_Channel3_IRQHandler
                0x08000e48                TIM1_UP_IRQHandler
                0x08000e48                WWDG_IRQHandler
                0x08000e48                TIM2_IRQHandler
                0x08000e48                TIM1_BRK_IRQHandler
                0x08000e48                DMA1_Channel2_IRQHandler
                0x08000e48                CAN1_SCE_IRQHandler
                0x08000e48                FLASH_IRQHandler
                0x08000e48                I2C1_ER_IRQHandler
                0x08000e48                RTC_Alarm_IRQHandler
 *fill*         0x08000e4a        0x2 
 .text.Delay_Init
                0x08000e4c       0x24 CMakeFiles/biaozhunceshi.elf.dir/Drivers/STM32F10x_StdPeriph_Driver/src/delay.c.obj
                0x08000e4c                Delay_Init
 .text.DelayUs  0x08000e70       0x34 CMakeFiles/biaozhunceshi.elf.dir/Drivers/STM32F10x_StdPeriph_Driver/src/delay.c.obj
                0x08000e70                DelayUs
 .text.DelayXms
                0x08000ea4       0x38 CMakeFiles/biaozhunceshi.elf.dir/Drivers/STM32F10x_StdPeriph_Driver/src/delay.c.obj
                0x08000ea4                DelayXms
 .text.DelayMs  0x08000edc       0x38 CMakeFiles/biaozhunceshi.elf.dir/Drivers/STM32F10x_StdPeriph_Driver/src/delay.c.obj
                0x08000edc                DelayMs
 .text.DHT11_Rst
                0x08000f14       0x3c CMakeFiles/biaozhunceshi.elf.dir/Drivers/STM32F10x_StdPeriph_Driver/src/dht11.c.obj
                0x08000f14                DHT11_Rst
 .text.DHT11_Check
                0x08000f50       0x64 CMakeFiles/biaozhunceshi.elf.dir/Drivers/STM32F10x_StdPeriph_Driver/src/dht11.c.obj
                0x08000f50                DHT11_Check
 .text.DHT11_Init
                0x08000fb4       0x40 CMakeFiles/biaozhunceshi.elf.dir/Drivers/STM32F10x_StdPeriph_Driver/src/dht11.c.obj
                0x08000fb4                DHT11_Init
 .text.Key_Init
                0x08000ff4       0x70 CMakeFiles/biaozhunceshi.elf.dir/Drivers/STM32F10x_StdPeriph_Driver/src/key.c.obj
                0x08000ff4                Key_Init
 .text.EXTI1_IRQHandler
                0x08001064       0x34 CMakeFiles/biaozhunceshi.elf.dir/Drivers/STM32F10x_StdPeriph_Driver/src/key.c.obj
                0x08001064                EXTI1_IRQHandler
 .text.Led_Set  0x08001098       0x20 CMakeFiles/biaozhunceshi.elf.dir/Drivers/STM32F10x_StdPeriph_Driver/src/led.c.obj
                0x08001098                Led_Set
 .text.Led_Init
                0x080010b8       0x38 CMakeFiles/biaozhunceshi.elf.dir/Drivers/STM32F10x_StdPeriph_Driver/src/led.c.obj
                0x080010b8                Led_Init
 .text.NVIC_Init
                0x080010f0       0x60 CMakeFiles/biaozhunceshi.elf.dir/Drivers/STM32F10x_StdPeriph_Driver/src/misc.c.obj
                0x080010f0                NVIC_Init
 .text.EXTI_Init
                0x08001150       0x8c CMakeFiles/biaozhunceshi.elf.dir/Drivers/STM32F10x_StdPeriph_Driver/src/stm32f10x_exti.c.obj
                0x08001150                EXTI_Init
 .text.EXTI_ClearITPendingBit
                0x080011dc        0xc CMakeFiles/biaozhunceshi.elf.dir/Drivers/STM32F10x_StdPeriph_Driver/src/stm32f10x_exti.c.obj
                0x080011dc                EXTI_ClearITPendingBit
 .text.GPIO_Init
                0x080011e8       0xb0 CMakeFiles/biaozhunceshi.elf.dir/Drivers/STM32F10x_StdPeriph_Driver/src/stm32f10x_gpio.c.obj
                0x080011e8                GPIO_Init
 .text.GPIO_ReadInputDataBit
                0x08001298        0xe CMakeFiles/biaozhunceshi.elf.dir/Drivers/STM32F10x_StdPeriph_Driver/src/stm32f10x_gpio.c.obj
                0x08001298                GPIO_ReadInputDataBit
 .text.GPIO_SetBits
                0x080012a6        0x4 CMakeFiles/biaozhunceshi.elf.dir/Drivers/STM32F10x_StdPeriph_Driver/src/stm32f10x_gpio.c.obj
                0x080012a6                GPIO_SetBits
 .text.GPIO_WriteBit
                0x080012aa        0xa CMakeFiles/biaozhunceshi.elf.dir/Drivers/STM32F10x_StdPeriph_Driver/src/stm32f10x_gpio.c.obj
                0x080012aa                GPIO_WriteBit
 .text.GPIO_EXTILineConfig
                0x080012b4       0x38 CMakeFiles/biaozhunceshi.elf.dir/Drivers/STM32F10x_StdPeriph_Driver/src/stm32f10x_gpio.c.obj
                0x080012b4                GPIO_EXTILineConfig
 .text.RCC_GetClocksFreq
                0x080012ec       0xb4 CMakeFiles/biaozhunceshi.elf.dir/Drivers/STM32F10x_StdPeriph_Driver/src/stm32f10x_rcc.c.obj
                0x080012ec                RCC_GetClocksFreq
 .text.RCC_APB2PeriphClockCmd
                0x080013a0       0x1c CMakeFiles/biaozhunceshi.elf.dir/Drivers/STM32F10x_StdPeriph_Driver/src/stm32f10x_rcc.c.obj
                0x080013a0                RCC_APB2PeriphClockCmd
 .text.RCC_APB1PeriphClockCmd
                0x080013bc       0x1c CMakeFiles/biaozhunceshi.elf.dir/Drivers/STM32F10x_StdPeriph_Driver/src/stm32f10x_rcc.c.obj
                0x080013bc                RCC_APB1PeriphClockCmd
 .text.USART_Init
                0x080013d8       0xc4 CMakeFiles/biaozhunceshi.elf.dir/Drivers/STM32F10x_StdPeriph_Driver/src/stm32f10x_usart.c.obj
                0x080013d8                USART_Init
 .text.USART_Cmd
                0x0800149c       0x1c CMakeFiles/biaozhunceshi.elf.dir/Drivers/STM32F10x_StdPeriph_Driver/src/stm32f10x_usart.c.obj
                0x0800149c                USART_Cmd
 .text.USART_ITConfig
                0x080014b8       0x36 CMakeFiles/biaozhunceshi.elf.dir/Drivers/STM32F10x_StdPeriph_Driver/src/stm32f10x_usart.c.obj
                0x080014b8                USART_ITConfig
 .text.USART_SendData
                0x080014ee        0x8 CMakeFiles/biaozhunceshi.elf.dir/Drivers/STM32F10x_StdPeriph_Driver/src/stm32f10x_usart.c.obj
                0x080014ee                USART_SendData
 .text.USART_GetFlagStatus
                0x080014f6        0xe CMakeFiles/biaozhunceshi.elf.dir/Drivers/STM32F10x_StdPeriph_Driver/src/stm32f10x_usart.c.obj
                0x080014f6                USART_GetFlagStatus
 .text.USART_ClearFlag
                0x08001504        0x8 CMakeFiles/biaozhunceshi.elf.dir/Drivers/STM32F10x_StdPeriph_Driver/src/stm32f10x_usart.c.obj
                0x08001504                USART_ClearFlag
 .text.USART_GetITStatus
                0x0800150c       0x4a CMakeFiles/biaozhunceshi.elf.dir/Drivers/STM32F10x_StdPeriph_Driver/src/stm32f10x_usart.c.obj
                0x0800150c                USART_GetITStatus
 *fill*         0x08001556        0x2 
 .text.Usart1_Init
                0x08001558       0xb0 CMakeFiles/biaozhunceshi.elf.dir/Drivers/STM32F10x_StdPeriph_Driver/src/usart.c.obj
                0x08001558                Usart1_Init
 .text.Usart2_Init
                0x08001608       0xb0 CMakeFiles/biaozhunceshi.elf.dir/Drivers/STM32F10x_StdPeriph_Driver/src/usart.c.obj
                0x08001608                Usart2_Init
 .text.Usart_SendString
                0x080016b8       0x2c CMakeFiles/biaozhunceshi.elf.dir/Drivers/STM32F10x_StdPeriph_Driver/src/usart.c.obj
                0x080016b8                Usart_SendString
 .text.UsartPrintf
                0x080016e4       0x42 CMakeFiles/biaozhunceshi.elf.dir/Drivers/STM32F10x_StdPeriph_Driver/src/usart.c.obj
                0x080016e4                UsartPrintf
 *fill*         0x08001726        0x2 
 .text.USART1_IRQHandler
                0x08001728       0x20 CMakeFiles/biaozhunceshi.elf.dir/Drivers/STM32F10x_StdPeriph_Driver/src/usart.c.obj
                0x08001728                USART1_IRQHandler
 .text.ESP8266_Clear
                0x08001748       0x20 CMakeFiles/biaozhunceshi.elf.dir/NET/device/src/esp8266.c.obj
                0x08001748                ESP8266_Clear
 .text.ESP8266_WaitRecive
                0x08001768       0x2c CMakeFiles/biaozhunceshi.elf.dir/NET/device/src/esp8266.c.obj
                0x08001768                ESP8266_WaitRecive
 .text.ESP8266_SendCmd
                0x08001794       0x50 CMakeFiles/biaozhunceshi.elf.dir/NET/device/src/esp8266.c.obj
                0x08001794                ESP8266_SendCmd
 .text.ESP8266_Init
                0x080017e4      0x108 CMakeFiles/biaozhunceshi.elf.dir/NET/device/src/esp8266.c.obj
                0x080017e4                ESP8266_Init
 .text.USART2_IRQHandler
                0x080018ec       0x48 CMakeFiles/biaozhunceshi.elf.dir/NET/device/src/esp8266.c.obj
                0x080018ec                USART2_IRQHandler
 .text._malloc_r
                0x08001934      0x57c /Applications/ArmGNUToolchain/14.2.rel1/arm-none-eabi/bin/../lib/gcc/arm-none-eabi/14.2.1/../../../../arm-none-eabi/lib/thumb/v7-m/nofp/libg.a(libc_a-mallocr.o)
                0x08001934                _malloc_r
 .text.__malloc_lock
                0x08001eb0        0xc /Applications/ArmGNUToolchain/14.2.rel1/arm-none-eabi/bin/../lib/gcc/arm-none-eabi/14.2.1/../../../../arm-none-eabi/lib/thumb/v7-m/nofp/libg.a(libc_a-mlock.o)
                0x08001eb0                __malloc_lock
 .text.__malloc_unlock
                0x08001ebc        0xc /Applications/ArmGNUToolchain/14.2.rel1/arm-none-eabi/bin/../lib/gcc/arm-none-eabi/14.2.1/../../../../arm-none-eabi/lib/thumb/v7-m/nofp/libg.a(libc_a-mlock.o)
                0x08001ebc                __malloc_unlock
 .text.stdio_exit_handler
                0x08001ec8       0x18 /Applications/ArmGNUToolchain/14.2.rel1/arm-none-eabi/bin/../lib/gcc/arm-none-eabi/14.2.1/../../../../arm-none-eabi/lib/thumb/v7-m/nofp/libg.a(libc_a-findfp.o)
 .text.cleanup_stdio
                0x08001ee0       0x40 /Applications/ArmGNUToolchain/14.2.rel1/arm-none-eabi/bin/../lib/gcc/arm-none-eabi/14.2.1/../../../../arm-none-eabi/lib/thumb/v7-m/nofp/libg.a(libc_a-findfp.o)
 .text.global_stdio_init.part.0
                0x08001f20       0xf0 /Applications/ArmGNUToolchain/14.2.rel1/arm-none-eabi/bin/../lib/gcc/arm-none-eabi/14.2.1/../../../../arm-none-eabi/lib/thumb/v7-m/nofp/libg.a(libc_a-findfp.o)
 .text.__sinit  0x08002010       0x3c /Applications/ArmGNUToolchain/14.2.rel1/arm-none-eabi/bin/../lib/gcc/arm-none-eabi/14.2.1/../../../../arm-none-eabi/lib/thumb/v7-m/nofp/libg.a(libc_a-findfp.o)
                0x08002010                __sinit
 .text.__sfp_lock_acquire
                0x0800204c        0xc /Applications/ArmGNUToolchain/14.2.rel1/arm-none-eabi/bin/../lib/gcc/arm-none-eabi/14.2.1/../../../../arm-none-eabi/lib/thumb/v7-m/nofp/libg.a(libc_a-findfp.o)
                0x0800204c                __sfp_lock_acquire
 .text.__sfp_lock_release
                0x08002058        0xc /Applications/ArmGNUToolchain/14.2.rel1/arm-none-eabi/bin/../lib/gcc/arm-none-eabi/14.2.1/../../../../arm-none-eabi/lib/thumb/v7-m/nofp/libg.a(libc_a-findfp.o)
                0x08002058                __sfp_lock_release
 .text.vsnprintf
                0x08002064       0x74 /Applications/ArmGNUToolchain/14.2.rel1/arm-none-eabi/bin/../lib/gcc/arm-none-eabi/14.2.1/../../../../arm-none-eabi/lib/thumb/v7-m/nofp/libg.a(libc_a-vsnprintf.o)
                0x08002064                vsnprintf
 .text.memset   0x080020d8       0x9c /Applications/ArmGNUToolchain/14.2.rel1/arm-none-eabi/bin/../lib/gcc/arm-none-eabi/14.2.1/../../../../arm-none-eabi/lib/thumb/v7-m/nofp/libg.a(libc_a-memset.o)
                0x080020d8                memset
 .text.strchr   0x08002174       0xd0 /Applications/ArmGNUToolchain/14.2.rel1/arm-none-eabi/bin/../lib/gcc/arm-none-eabi/14.2.1/../../../../arm-none-eabi/lib/thumb/v7-m/nofp/libg.a(libc_a-strchr.o)
                0x08002174                strchr
 .text.critical_factorization
                0x08002244       0xc8 /Applications/ArmGNUToolchain/14.2.rel1/arm-none-eabi/bin/../lib/gcc/arm-none-eabi/14.2.1/../../../../arm-none-eabi/lib/thumb/v7-m/nofp/libg.a(libc_a-strstr.o)
 .text.two_way_long_needle
                0x0800230c      0x208 /Applications/ArmGNUToolchain/14.2.rel1/arm-none-eabi/bin/../lib/gcc/arm-none-eabi/14.2.1/../../../../arm-none-eabi/lib/thumb/v7-m/nofp/libg.a(libc_a-strstr.o)
 .text.strstr   0x08002514      0x158 /Applications/ArmGNUToolchain/14.2.rel1/arm-none-eabi/bin/../lib/gcc/arm-none-eabi/14.2.1/../../../../arm-none-eabi/lib/thumb/v7-m/nofp/libg.a(libc_a-strstr.o)
                0x08002514                strstr
 .text._sbrk_r  0x0800266c       0x24 /Applications/ArmGNUToolchain/14.2.rel1/arm-none-eabi/bin/../lib/gcc/arm-none-eabi/14.2.1/../../../../arm-none-eabi/lib/thumb/v7-m/nofp/libg.a(libc_a-sbrkr.o)
                0x0800266c                _sbrk_r
 .text.__errno  0x08002690        0xc /Applications/ArmGNUToolchain/14.2.rel1/arm-none-eabi/bin/../lib/gcc/arm-none-eabi/14.2.1/../../../../arm-none-eabi/lib/thumb/v7-m/nofp/libg.a(libc_a-errno.o)
                0x08002690                __errno
 .text.sysconf  0x0800269c       0x1c /Applications/ArmGNUToolchain/14.2.rel1/arm-none-eabi/bin/../lib/gcc/arm-none-eabi/14.2.1/../../../../arm-none-eabi/lib/thumb/v7-m/nofp/libg.a(libc_a-sysconf.o)
                0x0800269c                sysconf
 .text.__libc_init_array
                0x080026b8       0x50 /Applications/ArmGNUToolchain/14.2.rel1/arm-none-eabi/bin/../lib/gcc/arm-none-eabi/14.2.1/../../../../arm-none-eabi/lib/thumb/v7-m/nofp/libg.a(libc_a-init.o)
                0x080026b8                __libc_init_array
 .text.__retarget_lock_init_recursive
                0x08002708        0x4 /Applications/ArmGNUToolchain/14.2.rel1/arm-none-eabi/bin/../lib/gcc/arm-none-eabi/14.2.1/../../../../arm-none-eabi/lib/thumb/v7-m/nofp/libg.a(libc_a-lock.o)
                0x08002708                __retarget_lock_init_recursive
 .text.__retarget_lock_close_recursive
                0x0800270c        0x4 /Applications/ArmGNUToolchain/14.2.rel1/arm-none-eabi/bin/../lib/gcc/arm-none-eabi/14.2.1/../../../../arm-none-eabi/lib/thumb/v7-m/nofp/libg.a(libc_a-lock.o)
                0x0800270c                __retarget_lock_close_recursive
 .text.__retarget_lock_acquire_recursive
                0x08002710        0x4 /Applications/ArmGNUToolchain/14.2.rel1/arm-none-eabi/bin/../lib/gcc/arm-none-eabi/14.2.1/../../../../arm-none-eabi/lib/thumb/v7-m/nofp/libg.a(libc_a-lock.o)
                0x08002710                __retarget_lock_acquire_recursive
 .text.__retarget_lock_release_recursive
                0x08002714        0x4 /Applications/ArmGNUToolchain/14.2.rel1/arm-none-eabi/bin/../lib/gcc/arm-none-eabi/14.2.1/../../../../arm-none-eabi/lib/thumb/v7-m/nofp/libg.a(libc_a-lock.o)
                0x08002714                __retarget_lock_release_recursive
 .text.strlen   0x08002718       0x5c /Applications/ArmGNUToolchain/14.2.rel1/arm-none-eabi/bin/../lib/gcc/arm-none-eabi/14.2.1/../../../../arm-none-eabi/lib/thumb/v7-m/nofp/libg.a(libc_a-strlen-stub.o)
                0x08002718                strlen
 .text.startup.register_fini
                0x08002774       0x14 /Applications/ArmGNUToolchain/14.2.rel1/arm-none-eabi/bin/../lib/gcc/arm-none-eabi/14.2.1/../../../../arm-none-eabi/lib/thumb/v7-m/nofp/libg.a(libc_a-__call_atexit.o)
 .text.atexit   0x08002788        0xc /Applications/ArmGNUToolchain/14.2.rel1/arm-none-eabi/bin/../lib/gcc/arm-none-eabi/14.2.1/../../../../arm-none-eabi/lib/thumb/v7-m/nofp/libg.a(libc_a-atexit.o)
                0x08002788                atexit
 .text._malloc_trim_r
                0x08002794       0xb8 /Applications/ArmGNUToolchain/14.2.rel1/arm-none-eabi/bin/../lib/gcc/arm-none-eabi/14.2.1/../../../../arm-none-eabi/lib/thumb/v7-m/nofp/libg.a(libc_a-freer.o)
                0x08002794                _malloc_trim_r
 .text._free_r  0x0800284c      0x1e8 /Applications/ArmGNUToolchain/14.2.rel1/arm-none-eabi/bin/../lib/gcc/arm-none-eabi/14.2.1/../../../../arm-none-eabi/lib/thumb/v7-m/nofp/libg.a(libc_a-freer.o)
                0x0800284c                _free_r
 .text._svfprintf_r
                0x08002a34     0x2250 /Applications/ArmGNUToolchain/14.2.rel1/arm-none-eabi/bin/../lib/gcc/arm-none-eabi/14.2.1/../../../../arm-none-eabi/lib/thumb/v7-m/nofp/libg.a(libc_a-svfprintf.o)
                0x08002a34                _svfprintf_r
 .text._fwalk_sglue
                0x08004c84       0x44 /Applications/ArmGNUToolchain/14.2.rel1/arm-none-eabi/bin/../lib/gcc/arm-none-eabi/14.2.1/../../../../arm-none-eabi/lib/thumb/v7-m/nofp/libg.a(libc_a-fwalk.o)
                0x08004c84                _fwalk_sglue
 .text.__ssprint_r
                0x08004cc8       0x58 /Applications/ArmGNUToolchain/14.2.rel1/arm-none-eabi/bin/../lib/gcc/arm-none-eabi/14.2.1/../../../../arm-none-eabi/lib/thumb/v7-m/nofp/libg.a(libc_a-ssprint_r.o)
                0x08004cc8                __ssprint_r
 .text._fclose_r
                0x08004d20       0xc0 /Applications/ArmGNUToolchain/14.2.rel1/arm-none-eabi/bin/../lib/gcc/arm-none-eabi/14.2.1/../../../../arm-none-eabi/lib/thumb/v7-m/nofp/libg.a(libc_a-fclose.o)
                0x08004d20                _fclose_r
 .text.__sflush_r
                0x08004de0      0x124 /Applications/ArmGNUToolchain/14.2.rel1/arm-none-eabi/bin/../lib/gcc/arm-none-eabi/14.2.1/../../../../arm-none-eabi/lib/thumb/v7-m/nofp/libg.a(libc_a-fflush.o)
                0x08004de0                __sflush_r
 .text._fflush_r
                0x08004f04       0x54 /Applications/ArmGNUToolchain/14.2.rel1/arm-none-eabi/bin/../lib/gcc/arm-none-eabi/14.2.1/../../../../arm-none-eabi/lib/thumb/v7-m/nofp/libg.a(libc_a-fflush.o)
                0x08004f04                _fflush_r
 .text.__sread  0x08004f58       0x24 /Applications/ArmGNUToolchain/14.2.rel1/arm-none-eabi/bin/../lib/gcc/arm-none-eabi/14.2.1/../../../../arm-none-eabi/lib/thumb/v7-m/nofp/libg.a(libc_a-stdio.o)
                0x08004f58                __sread
 .text.__swrite
                0x08004f7c       0x40 /Applications/ArmGNUToolchain/14.2.rel1/arm-none-eabi/bin/../lib/gcc/arm-none-eabi/14.2.1/../../../../arm-none-eabi/lib/thumb/v7-m/nofp/libg.a(libc_a-stdio.o)
                0x08004f7c                __swrite
 .text.__sseek  0x08004fbc       0x24 /Applications/ArmGNUToolchain/14.2.rel1/arm-none-eabi/bin/../lib/gcc/arm-none-eabi/14.2.1/../../../../arm-none-eabi/lib/thumb/v7-m/nofp/libg.a(libc_a-stdio.o)
                0x08004fbc                __sseek
 .text.__sclose
                0x08004fe0        0x8 /Applications/ArmGNUToolchain/14.2.rel1/arm-none-eabi/bin/../lib/gcc/arm-none-eabi/14.2.1/../../../../arm-none-eabi/lib/thumb/v7-m/nofp/libg.a(libc_a-stdio.o)
                0x08004fe0                __sclose
 .text.memcmp   0x08004fe8       0x5c /Applications/ArmGNUToolchain/14.2.rel1/arm-none-eabi/bin/../lib/gcc/arm-none-eabi/14.2.1/../../../../arm-none-eabi/lib/thumb/v7-m/nofp/libg.a(libc_a-memcmp.o)
                0x08004fe8                memcmp
 .text.strncpy  0x08005044       0x6c /Applications/ArmGNUToolchain/14.2.rel1/arm-none-eabi/bin/../lib/gcc/arm-none-eabi/14.2.1/../../../../arm-none-eabi/lib/thumb/v7-m/nofp/libg.a(libc_a-strncpy.o)
                0x08005044                strncpy
 .text.strnlen  0x080050b0       0x2c /Applications/ArmGNUToolchain/14.2.rel1/arm-none-eabi/bin/../lib/gcc/arm-none-eabi/14.2.1/../../../../arm-none-eabi/lib/thumb/v7-m/nofp/libg.a(libc_a-strnlen.o)
                0x080050b0                strnlen
 .text.__locale_mb_cur_max
                0x080050dc        0xc /Applications/ArmGNUToolchain/14.2.rel1/arm-none-eabi/bin/../lib/gcc/arm-none-eabi/14.2.1/../../../../arm-none-eabi/lib/thumb/v7-m/nofp/libg.a(libc_a-locale.o)
                0x080050dc                __locale_mb_cur_max
 .text._localeconv_r
                0x080050e8        0x8 /Applications/ArmGNUToolchain/14.2.rel1/arm-none-eabi/bin/../lib/gcc/arm-none-eabi/14.2.1/../../../../arm-none-eabi/lib/thumb/v7-m/nofp/libg.a(libc_a-localeconv.o)
                0x080050e8                _localeconv_r
 .text._close_r
                0x080050f0       0x24 /Applications/ArmGNUToolchain/14.2.rel1/arm-none-eabi/bin/../lib/gcc/arm-none-eabi/14.2.1/../../../../arm-none-eabi/lib/thumb/v7-m/nofp/libg.a(libc_a-closer.o)
                0x080050f0                _close_r
 .text._lseek_r
                0x08005114       0x2c /Applications/ArmGNUToolchain/14.2.rel1/arm-none-eabi/bin/../lib/gcc/arm-none-eabi/14.2.1/../../../../arm-none-eabi/lib/thumb/v7-m/nofp/libg.a(libc_a-lseekr.o)
                0x08005114                _lseek_r
 .text._read_r  0x08005140       0x2c /Applications/ArmGNUToolchain/14.2.rel1/arm-none-eabi/bin/../lib/gcc/arm-none-eabi/14.2.1/../../../../arm-none-eabi/lib/thumb/v7-m/nofp/libg.a(libc_a-readr.o)
                0x08005140                _read_r
 .text._write_r
                0x0800516c       0x2c /Applications/ArmGNUToolchain/14.2.rel1/arm-none-eabi/bin/../lib/gcc/arm-none-eabi/14.2.1/../../../../arm-none-eabi/lib/thumb/v7-m/nofp/libg.a(libc_a-writer.o)
                0x0800516c                _write_r
 .text.__libc_fini_array
                0x08005198       0x28 /Applications/ArmGNUToolchain/14.2.rel1/arm-none-eabi/bin/../lib/gcc/arm-none-eabi/14.2.1/../../../../arm-none-eabi/lib/thumb/v7-m/nofp/libg.a(libc_a-fini.o)
                0x08005198                __libc_fini_array
 .text.memchr   0x080051c0       0x80 /Applications/ArmGNUToolchain/14.2.rel1/arm-none-eabi/bin/../lib/gcc/arm-none-eabi/14.2.1/../../../../arm-none-eabi/lib/thumb/v7-m/nofp/libg.a(libc_a-memchr-stub.o)
                0x080051c0                memchr
 .text._wcrtomb_r
                0x08005240       0x4c /Applications/ArmGNUToolchain/14.2.rel1/arm-none-eabi/bin/../lib/gcc/arm-none-eabi/14.2.1/../../../../arm-none-eabi/lib/thumb/v7-m/nofp/libg.a(libc_a-wcrtomb.o)
                0x08005240                _wcrtomb_r
 .text._wcsrtombs_r
                0x0800528c       0x18 /Applications/ArmGNUToolchain/14.2.rel1/arm-none-eabi/bin/../lib/gcc/arm-none-eabi/14.2.1/../../../../arm-none-eabi/lib/thumb/v7-m/nofp/libg.a(libc_a-wcsrtombs.o)
                0x0800528c                _wcsrtombs_r
 .text.__register_exitproc
                0x080052a4       0x80 /Applications/ArmGNUToolchain/14.2.rel1/arm-none-eabi/bin/../lib/gcc/arm-none-eabi/14.2.1/../../../../arm-none-eabi/lib/thumb/v7-m/nofp/libg.a(libc_a-__atexit.o)
                0x080052a4                __register_exitproc
 .text.frexp    0x08005324       0x6c /Applications/ArmGNUToolchain/14.2.rel1/arm-none-eabi/bin/../lib/gcc/arm-none-eabi/14.2.1/../../../../arm-none-eabi/lib/thumb/v7-m/nofp/libg.a(libm_a-s_frexp.o)
                0x08005324                frexp
 .text.quorem   0x08005390      0x13c /Applications/ArmGNUToolchain/14.2.rel1/arm-none-eabi/bin/../lib/gcc/arm-none-eabi/14.2.1/../../../../arm-none-eabi/lib/thumb/v7-m/nofp/libg.a(libc_a-dtoa.o)
 *fill*         0x080054cc        0x4 
 .text._dtoa_r  0x080054d0     0x1030 /Applications/ArmGNUToolchain/14.2.rel1/arm-none-eabi/bin/../lib/gcc/arm-none-eabi/14.2.1/../../../../arm-none-eabi/lib/thumb/v7-m/nofp/libg.a(libc_a-dtoa.o)
                0x080054d0                _dtoa_r
 .text.__ascii_mbtowc
                0x08006500       0x2c /Applications/ArmGNUToolchain/14.2.rel1/arm-none-eabi/bin/../lib/gcc/arm-none-eabi/14.2.1/../../../../arm-none-eabi/lib/thumb/v7-m/nofp/libg.a(libc_a-mbtowc_r.o)
                0x08006500                __ascii_mbtowc
 .text._Balloc  0x0800652c       0x4c /Applications/ArmGNUToolchain/14.2.rel1/arm-none-eabi/bin/../lib/gcc/arm-none-eabi/14.2.1/../../../../arm-none-eabi/lib/thumb/v7-m/nofp/libg.a(libc_a-mprec.o)
                0x0800652c                _Balloc
 .text._Bfree   0x08006578       0x14 /Applications/ArmGNUToolchain/14.2.rel1/arm-none-eabi/bin/../lib/gcc/arm-none-eabi/14.2.1/../../../../arm-none-eabi/lib/thumb/v7-m/nofp/libg.a(libc_a-mprec.o)
                0x08006578                _Bfree
 .text.__multadd
                0x0800658c       0xa4 /Applications/ArmGNUToolchain/14.2.rel1/arm-none-eabi/bin/../lib/gcc/arm-none-eabi/14.2.1/../../../../arm-none-eabi/lib/thumb/v7-m/nofp/libg.a(libc_a-mprec.o)
                0x0800658c                __multadd
 .text.__hi0bits
                0x08006630       0x54 /Applications/ArmGNUToolchain/14.2.rel1/arm-none-eabi/bin/../lib/gcc/arm-none-eabi/14.2.1/../../../../arm-none-eabi/lib/thumb/v7-m/nofp/libg.a(libc_a-mprec.o)
                0x08006630                __hi0bits
 .text.__lo0bits
                0x08006684       0x7c /Applications/ArmGNUToolchain/14.2.rel1/arm-none-eabi/bin/../lib/gcc/arm-none-eabi/14.2.1/../../../../arm-none-eabi/lib/thumb/v7-m/nofp/libg.a(libc_a-mprec.o)
                0x08006684                __lo0bits
 .text.__i2b    0x08006700       0x5c /Applications/ArmGNUToolchain/14.2.rel1/arm-none-eabi/bin/../lib/gcc/arm-none-eabi/14.2.1/../../../../arm-none-eabi/lib/thumb/v7-m/nofp/libg.a(libc_a-mprec.o)
                0x08006700                __i2b
 .text.__multiply
                0x0800675c      0x168 /Applications/ArmGNUToolchain/14.2.rel1/arm-none-eabi/bin/../lib/gcc/arm-none-eabi/14.2.1/../../../../arm-none-eabi/lib/thumb/v7-m/nofp/libg.a(libc_a-mprec.o)
                0x0800675c                __multiply
 .text.__pow5mult
                0x080068c4       0xc0 /Applications/ArmGNUToolchain/14.2.rel1/arm-none-eabi/bin/../lib/gcc/arm-none-eabi/14.2.1/../../../../arm-none-eabi/lib/thumb/v7-m/nofp/libg.a(libc_a-mprec.o)
                0x080068c4                __pow5mult
 .text.__lshift
                0x08006984       0xe8 /Applications/ArmGNUToolchain/14.2.rel1/arm-none-eabi/bin/../lib/gcc/arm-none-eabi/14.2.1/../../../../arm-none-eabi/lib/thumb/v7-m/nofp/libg.a(libc_a-mprec.o)
                0x08006984                __lshift
 .text.__mcmp   0x08006a6c       0x40 /Applications/ArmGNUToolchain/14.2.rel1/arm-none-eabi/bin/../lib/gcc/arm-none-eabi/14.2.1/../../../../arm-none-eabi/lib/thumb/v7-m/nofp/libg.a(libc_a-mprec.o)
                0x08006a6c                __mcmp
 .text.__mdiff  0x08006aac      0x164 /Applications/ArmGNUToolchain/14.2.rel1/arm-none-eabi/bin/../lib/gcc/arm-none-eabi/14.2.1/../../../../arm-none-eabi/lib/thumb/v7-m/nofp/libg.a(libc_a-mprec.o)
                0x08006aac                __mdiff
 .text.__d2b    0x08006c10       0xb8 /Applications/ArmGNUToolchain/14.2.rel1/arm-none-eabi/bin/../lib/gcc/arm-none-eabi/14.2.1/../../../../arm-none-eabi/lib/thumb/v7-m/nofp/libg.a(libc_a-mprec.o)
                0x08006c10                __d2b
 .text.__ssputs_r
                0x08006cc8       0xc0 /Applications/ArmGNUToolchain/14.2.rel1/arm-none-eabi/bin/../lib/gcc/arm-none-eabi/14.2.1/../../../../arm-none-eabi/lib/thumb/v7-m/nofp/libg.a(libc_a-ssputs_r.o)
                0x08006cc8                __ssputs_r
 .text.__ascii_wctomb
                0x08006d88       0x1c /Applications/ArmGNUToolchain/14.2.rel1/arm-none-eabi/bin/../lib/gcc/arm-none-eabi/14.2.1/../../../../arm-none-eabi/lib/thumb/v7-m/nofp/libg.a(libc_a-wctomb_r.o)
                0x08006d88                __ascii_wctomb
 .text.memmove  0x08006da4       0xfc /Applications/ArmGNUToolchain/14.2.rel1/arm-none-eabi/bin/../lib/gcc/arm-none-eabi/14.2.1/../../../../arm-none-eabi/lib/thumb/v7-m/nofp/libg.a(libc_a-memmove.o)
                0x08006da4                memmove
 .text._wcsnrtombs_l
                0x08006ea0       0xf0 /Applications/ArmGNUToolchain/14.2.rel1/arm-none-eabi/bin/../lib/gcc/arm-none-eabi/14.2.1/../../../../arm-none-eabi/lib/thumb/v7-m/nofp/libg.a(libc_a-wcsnrtombs.o)
                0x08006ea0                _wcsnrtombs_l
 .text._wcsnrtombs_r
                0x08006f90       0x24 /Applications/ArmGNUToolchain/14.2.rel1/arm-none-eabi/bin/../lib/gcc/arm-none-eabi/14.2.1/../../../../arm-none-eabi/lib/thumb/v7-m/nofp/libg.a(libc_a-wcsnrtombs.o)
                0x08006f90                _wcsnrtombs_r
 .text.__assert_func
                0x08006fb4       0x40 /Applications/ArmGNUToolchain/14.2.rel1/arm-none-eabi/bin/../lib/gcc/arm-none-eabi/14.2.1/../../../../arm-none-eabi/lib/thumb/v7-m/nofp/libg.a(libc_a-assert.o)
                0x08006fb4                __assert_func
 .text._calloc_r
                0x08006ff4       0x6c /Applications/ArmGNUToolchain/14.2.rel1/arm-none-eabi/bin/../lib/gcc/arm-none-eabi/14.2.1/../../../../arm-none-eabi/lib/thumb/v7-m/nofp/libg.a(libc_a-callocr.o)
                0x08006ff4                _calloc_r
 .text.fiprintf
                0x08007060       0x28 /Applications/ArmGNUToolchain/14.2.rel1/arm-none-eabi/bin/../lib/gcc/arm-none-eabi/14.2.1/../../../../arm-none-eabi/lib/thumb/v7-m/nofp/libg.a(libc_a-fiprintf.o)
                0x08007060                fiprintf
 .text._vfiprintf_r
                0x08007088     0x1238 /Applications/ArmGNUToolchain/14.2.rel1/arm-none-eabi/bin/../lib/gcc/arm-none-eabi/14.2.1/../../../../arm-none-eabi/lib/thumb/v7-m/nofp/libg.a(libc_a-vfiprintf.o)
                0x08007088                _vfiprintf_r
 .text.__sbprintf
                0x080082c0       0x84 /Applications/ArmGNUToolchain/14.2.rel1/arm-none-eabi/bin/../lib/gcc/arm-none-eabi/14.2.1/../../../../arm-none-eabi/lib/thumb/v7-m/nofp/libg.a(libc_a-vfiprintf.o)
 .text._realloc_r
                0x08008344      0x350 /Applications/ArmGNUToolchain/14.2.rel1/arm-none-eabi/bin/../lib/gcc/arm-none-eabi/14.2.1/../../../../arm-none-eabi/lib/thumb/v7-m/nofp/libg.a(libc_a-reallocr.o)
                0x08008344                _realloc_r
 .text.__sprint_r
                0x08008694       0x20 /Applications/ArmGNUToolchain/14.2.rel1/arm-none-eabi/bin/../lib/gcc/arm-none-eabi/14.2.1/../../../../arm-none-eabi/lib/thumb/v7-m/nofp/libg.a(libc_a-sprint_r.o)
                0x08008694                __sprint_r
 .text.__swsetup_r
                0x080086b4       0xfc /Applications/ArmGNUToolchain/14.2.rel1/arm-none-eabi/bin/../lib/gcc/arm-none-eabi/14.2.1/../../../../arm-none-eabi/lib/thumb/v7-m/nofp/libg.a(libc_a-wsetup.o)
                0x080086b4                __swsetup_r
 .text.abort    0x080087b0       0x10 /Applications/ArmGNUToolchain/14.2.rel1/arm-none-eabi/bin/../lib/gcc/arm-none-eabi/14.2.1/../../../../arm-none-eabi/lib/thumb/v7-m/nofp/libg.a(libc_a-abort.o)
                0x080087b0                abort
 .text.__sfvwrite_r
                0x080087c0      0x2d8 /Applications/ArmGNUToolchain/14.2.rel1/arm-none-eabi/bin/../lib/gcc/arm-none-eabi/14.2.1/../../../../arm-none-eabi/lib/thumb/v7-m/nofp/libg.a(libc_a-fvwrite.o)
                0x080087c0                __sfvwrite_r
 .text.__smakebuf_r
                0x08008a98       0xd0 /Applications/ArmGNUToolchain/14.2.rel1/arm-none-eabi/bin/../lib/gcc/arm-none-eabi/14.2.1/../../../../arm-none-eabi/lib/thumb/v7-m/nofp/libg.a(libc_a-makebuf.o)
                0x08008a98                __smakebuf_r
 .text.raise    0x08008b68       0x58 /Applications/ArmGNUToolchain/14.2.rel1/arm-none-eabi/bin/../lib/gcc/arm-none-eabi/14.2.1/../../../../arm-none-eabi/lib/thumb/v7-m/nofp/libg.a(libc_a-signal.o)
                0x08008b68                raise
 .text._fstat_r
                0x08008bc0       0x28 /Applications/ArmGNUToolchain/14.2.rel1/arm-none-eabi/bin/../lib/gcc/arm-none-eabi/14.2.1/../../../../arm-none-eabi/lib/thumb/v7-m/nofp/libg.a(libc_a-fstatr.o)
                0x08008bc0                _fstat_r
 .text._isatty_r
                0x08008be8       0x24 /Applications/ArmGNUToolchain/14.2.rel1/arm-none-eabi/bin/../lib/gcc/arm-none-eabi/14.2.1/../../../../arm-none-eabi/lib/thumb/v7-m/nofp/libg.a(libc_a-isattyr.o)
                0x08008be8                _isatty_r
 .text._kill_r  0x08008c0c       0x28 /Applications/ArmGNUToolchain/14.2.rel1/arm-none-eabi/bin/../lib/gcc/arm-none-eabi/14.2.1/../../../../arm-none-eabi/lib/thumb/v7-m/nofp/libg.a(libc_a-signalr.o)
                0x08008c0c                _kill_r
 .text._getpid_r
                0x08008c34        0x4 /Applications/ArmGNUToolchain/14.2.rel1/arm-none-eabi/bin/../lib/gcc/arm-none-eabi/14.2.1/../../../../arm-none-eabi/lib/thumb/v7-m/nofp/libg.a(libc_a-signalr.o)
                0x08008c34                _getpid_r
 *(.glue_7)
 .glue_7        0x08008c38        0x0 linker stubs
 *(.glue_7t)
 .glue_7t       0x08008c38        0x0 linker stubs
 *(.eh_frame)
 .eh_frame      0x08008c38        0x0 /Applications/ArmGNUToolchain/14.2.rel1/arm-none-eabi/bin/../lib/gcc/arm-none-eabi/14.2.1/thumb/v7-m/nofp/crtbegin.o
 *(.init)
 .init          0x08008c38        0x4 /Applications/ArmGNUToolchain/14.2.rel1/arm-none-eabi/bin/../lib/gcc/arm-none-eabi/14.2.1/thumb/v7-m/nofp/crti.o
                0x08008c38                _init
 .init          0x08008c3c        0x8 /Applications/ArmGNUToolchain/14.2.rel1/arm-none-eabi/bin/../lib/gcc/arm-none-eabi/14.2.1/thumb/v7-m/nofp/crtn.o
 *(.fini)
 .fini          0x08008c44        0x4 /Applications/ArmGNUToolchain/14.2.rel1/arm-none-eabi/bin/../lib/gcc/arm-none-eabi/14.2.1/thumb/v7-m/nofp/crti.o
                0x08008c44                _fini
 .fini          0x08008c48        0x8 /Applications/ArmGNUToolchain/14.2.rel1/arm-none-eabi/bin/../lib/gcc/arm-none-eabi/14.2.1/thumb/v7-m/nofp/crtn.o
                0x08008c50                        . = ALIGN (0x4)
                0x08008c50                        _etext = .

.vfp11_veneer   0x08008c50        0x0
 .vfp11_veneer  0x08008c50        0x0 linker stubs

.v4_bx          0x08008c50        0x0
 .v4_bx         0x08008c50        0x0 linker stubs

.iplt           0x08008c50        0x0
 .iplt          0x08008c50        0x0 /Applications/ArmGNUToolchain/14.2.rel1/arm-none-eabi/bin/../lib/gcc/arm-none-eabi/14.2.1/thumb/v7-m/nofp/crtbegin.o

.rodata         0x08008c50      0x4d8
                0x08008c50                        . = ALIGN (0x4)
 *(.rodata)
 *(.rodata*)
 .rodata.Hardware_Init.str1.4
                0x08008c50      0x283 CMakeFiles/biaozhunceshi.elf.dir/Core/Src/main.c.obj
                                 0x24 (size before relaxing)
 *fill*         0x08008ed3        0x1 
 .rodata.ADCPrescTable
                0x08008ed4        0x4 CMakeFiles/biaozhunceshi.elf.dir/Drivers/STM32F10x_StdPeriph_Driver/src/stm32f10x_rcc.c.obj
 .rodata.APBAHBPrescTable
                0x08008ed8       0x10 CMakeFiles/biaozhunceshi.elf.dir/Drivers/STM32F10x_StdPeriph_Driver/src/stm32f10x_rcc.c.obj
 .rodata.ESP8266_Init.str1.4
                0x08008ee8       0xa5 CMakeFiles/biaozhunceshi.elf.dir/NET/device/src/esp8266.c.obj
 .rodata._svfprintf_r.str1.4
                0x08008ee8       0x42 /Applications/ArmGNUToolchain/14.2.rel1/arm-none-eabi/bin/../lib/gcc/arm-none-eabi/14.2.1/../../../../arm-none-eabi/lib/thumb/v7-m/nofp/libg.a(libc_a-svfprintf.o)
 .rodata.zeroes.0
                0x08008ee8       0x10 /Applications/ArmGNUToolchain/14.2.rel1/arm-none-eabi/bin/../lib/gcc/arm-none-eabi/14.2.1/../../../../arm-none-eabi/lib/thumb/v7-m/nofp/libg.a(libc_a-svfprintf.o)
 .rodata.blanks.1
                0x08008ef8       0x10 /Applications/ArmGNUToolchain/14.2.rel1/arm-none-eabi/bin/../lib/gcc/arm-none-eabi/14.2.1/../../../../arm-none-eabi/lib/thumb/v7-m/nofp/libg.a(libc_a-svfprintf.o)
 .rodata.str1.4
                0x08008f08       0x4c /Applications/ArmGNUToolchain/14.2.rel1/arm-none-eabi/bin/../lib/gcc/arm-none-eabi/14.2.1/../../../../arm-none-eabi/lib/thumb/v7-m/nofp/libg.a(libc_a-locale.o)
 .rodata._ctype_
                0x08008f08      0x101 /Applications/ArmGNUToolchain/14.2.rel1/arm-none-eabi/bin/../lib/gcc/arm-none-eabi/14.2.1/../../../../arm-none-eabi/lib/thumb/v7-m/nofp/libg.a(libc_a-ctype_.o)
                0x08008f08                _ctype_
 .rodata._dtoa_r.str1.4
                0x08009009       0x89 /Applications/ArmGNUToolchain/14.2.rel1/arm-none-eabi/bin/../lib/gcc/arm-none-eabi/14.2.1/../../../../arm-none-eabi/lib/thumb/v7-m/nofp/libg.a(libc_a-dtoa.o)
 .rodata.__multadd.str1.4
                0x08009009       0x76 /Applications/ArmGNUToolchain/14.2.rel1/arm-none-eabi/bin/../lib/gcc/arm-none-eabi/14.2.1/../../../../arm-none-eabi/lib/thumb/v7-m/nofp/libg.a(libc_a-mprec.o)
 *fill*         0x08009009        0x3 
 .rodata.p05.0  0x0800900c        0xc /Applications/ArmGNUToolchain/14.2.rel1/arm-none-eabi/bin/../lib/gcc/arm-none-eabi/14.2.1/../../../../arm-none-eabi/lib/thumb/v7-m/nofp/libg.a(libc_a-mprec.o)
 .rodata.__mprec_bigtens
                0x08009018       0x28 /Applications/ArmGNUToolchain/14.2.rel1/arm-none-eabi/bin/../lib/gcc/arm-none-eabi/14.2.1/../../../../arm-none-eabi/lib/thumb/v7-m/nofp/libg.a(libc_a-mprec.o)
                0x08009018                __mprec_bigtens
 .rodata.__mprec_tens
                0x08009040       0xc8 /Applications/ArmGNUToolchain/14.2.rel1/arm-none-eabi/bin/../lib/gcc/arm-none-eabi/14.2.1/../../../../arm-none-eabi/lib/thumb/v7-m/nofp/libg.a(libc_a-mprec.o)
                0x08009040                __mprec_tens
 .rodata.__assert_func.str1.4
                0x08009108       0x43 /Applications/ArmGNUToolchain/14.2.rel1/arm-none-eabi/bin/../lib/gcc/arm-none-eabi/14.2.1/../../../../arm-none-eabi/lib/thumb/v7-m/nofp/libg.a(libc_a-assert.o)
 .rodata._vfiprintf_r.str1.4
                0x08009108       0x2f /Applications/ArmGNUToolchain/14.2.rel1/arm-none-eabi/bin/../lib/gcc/arm-none-eabi/14.2.1/../../../../arm-none-eabi/lib/thumb/v7-m/nofp/libg.a(libc_a-vfiprintf.o)
 .rodata.zeroes.0
                0x08009108       0x10 /Applications/ArmGNUToolchain/14.2.rel1/arm-none-eabi/bin/../lib/gcc/arm-none-eabi/14.2.1/../../../../arm-none-eabi/lib/thumb/v7-m/nofp/libg.a(libc_a-vfiprintf.o)
 .rodata.blanks.1
                0x08009118       0x10 /Applications/ArmGNUToolchain/14.2.rel1/arm-none-eabi/bin/../lib/gcc/arm-none-eabi/14.2.1/../../../../arm-none-eabi/lib/thumb/v7-m/nofp/libg.a(libc_a-vfiprintf.o)
                0x0800914c                        . = ALIGN (0x4)

.ARM.extab      0x08009128        0x0
                0x08009128                        . = ALIGN (0x4)
 *(.ARM.extab* .gnu.linkonce.armextab.*)
                0x08009128                        . = ALIGN (0x4)

.ARM            0x08009128        0x8
                0x08009128                        . = ALIGN (0x4)
                0x08009128                        __exidx_start = .
 *(.ARM.exidx*)
 .ARM.exidx     0x08009128        0x8 /Applications/ArmGNUToolchain/14.2.rel1/arm-none-eabi/bin/../lib/gcc/arm-none-eabi/14.2.1/../../../../arm-none-eabi/lib/thumb/v7-m/nofp/libg.a(libc_a-memcpy.o)
                0x08009130                        __exidx_end = .
                0x08009130                        . = ALIGN (0x4)

.preinit_array  0x08009130        0x0
                0x08009130                        . = ALIGN (0x4)
                0x08009130                        PROVIDE (__preinit_array_start = .)
 *(.preinit_array*)
                0x08009130                        PROVIDE (__preinit_array_end = .)
                0x08009130                        . = ALIGN (0x4)

.init_array     0x08009130        0x8
                0x08009130                        . = ALIGN (0x4)
                0x08009130                        PROVIDE (__init_array_start = .)
 *(SORT_BY_NAME(.init_array.*))
 .init_array.00000
                0x08009130        0x4 /Applications/ArmGNUToolchain/14.2.rel1/arm-none-eabi/bin/../lib/gcc/arm-none-eabi/14.2.1/../../../../arm-none-eabi/lib/thumb/v7-m/nofp/libg.a(libc_a-__call_atexit.o)
 *(.init_array*)
 .init_array    0x08009134        0x4 /Applications/ArmGNUToolchain/14.2.rel1/arm-none-eabi/bin/../lib/gcc/arm-none-eabi/14.2.1/thumb/v7-m/nofp/crtbegin.o
                0x08009138                        PROVIDE (__init_array_end = .)
                0x08009138                        . = ALIGN (0x4)

.fini_array     0x08009138        0x4
                0x08009138                        . = ALIGN (0x4)
                0x08009138                        PROVIDE (__fini_array_start = .)
 *(SORT_BY_NAME(.fini_array.*))
 *(.fini_array*)
 .fini_array    0x08009138        0x4 /Applications/ArmGNUToolchain/14.2.rel1/arm-none-eabi/bin/../lib/gcc/arm-none-eabi/14.2.1/thumb/v7-m/nofp/crtbegin.o
                0x0800913c                        PROVIDE (__fini_array_end = .)
                0x0800913c                        . = ALIGN (0x4)
                0x0800913c                        _sidata = LOADADDR (.data)

.rel.dyn        0x0800913c        0x0
 .rel.iplt      0x0800913c        0x0 /Applications/ArmGNUToolchain/14.2.rel1/arm-none-eabi/bin/../lib/gcc/arm-none-eabi/14.2.1/thumb/v7-m/nofp/crtbegin.o

.data           0x20000000      0x6d0 load address 0x0800913c
                0x20000000                        . = ALIGN (0x4)
                0x20000000                        _sdata = .
 *(.data)
 *(.data*)
 .data.__malloc_sbrk_base
                0x20000000        0x4 /Applications/ArmGNUToolchain/14.2.rel1/arm-none-eabi/bin/../lib/gcc/arm-none-eabi/14.2.1/../../../../arm-none-eabi/lib/thumb/v7-m/nofp/libg.a(libc_a-mallocr.o)
                0x20000000                __malloc_sbrk_base
 .data.__malloc_trim_threshold
                0x20000004        0x4 /Applications/ArmGNUToolchain/14.2.rel1/arm-none-eabi/bin/../lib/gcc/arm-none-eabi/14.2.1/../../../../arm-none-eabi/lib/thumb/v7-m/nofp/libg.a(libc_a-mallocr.o)
                0x20000004                __malloc_trim_threshold
 .data.__malloc_av_
                0x20000008      0x408 /Applications/ArmGNUToolchain/14.2.rel1/arm-none-eabi/bin/../lib/gcc/arm-none-eabi/14.2.1/../../../../arm-none-eabi/lib/thumb/v7-m/nofp/libg.a(libc_a-mallocr.o)
                0x20000008                __malloc_av_
 .data.__sglue  0x20000410        0xc /Applications/ArmGNUToolchain/14.2.rel1/arm-none-eabi/bin/../lib/gcc/arm-none-eabi/14.2.1/../../../../arm-none-eabi/lib/thumb/v7-m/nofp/libg.a(libc_a-findfp.o)
                0x20000410                __sglue
 .data._impure_ptr
                0x2000041c        0x4 /Applications/ArmGNUToolchain/14.2.rel1/arm-none-eabi/bin/../lib/gcc/arm-none-eabi/14.2.1/../../../../arm-none-eabi/lib/thumb/v7-m/nofp/libg.a(libc_a-impure.o)
                0x2000041c                _impure_ptr
 .data._impure_data
                0x20000420      0x140 /Applications/ArmGNUToolchain/14.2.rel1/arm-none-eabi/bin/../lib/gcc/arm-none-eabi/14.2.1/../../../../arm-none-eabi/lib/thumb/v7-m/nofp/libg.a(libc_a-impure.o)
                0x20000420                _impure_data
 .data.__atexit_recursive_mutex
                0x20000560        0x4 /Applications/ArmGNUToolchain/14.2.rel1/arm-none-eabi/bin/../lib/gcc/arm-none-eabi/14.2.1/../../../../arm-none-eabi/lib/thumb/v7-m/nofp/libg.a(libc_a-__call_atexit.o)
                0x20000560                __atexit_recursive_mutex
 .data.__global_locale
                0x20000564      0x16c /Applications/ArmGNUToolchain/14.2.rel1/arm-none-eabi/bin/../lib/gcc/arm-none-eabi/14.2.1/../../../../arm-none-eabi/lib/thumb/v7-m/nofp/libg.a(libc_a-locale.o)
                0x20000564                __global_locale
 *(.RamFunc)
 *(.RamFunc*)
                0x200006d0                        . = ALIGN (0x4)
                0x200006d0                        _edata = .

.tm_clone_table
                0x200006d0        0x0 load address 0x0800980c
 .tm_clone_table
                0x200006d0        0x0 /Applications/ArmGNUToolchain/14.2.rel1/arm-none-eabi/bin/../lib/gcc/arm-none-eabi/14.2.1/thumb/v7-m/nofp/crtbegin.o
 .tm_clone_table
                0x200006d0        0x0 /Applications/ArmGNUToolchain/14.2.rel1/arm-none-eabi/bin/../lib/gcc/arm-none-eabi/14.2.1/thumb/v7-m/nofp/crtend.o

.igot.plt       0x200006d0        0x0 load address 0x0800980c
 .igot.plt      0x200006d0        0x0 /Applications/ArmGNUToolchain/14.2.rel1/arm-none-eabi/bin/../lib/gcc/arm-none-eabi/14.2.1/thumb/v7-m/nofp/crtbegin.o
                0x200006d0                        . = ALIGN (0x4)

.bss            0x200006d0      0x540 load address 0x0800980c
                0x200006d0                        _sbss = .
                0x200006d0                        __bss_start__ = _sbss
 *(.bss)
 *(.bss*)
 .bss.completed.1
                0x200006d0        0x1 /Applications/ArmGNUToolchain/14.2.rel1/arm-none-eabi/bin/../lib/gcc/arm-none-eabi/14.2.1/thumb/v7-m/nofp/crtbegin.o
 *fill*         0x200006d1        0x3 
 .bss.object.0  0x200006d4       0x18 /Applications/ArmGNUToolchain/14.2.rel1/arm-none-eabi/bin/../lib/gcc/arm-none-eabi/14.2.1/thumb/v7-m/nofp/crtbegin.o
 .bss.__sbrk_heap_end
                0x200006ec        0x4 CMakeFiles/biaozhunceshi.elf.dir/Core/Src/sysmem.c.obj
 .bss.MsCount   0x200006f0        0x2 CMakeFiles/biaozhunceshi.elf.dir/Drivers/STM32F10x_StdPeriph_Driver/src/delay.c.obj
                0x200006f0                MsCount
 .bss.UsCount   0x200006f2        0x1 CMakeFiles/biaozhunceshi.elf.dir/Drivers/STM32F10x_StdPeriph_Driver/src/delay.c.obj
                0x200006f2                UsCount
 *fill*         0x200006f3        0x1 
 .bss.led_info  0x200006f4        0x1 CMakeFiles/biaozhunceshi.elf.dir/Drivers/STM32F10x_StdPeriph_Driver/src/led.c.obj
                0x200006f4                led_info
 *fill*         0x200006f5        0x1 
 .bss.esp8266_cntPre
                0x200006f6        0x2 CMakeFiles/biaozhunceshi.elf.dir/NET/device/src/esp8266.c.obj
                0x200006f6                esp8266_cntPre
 .bss.esp8266_cnt
                0x200006f8        0x2 CMakeFiles/biaozhunceshi.elf.dir/NET/device/src/esp8266.c.obj
                0x200006f8                esp8266_cnt
 *fill*         0x200006fa        0x2 
 .bss.esp8266_buf
                0x200006fc      0x200 CMakeFiles/biaozhunceshi.elf.dir/NET/device/src/esp8266.c.obj
                0x200006fc                esp8266_buf
 .bss.__malloc_current_mallinfo
                0x200008fc       0x28 /Applications/ArmGNUToolchain/14.2.rel1/arm-none-eabi/bin/../lib/gcc/arm-none-eabi/14.2.1/../../../../arm-none-eabi/lib/thumb/v7-m/nofp/libg.a(libc_a-mallocr.o)
                0x200008fc                __malloc_current_mallinfo
 .bss.__malloc_max_total_mem
                0x20000924        0x4 /Applications/ArmGNUToolchain/14.2.rel1/arm-none-eabi/bin/../lib/gcc/arm-none-eabi/14.2.1/../../../../arm-none-eabi/lib/thumb/v7-m/nofp/libg.a(libc_a-mallocr.o)
                0x20000924                __malloc_max_total_mem
 .bss.__malloc_max_sbrked_mem
                0x20000928        0x4 /Applications/ArmGNUToolchain/14.2.rel1/arm-none-eabi/bin/../lib/gcc/arm-none-eabi/14.2.1/../../../../arm-none-eabi/lib/thumb/v7-m/nofp/libg.a(libc_a-mallocr.o)
                0x20000928                __malloc_max_sbrked_mem
 .bss.__malloc_top_pad
                0x2000092c        0x4 /Applications/ArmGNUToolchain/14.2.rel1/arm-none-eabi/bin/../lib/gcc/arm-none-eabi/14.2.1/../../../../arm-none-eabi/lib/thumb/v7-m/nofp/libg.a(libc_a-mallocr.o)
                0x2000092c                __malloc_top_pad
 .bss.__sf      0x20000930      0x138 /Applications/ArmGNUToolchain/14.2.rel1/arm-none-eabi/bin/../lib/gcc/arm-none-eabi/14.2.1/../../../../arm-none-eabi/lib/thumb/v7-m/nofp/libg.a(libc_a-findfp.o)
                0x20000930                __sf
 .bss.__stdio_exit_handler
                0x20000a68        0x4 /Applications/ArmGNUToolchain/14.2.rel1/arm-none-eabi/bin/../lib/gcc/arm-none-eabi/14.2.1/../../../../arm-none-eabi/lib/thumb/v7-m/nofp/libg.a(libc_a-findfp.o)
                0x20000a68                __stdio_exit_handler
 .bss.__lock___malloc_recursive_mutex
                0x20000a6c        0x1 /Applications/ArmGNUToolchain/14.2.rel1/arm-none-eabi/bin/../lib/gcc/arm-none-eabi/14.2.1/../../../../arm-none-eabi/lib/thumb/v7-m/nofp/libg.a(libc_a-lock.o)
                0x20000a6c                __lock___malloc_recursive_mutex
 *fill*         0x20000a6d        0x3 
 .bss.__lock___atexit_recursive_mutex
                0x20000a70        0x1 /Applications/ArmGNUToolchain/14.2.rel1/arm-none-eabi/bin/../lib/gcc/arm-none-eabi/14.2.1/../../../../arm-none-eabi/lib/thumb/v7-m/nofp/libg.a(libc_a-lock.o)
                0x20000a70                __lock___atexit_recursive_mutex
 *fill*         0x20000a71        0x3 
 .bss.__lock___sfp_recursive_mutex
                0x20000a74        0x1 /Applications/ArmGNUToolchain/14.2.rel1/arm-none-eabi/bin/../lib/gcc/arm-none-eabi/14.2.1/../../../../arm-none-eabi/lib/thumb/v7-m/nofp/libg.a(libc_a-lock.o)
                0x20000a74                __lock___sfp_recursive_mutex
 *fill*         0x20000a75        0x3 
 .bss.__atexit  0x20000a78        0x4 /Applications/ArmGNUToolchain/14.2.rel1/arm-none-eabi/bin/../lib/gcc/arm-none-eabi/14.2.1/../../../../arm-none-eabi/lib/thumb/v7-m/nofp/libg.a(libc_a-__call_atexit.o)
                0x20000a78                __atexit
 .bss.errno     0x20000a7c        0x4 /Applications/ArmGNUToolchain/14.2.rel1/arm-none-eabi/bin/../lib/gcc/arm-none-eabi/14.2.1/../../../../arm-none-eabi/lib/thumb/v7-m/nofp/libg.a(libc_a-reent.o)
                0x20000a7c                errno
 .bss.__atexit0
                0x20000a80      0x190 /Applications/ArmGNUToolchain/14.2.rel1/arm-none-eabi/bin/../lib/gcc/arm-none-eabi/14.2.1/../../../../arm-none-eabi/lib/thumb/v7-m/nofp/libg.a(libc_a-__atexit.o)
                0x20000a80                __atexit0
 *(COMMON)
                0x20000c10                        . = ALIGN (0x4)
                0x20000c10                        _ebss = .
                0x20000c10                        __bss_end__ = _ebss

._user_heap_stack
                0x20000c10      0x600 load address 0x0800980c
                0x20000c10                        . = ALIGN (0x8)
                [!provide]                        PROVIDE (end = .)
                0x20000c10                        PROVIDE (_end = .)
                0x20000e10                        . = (. + _Min_Heap_Size)
 *fill*         0x20000c10      0x200 
                0x20001210                        . = (. + _Min_Stack_Size)
 *fill*         0x20000e10      0x400 
                0x20001210                        . = ALIGN (0x8)

/DISCARD/
 libc.a(*)
 libm.a(*)
 libgcc.a(*)

.ARM.attributes
                0x00000000       0x29
 *(.ARM.attributes)
 .ARM.attributes
                0x00000000       0x1d /Applications/ArmGNUToolchain/14.2.rel1/arm-none-eabi/bin/../lib/gcc/arm-none-eabi/14.2.1/thumb/v7-m/nofp/crti.o
 .ARM.attributes
                0x0000001d       0x2d /Applications/ArmGNUToolchain/14.2.rel1/arm-none-eabi/bin/../lib/gcc/arm-none-eabi/14.2.1/thumb/v7-m/nofp/crtbegin.o
 .ARM.attributes
                0x0000004a       0x2d CMakeFiles/biaozhunceshi.elf.dir/Core/Src/main.c.obj
 .ARM.attributes
                0x00000077       0x2d CMakeFiles/biaozhunceshi.elf.dir/Core/Src/stm32f10x_it.c.obj
 .ARM.attributes
                0x000000a4       0x2d CMakeFiles/biaozhunceshi.elf.dir/Core/Src/syscalls.c.obj
 .ARM.attributes
                0x000000d1       0x2d CMakeFiles/biaozhunceshi.elf.dir/Core/Src/sysmem.c.obj
 .ARM.attributes
                0x000000fe       0x2d CMakeFiles/biaozhunceshi.elf.dir/Core/Src/system_stm32f10x.c.obj
 .ARM.attributes
                0x0000012b       0x21 CMakeFiles/biaozhunceshi.elf.dir/Core/Startup/startup_stm32f103c6tx.s.obj
 .ARM.attributes
                0x0000014c       0x2d CMakeFiles/biaozhunceshi.elf.dir/Drivers/STM32F10x_StdPeriph_Driver/src/delay.c.obj
 .ARM.attributes
                0x00000179       0x2d CMakeFiles/biaozhunceshi.elf.dir/Drivers/STM32F10x_StdPeriph_Driver/src/dht11.c.obj
 .ARM.attributes
                0x000001a6       0x2d CMakeFiles/biaozhunceshi.elf.dir/Drivers/STM32F10x_StdPeriph_Driver/src/key.c.obj
 .ARM.attributes
                0x000001d3       0x2d CMakeFiles/biaozhunceshi.elf.dir/Drivers/STM32F10x_StdPeriph_Driver/src/led.c.obj
 .ARM.attributes
                0x00000200       0x2d CMakeFiles/biaozhunceshi.elf.dir/Drivers/STM32F10x_StdPeriph_Driver/src/misc.c.obj
 .ARM.attributes
                0x0000022d       0x2d CMakeFiles/biaozhunceshi.elf.dir/Drivers/STM32F10x_StdPeriph_Driver/src/stm32f10x_exti.c.obj
 .ARM.attributes
                0x0000025a       0x2d CMakeFiles/biaozhunceshi.elf.dir/Drivers/STM32F10x_StdPeriph_Driver/src/stm32f10x_gpio.c.obj
 .ARM.attributes
                0x00000287       0x2d CMakeFiles/biaozhunceshi.elf.dir/Drivers/STM32F10x_StdPeriph_Driver/src/stm32f10x_rcc.c.obj
 .ARM.attributes
                0x000002b4       0x2d CMakeFiles/biaozhunceshi.elf.dir/Drivers/STM32F10x_StdPeriph_Driver/src/stm32f10x_usart.c.obj
 .ARM.attributes
                0x000002e1       0x2d CMakeFiles/biaozhunceshi.elf.dir/Drivers/STM32F10x_StdPeriph_Driver/src/usart.c.obj
 .ARM.attributes
                0x0000030e       0x2d CMakeFiles/biaozhunceshi.elf.dir/NET/device/src/esp8266.c.obj
 .ARM.attributes
                0x0000033b       0x1d /Applications/ArmGNUToolchain/14.2.rel1/arm-none-eabi/bin/../lib/gcc/arm-none-eabi/14.2.1/thumb/v7-m/nofp/libgcc.a(_arm_addsubdf3.o)
 .ARM.attributes
                0x00000358       0x1d /Applications/ArmGNUToolchain/14.2.rel1/arm-none-eabi/bin/../lib/gcc/arm-none-eabi/14.2.1/thumb/v7-m/nofp/libgcc.a(_arm_muldivdf3.o)
 .ARM.attributes
                0x00000375       0x1d /Applications/ArmGNUToolchain/14.2.rel1/arm-none-eabi/bin/../lib/gcc/arm-none-eabi/14.2.1/thumb/v7-m/nofp/libgcc.a(_arm_fixdfsi.o)
 .ARM.attributes
                0x00000392       0x2d /Applications/ArmGNUToolchain/14.2.rel1/arm-none-eabi/bin/../lib/gcc/arm-none-eabi/14.2.1/../../../../arm-none-eabi/lib/thumb/v7-m/nofp/libg.a(libc_a-mallocr.o)
 .ARM.attributes
                0x000003bf       0x2d /Applications/ArmGNUToolchain/14.2.rel1/arm-none-eabi/bin/../lib/gcc/arm-none-eabi/14.2.1/../../../../arm-none-eabi/lib/thumb/v7-m/nofp/libg.a(libc_a-mlock.o)
 .ARM.attributes
                0x000003ec       0x2d /Applications/ArmGNUToolchain/14.2.rel1/arm-none-eabi/bin/../lib/gcc/arm-none-eabi/14.2.1/../../../../arm-none-eabi/lib/thumb/v7-m/nofp/libg.a(libc_a-findfp.o)
 .ARM.attributes
                0x00000419       0x2d /Applications/ArmGNUToolchain/14.2.rel1/arm-none-eabi/bin/../lib/gcc/arm-none-eabi/14.2.1/../../../../arm-none-eabi/lib/thumb/v7-m/nofp/libg.a(libc_a-vsnprintf.o)
 .ARM.attributes
                0x00000446       0x2d /Applications/ArmGNUToolchain/14.2.rel1/arm-none-eabi/bin/../lib/gcc/arm-none-eabi/14.2.1/../../../../arm-none-eabi/lib/thumb/v7-m/nofp/libg.a(libc_a-memset.o)
 .ARM.attributes
                0x00000473       0x2d /Applications/ArmGNUToolchain/14.2.rel1/arm-none-eabi/bin/../lib/gcc/arm-none-eabi/14.2.1/../../../../arm-none-eabi/lib/thumb/v7-m/nofp/libg.a(libc_a-strchr.o)
 .ARM.attributes
                0x000004a0       0x2d /Applications/ArmGNUToolchain/14.2.rel1/arm-none-eabi/bin/../lib/gcc/arm-none-eabi/14.2.1/../../../../arm-none-eabi/lib/thumb/v7-m/nofp/libg.a(libc_a-strstr.o)
 .ARM.attributes
                0x000004cd       0x2d /Applications/ArmGNUToolchain/14.2.rel1/arm-none-eabi/bin/../lib/gcc/arm-none-eabi/14.2.1/../../../../arm-none-eabi/lib/thumb/v7-m/nofp/libg.a(libc_a-impure.o)
 .ARM.attributes
                0x000004fa       0x2d /Applications/ArmGNUToolchain/14.2.rel1/arm-none-eabi/bin/../lib/gcc/arm-none-eabi/14.2.1/../../../../arm-none-eabi/lib/thumb/v7-m/nofp/libg.a(libc_a-sbrkr.o)
 .ARM.attributes
                0x00000527       0x2d /Applications/ArmGNUToolchain/14.2.rel1/arm-none-eabi/bin/../lib/gcc/arm-none-eabi/14.2.1/../../../../arm-none-eabi/lib/thumb/v7-m/nofp/libg.a(libc_a-errno.o)
 .ARM.attributes
                0x00000554       0x2d /Applications/ArmGNUToolchain/14.2.rel1/arm-none-eabi/bin/../lib/gcc/arm-none-eabi/14.2.1/../../../../arm-none-eabi/lib/thumb/v7-m/nofp/libg.a(libc_a-sysconf.o)
 .ARM.attributes
                0x00000581       0x2d /Applications/ArmGNUToolchain/14.2.rel1/arm-none-eabi/bin/../lib/gcc/arm-none-eabi/14.2.1/../../../../arm-none-eabi/lib/thumb/v7-m/nofp/libg.a(libc_a-init.o)
 .ARM.attributes
                0x000005ae       0x2d /Applications/ArmGNUToolchain/14.2.rel1/arm-none-eabi/bin/../lib/gcc/arm-none-eabi/14.2.1/../../../../arm-none-eabi/lib/thumb/v7-m/nofp/libg.a(libc_a-lock.o)
 .ARM.attributes
                0x000005db       0x2d /Applications/ArmGNUToolchain/14.2.rel1/arm-none-eabi/bin/../lib/gcc/arm-none-eabi/14.2.1/../../../../arm-none-eabi/lib/thumb/v7-m/nofp/libg.a(libc_a-strlen-stub.o)
 .ARM.attributes
                0x00000608       0x2d /Applications/ArmGNUToolchain/14.2.rel1/arm-none-eabi/bin/../lib/gcc/arm-none-eabi/14.2.1/../../../../arm-none-eabi/lib/thumb/v7-m/nofp/libg.a(libc_a-__call_atexit.o)
 .ARM.attributes
                0x00000635       0x2d /Applications/ArmGNUToolchain/14.2.rel1/arm-none-eabi/bin/../lib/gcc/arm-none-eabi/14.2.1/../../../../arm-none-eabi/lib/thumb/v7-m/nofp/libg.a(libc_a-atexit.o)
 .ARM.attributes
                0x00000662       0x2d /Applications/ArmGNUToolchain/14.2.rel1/arm-none-eabi/bin/../lib/gcc/arm-none-eabi/14.2.1/../../../../arm-none-eabi/lib/thumb/v7-m/nofp/libg.a(libc_a-freer.o)
 .ARM.attributes
                0x0000068f       0x2d /Applications/ArmGNUToolchain/14.2.rel1/arm-none-eabi/bin/../lib/gcc/arm-none-eabi/14.2.1/../../../../arm-none-eabi/lib/thumb/v7-m/nofp/libg.a(libc_a-svfprintf.o)
 .ARM.attributes
                0x000006bc       0x2d /Applications/ArmGNUToolchain/14.2.rel1/arm-none-eabi/bin/../lib/gcc/arm-none-eabi/14.2.1/../../../../arm-none-eabi/lib/thumb/v7-m/nofp/libg.a(libc_a-fwalk.o)
 .ARM.attributes
                0x000006e9       0x2d /Applications/ArmGNUToolchain/14.2.rel1/arm-none-eabi/bin/../lib/gcc/arm-none-eabi/14.2.1/../../../../arm-none-eabi/lib/thumb/v7-m/nofp/libg.a(libc_a-ssprint_r.o)
 .ARM.attributes
                0x00000716       0x2d /Applications/ArmGNUToolchain/14.2.rel1/arm-none-eabi/bin/../lib/gcc/arm-none-eabi/14.2.1/../../../../arm-none-eabi/lib/thumb/v7-m/nofp/libg.a(libc_a-fclose.o)
 .ARM.attributes
                0x00000743       0x2d /Applications/ArmGNUToolchain/14.2.rel1/arm-none-eabi/bin/../lib/gcc/arm-none-eabi/14.2.1/../../../../arm-none-eabi/lib/thumb/v7-m/nofp/libg.a(libc_a-fflush.o)
 .ARM.attributes
                0x00000770       0x2d /Applications/ArmGNUToolchain/14.2.rel1/arm-none-eabi/bin/../lib/gcc/arm-none-eabi/14.2.1/../../../../arm-none-eabi/lib/thumb/v7-m/nofp/libg.a(libc_a-stdio.o)
 .ARM.attributes
                0x0000079d       0x2d /Applications/ArmGNUToolchain/14.2.rel1/arm-none-eabi/bin/../lib/gcc/arm-none-eabi/14.2.1/../../../../arm-none-eabi/lib/thumb/v7-m/nofp/libg.a(libc_a-memcmp.o)
 .ARM.attributes
                0x000007ca       0x2d /Applications/ArmGNUToolchain/14.2.rel1/arm-none-eabi/bin/../lib/gcc/arm-none-eabi/14.2.1/../../../../arm-none-eabi/lib/thumb/v7-m/nofp/libg.a(libc_a-strncpy.o)
 .ARM.attributes
                0x000007f7       0x2d /Applications/ArmGNUToolchain/14.2.rel1/arm-none-eabi/bin/../lib/gcc/arm-none-eabi/14.2.1/../../../../arm-none-eabi/lib/thumb/v7-m/nofp/libg.a(libc_a-strnlen.o)
 .ARM.attributes
                0x00000824       0x2d /Applications/ArmGNUToolchain/14.2.rel1/arm-none-eabi/bin/../lib/gcc/arm-none-eabi/14.2.1/../../../../arm-none-eabi/lib/thumb/v7-m/nofp/libg.a(libc_a-locale.o)
 .ARM.attributes
                0x00000851       0x2d /Applications/ArmGNUToolchain/14.2.rel1/arm-none-eabi/bin/../lib/gcc/arm-none-eabi/14.2.1/../../../../arm-none-eabi/lib/thumb/v7-m/nofp/libg.a(libc_a-localeconv.o)
 .ARM.attributes
                0x0000087e       0x2d /Applications/ArmGNUToolchain/14.2.rel1/arm-none-eabi/bin/../lib/gcc/arm-none-eabi/14.2.1/../../../../arm-none-eabi/lib/thumb/v7-m/nofp/libg.a(libc_a-closer.o)
 .ARM.attributes
                0x000008ab       0x2d /Applications/ArmGNUToolchain/14.2.rel1/arm-none-eabi/bin/../lib/gcc/arm-none-eabi/14.2.1/../../../../arm-none-eabi/lib/thumb/v7-m/nofp/libg.a(libc_a-reent.o)
 .ARM.attributes
                0x000008d8       0x2d /Applications/ArmGNUToolchain/14.2.rel1/arm-none-eabi/bin/../lib/gcc/arm-none-eabi/14.2.1/../../../../arm-none-eabi/lib/thumb/v7-m/nofp/libg.a(libc_a-lseekr.o)
 .ARM.attributes
                0x00000905       0x2d /Applications/ArmGNUToolchain/14.2.rel1/arm-none-eabi/bin/../lib/gcc/arm-none-eabi/14.2.1/../../../../arm-none-eabi/lib/thumb/v7-m/nofp/libg.a(libc_a-readr.o)
 .ARM.attributes
                0x00000932       0x2d /Applications/ArmGNUToolchain/14.2.rel1/arm-none-eabi/bin/../lib/gcc/arm-none-eabi/14.2.1/../../../../arm-none-eabi/lib/thumb/v7-m/nofp/libg.a(libc_a-writer.o)
 .ARM.attributes
                0x0000095f       0x2d /Applications/ArmGNUToolchain/14.2.rel1/arm-none-eabi/bin/../lib/gcc/arm-none-eabi/14.2.1/../../../../arm-none-eabi/lib/thumb/v7-m/nofp/libg.a(libc_a-fini.o)
 .ARM.attributes
                0x0000098c       0x2d /Applications/ArmGNUToolchain/14.2.rel1/arm-none-eabi/bin/../lib/gcc/arm-none-eabi/14.2.1/../../../../arm-none-eabi/lib/thumb/v7-m/nofp/libg.a(libc_a-memchr-stub.o)
 .ARM.attributes
                0x000009b9       0x2d /Applications/ArmGNUToolchain/14.2.rel1/arm-none-eabi/bin/../lib/gcc/arm-none-eabi/14.2.1/../../../../arm-none-eabi/lib/thumb/v7-m/nofp/libg.a(libc_a-wcrtomb.o)
 .ARM.attributes
                0x000009e6       0x2d /Applications/ArmGNUToolchain/14.2.rel1/arm-none-eabi/bin/../lib/gcc/arm-none-eabi/14.2.1/../../../../arm-none-eabi/lib/thumb/v7-m/nofp/libg.a(libc_a-wcsrtombs.o)
 .ARM.attributes
                0x00000a13       0x2d /Applications/ArmGNUToolchain/14.2.rel1/arm-none-eabi/bin/../lib/gcc/arm-none-eabi/14.2.1/../../../../arm-none-eabi/lib/thumb/v7-m/nofp/libg.a(libc_a-ctype_.o)
 .ARM.attributes
                0x00000a40       0x2d /Applications/ArmGNUToolchain/14.2.rel1/arm-none-eabi/bin/../lib/gcc/arm-none-eabi/14.2.1/../../../../arm-none-eabi/lib/thumb/v7-m/nofp/libg.a(libc_a-__atexit.o)
 .ARM.attributes
                0x00000a6d       0x2d /Applications/ArmGNUToolchain/14.2.rel1/arm-none-eabi/bin/../lib/gcc/arm-none-eabi/14.2.1/../../../../arm-none-eabi/lib/thumb/v7-m/nofp/libg.a(libm_a-s_frexp.o)
 .ARM.attributes
                0x00000a9a       0x2d /Applications/ArmGNUToolchain/14.2.rel1/arm-none-eabi/bin/../lib/gcc/arm-none-eabi/14.2.1/../../../../arm-none-eabi/lib/thumb/v7-m/nofp/libg.a(libc_a-dtoa.o)
 .ARM.attributes
                0x00000ac7       0x2d /Applications/ArmGNUToolchain/14.2.rel1/arm-none-eabi/bin/../lib/gcc/arm-none-eabi/14.2.1/../../../../arm-none-eabi/lib/thumb/v7-m/nofp/libg.a(libc_a-mbtowc_r.o)
 .ARM.attributes
                0x00000af4       0x2d /Applications/ArmGNUToolchain/14.2.rel1/arm-none-eabi/bin/../lib/gcc/arm-none-eabi/14.2.1/../../../../arm-none-eabi/lib/thumb/v7-m/nofp/libg.a(libc_a-mprec.o)
 .ARM.attributes
                0x00000b21       0x2d /Applications/ArmGNUToolchain/14.2.rel1/arm-none-eabi/bin/../lib/gcc/arm-none-eabi/14.2.1/../../../../arm-none-eabi/lib/thumb/v7-m/nofp/libg.a(libc_a-ssputs_r.o)
 .ARM.attributes
                0x00000b4e       0x2d /Applications/ArmGNUToolchain/14.2.rel1/arm-none-eabi/bin/../lib/gcc/arm-none-eabi/14.2.1/../../../../arm-none-eabi/lib/thumb/v7-m/nofp/libg.a(libc_a-wctomb_r.o)
 .ARM.attributes
                0x00000b7b       0x2d /Applications/ArmGNUToolchain/14.2.rel1/arm-none-eabi/bin/../lib/gcc/arm-none-eabi/14.2.1/../../../../arm-none-eabi/lib/thumb/v7-m/nofp/libg.a(libc_a-memmove.o)
 .ARM.attributes
                0x00000ba8       0x1b /Applications/ArmGNUToolchain/14.2.rel1/arm-none-eabi/bin/../lib/gcc/arm-none-eabi/14.2.1/../../../../arm-none-eabi/lib/thumb/v7-m/nofp/libg.a(libc_a-memcpy.o)
 .ARM.attributes
                0x00000bc3       0x2d /Applications/ArmGNUToolchain/14.2.rel1/arm-none-eabi/bin/../lib/gcc/arm-none-eabi/14.2.1/../../../../arm-none-eabi/lib/thumb/v7-m/nofp/libg.a(libc_a-wcsnrtombs.o)
 .ARM.attributes
                0x00000bf0       0x2d /Applications/ArmGNUToolchain/14.2.rel1/arm-none-eabi/bin/../lib/gcc/arm-none-eabi/14.2.1/../../../../arm-none-eabi/lib/thumb/v7-m/nofp/libg.a(libc_a-assert.o)
 .ARM.attributes
                0x00000c1d       0x2d /Applications/ArmGNUToolchain/14.2.rel1/arm-none-eabi/bin/../lib/gcc/arm-none-eabi/14.2.1/../../../../arm-none-eabi/lib/thumb/v7-m/nofp/libg.a(libc_a-callocr.o)
 .ARM.attributes
                0x00000c4a       0x2d /Applications/ArmGNUToolchain/14.2.rel1/arm-none-eabi/bin/../lib/gcc/arm-none-eabi/14.2.1/../../../../arm-none-eabi/lib/thumb/v7-m/nofp/libg.a(libc_a-fiprintf.o)
 .ARM.attributes
                0x00000c77       0x2d /Applications/ArmGNUToolchain/14.2.rel1/arm-none-eabi/bin/../lib/gcc/arm-none-eabi/14.2.1/../../../../arm-none-eabi/lib/thumb/v7-m/nofp/libg.a(libc_a-vfiprintf.o)
 .ARM.attributes
                0x00000ca4       0x2d /Applications/ArmGNUToolchain/14.2.rel1/arm-none-eabi/bin/../lib/gcc/arm-none-eabi/14.2.1/../../../../arm-none-eabi/lib/thumb/v7-m/nofp/libg.a(libc_a-reallocr.o)
 .ARM.attributes
                0x00000cd1       0x2d /Applications/ArmGNUToolchain/14.2.rel1/arm-none-eabi/bin/../lib/gcc/arm-none-eabi/14.2.1/../../../../arm-none-eabi/lib/thumb/v7-m/nofp/libg.a(libc_a-sprint_r.o)
 .ARM.attributes
                0x00000cfe       0x2d /Applications/ArmGNUToolchain/14.2.rel1/arm-none-eabi/bin/../lib/gcc/arm-none-eabi/14.2.1/../../../../arm-none-eabi/lib/thumb/v7-m/nofp/libg.a(libc_a-wsetup.o)
 .ARM.attributes
                0x00000d2b       0x2d /Applications/ArmGNUToolchain/14.2.rel1/arm-none-eabi/bin/../lib/gcc/arm-none-eabi/14.2.1/../../../../arm-none-eabi/lib/thumb/v7-m/nofp/libg.a(libc_a-abort.o)
 .ARM.attributes
                0x00000d58       0x2d /Applications/ArmGNUToolchain/14.2.rel1/arm-none-eabi/bin/../lib/gcc/arm-none-eabi/14.2.1/../../../../arm-none-eabi/lib/thumb/v7-m/nofp/libg.a(libc_a-fvwrite.o)
 .ARM.attributes
                0x00000d85       0x2d /Applications/ArmGNUToolchain/14.2.rel1/arm-none-eabi/bin/../lib/gcc/arm-none-eabi/14.2.1/../../../../arm-none-eabi/lib/thumb/v7-m/nofp/libg.a(libc_a-makebuf.o)
 .ARM.attributes
                0x00000db2       0x2d /Applications/ArmGNUToolchain/14.2.rel1/arm-none-eabi/bin/../lib/gcc/arm-none-eabi/14.2.1/../../../../arm-none-eabi/lib/thumb/v7-m/nofp/libg.a(libc_a-signal.o)
 .ARM.attributes
                0x00000ddf       0x2d /Applications/ArmGNUToolchain/14.2.rel1/arm-none-eabi/bin/../lib/gcc/arm-none-eabi/14.2.1/../../../../arm-none-eabi/lib/thumb/v7-m/nofp/libg.a(libc_a-fstatr.o)
 .ARM.attributes
                0x00000e0c       0x2d /Applications/ArmGNUToolchain/14.2.rel1/arm-none-eabi/bin/../lib/gcc/arm-none-eabi/14.2.1/../../../../arm-none-eabi/lib/thumb/v7-m/nofp/libg.a(libc_a-isattyr.o)
 .ARM.attributes
                0x00000e39       0x2d /Applications/ArmGNUToolchain/14.2.rel1/arm-none-eabi/bin/../lib/gcc/arm-none-eabi/14.2.1/../../../../arm-none-eabi/lib/thumb/v7-m/nofp/libg.a(libc_a-signalr.o)
 .ARM.attributes
                0x00000e66       0x1d /Applications/ArmGNUToolchain/14.2.rel1/arm-none-eabi/bin/../lib/gcc/arm-none-eabi/14.2.1/thumb/v7-m/nofp/libgcc.a(_arm_cmpdf2.o)
 .ARM.attributes
                0x00000e83       0x1d /Applications/ArmGNUToolchain/14.2.rel1/arm-none-eabi/bin/../lib/gcc/arm-none-eabi/14.2.1/thumb/v7-m/nofp/libgcc.a(_arm_unorddf2.o)
 .ARM.attributes
                0x00000ea0       0x2d /Applications/ArmGNUToolchain/14.2.rel1/arm-none-eabi/bin/../lib/gcc/arm-none-eabi/14.2.1/thumb/v7-m/nofp/crtend.o
 .ARM.attributes
                0x00000ecd       0x1d /Applications/ArmGNUToolchain/14.2.rel1/arm-none-eabi/bin/../lib/gcc/arm-none-eabi/14.2.1/thumb/v7-m/nofp/crtn.o
OUTPUT(biaozhunceshi.elf elf32-littlearm)
LOAD linker stubs
LOAD /Applications/ArmGNUToolchain/14.2.rel1/arm-none-eabi/bin/../lib/gcc/arm-none-eabi/14.2.1/../../../../arm-none-eabi/lib/thumb/v7-m/nofp/libc.a
LOAD /Applications/ArmGNUToolchain/14.2.rel1/arm-none-eabi/bin/../lib/gcc/arm-none-eabi/14.2.1/../../../../arm-none-eabi/lib/thumb/v7-m/nofp/libm.a
LOAD /Applications/ArmGNUToolchain/14.2.rel1/arm-none-eabi/bin/../lib/gcc/arm-none-eabi/14.2.1/thumb/v7-m/nofp/libgcc.a

.debug_info     0x00000000     0x5cf6
 .debug_info    0x00000000      0x359 CMakeFiles/biaozhunceshi.elf.dir/Core/Src/main.c.obj
 .debug_info    0x00000359       0xfd CMakeFiles/biaozhunceshi.elf.dir/Core/Src/stm32f10x_it.c.obj
 .debug_info    0x00000456      0x789 CMakeFiles/biaozhunceshi.elf.dir/Core/Src/syscalls.c.obj
 .debug_info    0x00000bdf      0x171 CMakeFiles/biaozhunceshi.elf.dir/Core/Src/sysmem.c.obj
 .debug_info    0x00000d50      0x439 CMakeFiles/biaozhunceshi.elf.dir/Core/Src/system_stm32f10x.c.obj
 .debug_info    0x00001189       0x30 CMakeFiles/biaozhunceshi.elf.dir/Core/Startup/startup_stm32f103c6tx.s.obj
 .debug_info    0x000011b9      0x1ec CMakeFiles/biaozhunceshi.elf.dir/Drivers/STM32F10x_StdPeriph_Driver/src/delay.c.obj
 .debug_info    0x000013a5      0x5c9 CMakeFiles/biaozhunceshi.elf.dir/Drivers/STM32F10x_StdPeriph_Driver/src/dht11.c.obj
 .debug_info    0x0000196e      0x6b9 CMakeFiles/biaozhunceshi.elf.dir/Drivers/STM32F10x_StdPeriph_Driver/src/key.c.obj
 .debug_info    0x00002027      0x34c CMakeFiles/biaozhunceshi.elf.dir/Drivers/STM32F10x_StdPeriph_Driver/src/led.c.obj
 .debug_info    0x00002373      0x4f4 CMakeFiles/biaozhunceshi.elf.dir/Drivers/STM32F10x_StdPeriph_Driver/src/misc.c.obj
 .debug_info    0x00002867      0x337 CMakeFiles/biaozhunceshi.elf.dir/Drivers/STM32F10x_StdPeriph_Driver/src/stm32f10x_exti.c.obj
 .debug_info    0x00002b9e      0x8be CMakeFiles/biaozhunceshi.elf.dir/Drivers/STM32F10x_StdPeriph_Driver/src/stm32f10x_gpio.c.obj
 .debug_info    0x0000345c      0x8bc CMakeFiles/biaozhunceshi.elf.dir/Drivers/STM32F10x_StdPeriph_Driver/src/stm32f10x_rcc.c.obj
 .debug_info    0x00003d18      0xb82 CMakeFiles/biaozhunceshi.elf.dir/Drivers/STM32F10x_StdPeriph_Driver/src/stm32f10x_usart.c.obj
 .debug_info    0x0000489a      0xab6 CMakeFiles/biaozhunceshi.elf.dir/Drivers/STM32F10x_StdPeriph_Driver/src/usart.c.obj
 .debug_info    0x00005350      0x9a6 CMakeFiles/biaozhunceshi.elf.dir/NET/device/src/esp8266.c.obj

.debug_abbrev   0x00000000     0x1b60
 .debug_abbrev  0x00000000      0x16c CMakeFiles/biaozhunceshi.elf.dir/Core/Src/main.c.obj
 .debug_abbrev  0x0000016c       0x45 CMakeFiles/biaozhunceshi.elf.dir/Core/Src/stm32f10x_it.c.obj
 .debug_abbrev  0x000001b1      0x1c1 CMakeFiles/biaozhunceshi.elf.dir/Core/Src/syscalls.c.obj
 .debug_abbrev  0x00000372       0xea CMakeFiles/biaozhunceshi.elf.dir/Core/Src/sysmem.c.obj
 .debug_abbrev  0x0000045c      0x1c7 CMakeFiles/biaozhunceshi.elf.dir/Core/Src/system_stm32f10x.c.obj
 .debug_abbrev  0x00000623       0x24 CMakeFiles/biaozhunceshi.elf.dir/Core/Startup/startup_stm32f103c6tx.s.obj
 .debug_abbrev  0x00000647      0x12c CMakeFiles/biaozhunceshi.elf.dir/Drivers/STM32F10x_StdPeriph_Driver/src/delay.c.obj
 .debug_abbrev  0x00000773      0x1ff CMakeFiles/biaozhunceshi.elf.dir/Drivers/STM32F10x_StdPeriph_Driver/src/dht11.c.obj
 .debug_abbrev  0x00000972      0x1ca CMakeFiles/biaozhunceshi.elf.dir/Drivers/STM32F10x_StdPeriph_Driver/src/key.c.obj
 .debug_abbrev  0x00000b3c      0x198 CMakeFiles/biaozhunceshi.elf.dir/Drivers/STM32F10x_StdPeriph_Driver/src/led.c.obj
 .debug_abbrev  0x00000cd4      0x1a4 CMakeFiles/biaozhunceshi.elf.dir/Drivers/STM32F10x_StdPeriph_Driver/src/misc.c.obj
 .debug_abbrev  0x00000e78      0x193 CMakeFiles/biaozhunceshi.elf.dir/Drivers/STM32F10x_StdPeriph_Driver/src/stm32f10x_exti.c.obj
 .debug_abbrev  0x0000100b      0x250 CMakeFiles/biaozhunceshi.elf.dir/Drivers/STM32F10x_StdPeriph_Driver/src/stm32f10x_gpio.c.obj
 .debug_abbrev  0x0000125b      0x20d CMakeFiles/biaozhunceshi.elf.dir/Drivers/STM32F10x_StdPeriph_Driver/src/stm32f10x_rcc.c.obj
 .debug_abbrev  0x00001468      0x209 CMakeFiles/biaozhunceshi.elf.dir/Drivers/STM32F10x_StdPeriph_Driver/src/stm32f10x_usart.c.obj
 .debug_abbrev  0x00001671      0x261 CMakeFiles/biaozhunceshi.elf.dir/Drivers/STM32F10x_StdPeriph_Driver/src/usart.c.obj
 .debug_abbrev  0x000018d2      0x28e CMakeFiles/biaozhunceshi.elf.dir/NET/device/src/esp8266.c.obj

.debug_aranges  0x00000000      0x668
 .debug_aranges
                0x00000000       0x28 CMakeFiles/biaozhunceshi.elf.dir/Core/Src/main.c.obj
 .debug_aranges
                0x00000028       0x60 CMakeFiles/biaozhunceshi.elf.dir/Core/Src/stm32f10x_it.c.obj
 .debug_aranges
                0x00000088       0xa8 CMakeFiles/biaozhunceshi.elf.dir/Core/Src/syscalls.c.obj
 .debug_aranges
                0x00000130       0x20 CMakeFiles/biaozhunceshi.elf.dir/Core/Src/sysmem.c.obj
 .debug_aranges
                0x00000150       0x38 CMakeFiles/biaozhunceshi.elf.dir/Core/Src/system_stm32f10x.c.obj
 .debug_aranges
                0x00000188       0x28 CMakeFiles/biaozhunceshi.elf.dir/Core/Startup/startup_stm32f103c6tx.s.obj
 .debug_aranges
                0x000001b0       0x38 CMakeFiles/biaozhunceshi.elf.dir/Drivers/STM32F10x_StdPeriph_Driver/src/delay.c.obj
 .debug_aranges
                0x000001e8       0x48 CMakeFiles/biaozhunceshi.elf.dir/Drivers/STM32F10x_StdPeriph_Driver/src/dht11.c.obj
 .debug_aranges
                0x00000230       0x28 CMakeFiles/biaozhunceshi.elf.dir/Drivers/STM32F10x_StdPeriph_Driver/src/key.c.obj
 .debug_aranges
                0x00000258       0x28 CMakeFiles/biaozhunceshi.elf.dir/Drivers/STM32F10x_StdPeriph_Driver/src/led.c.obj
 .debug_aranges
                0x00000280       0x40 CMakeFiles/biaozhunceshi.elf.dir/Drivers/STM32F10x_StdPeriph_Driver/src/misc.c.obj
 .debug_aranges
                0x000002c0       0x58 CMakeFiles/biaozhunceshi.elf.dir/Drivers/STM32F10x_StdPeriph_Driver/src/stm32f10x_exti.c.obj
 .debug_aranges
                0x00000318       0xa8 CMakeFiles/biaozhunceshi.elf.dir/Drivers/STM32F10x_StdPeriph_Driver/src/stm32f10x_gpio.c.obj
 .debug_aranges
                0x000003c0      0x118 CMakeFiles/biaozhunceshi.elf.dir/Drivers/STM32F10x_StdPeriph_Driver/src/stm32f10x_rcc.c.obj
 .debug_aranges
                0x000004d8      0x100 CMakeFiles/biaozhunceshi.elf.dir/Drivers/STM32F10x_StdPeriph_Driver/src/stm32f10x_usart.c.obj
 .debug_aranges
                0x000005d8       0x40 CMakeFiles/biaozhunceshi.elf.dir/Drivers/STM32F10x_StdPeriph_Driver/src/usart.c.obj
 .debug_aranges
                0x00000618       0x50 CMakeFiles/biaozhunceshi.elf.dir/NET/device/src/esp8266.c.obj

.debug_rnglists
                0x00000000      0x484
 .debug_rnglists
                0x00000000       0x19 CMakeFiles/biaozhunceshi.elf.dir/Core/Src/main.c.obj
 .debug_rnglists
                0x00000019       0x43 CMakeFiles/biaozhunceshi.elf.dir/Core/Src/stm32f10x_it.c.obj
 .debug_rnglists
                0x0000005c       0x79 CMakeFiles/biaozhunceshi.elf.dir/Core/Src/syscalls.c.obj
 .debug_rnglists
                0x000000d5       0x13 CMakeFiles/biaozhunceshi.elf.dir/Core/Src/sysmem.c.obj
 .debug_rnglists
                0x000000e8       0x27 CMakeFiles/biaozhunceshi.elf.dir/Core/Src/system_stm32f10x.c.obj
 .debug_rnglists
                0x0000010f       0x19 CMakeFiles/biaozhunceshi.elf.dir/Core/Startup/startup_stm32f103c6tx.s.obj
 .debug_rnglists
                0x00000128       0x25 CMakeFiles/biaozhunceshi.elf.dir/Drivers/STM32F10x_StdPeriph_Driver/src/delay.c.obj
 .debug_rnglists
                0x0000014d       0x31 CMakeFiles/biaozhunceshi.elf.dir/Drivers/STM32F10x_StdPeriph_Driver/src/dht11.c.obj
 .debug_rnglists
                0x0000017e       0x19 CMakeFiles/biaozhunceshi.elf.dir/Drivers/STM32F10x_StdPeriph_Driver/src/key.c.obj
 .debug_rnglists
                0x00000197       0x19 CMakeFiles/biaozhunceshi.elf.dir/Drivers/STM32F10x_StdPeriph_Driver/src/led.c.obj
 .debug_rnglists
                0x000001b0       0x2b CMakeFiles/biaozhunceshi.elf.dir/Drivers/STM32F10x_StdPeriph_Driver/src/misc.c.obj
 .debug_rnglists
                0x000001db       0x3e CMakeFiles/biaozhunceshi.elf.dir/Drivers/STM32F10x_StdPeriph_Driver/src/stm32f10x_exti.c.obj
 .debug_rnglists
                0x00000219       0x7b CMakeFiles/biaozhunceshi.elf.dir/Drivers/STM32F10x_StdPeriph_Driver/src/stm32f10x_gpio.c.obj
 .debug_rnglists
                0x00000294       0xce CMakeFiles/biaozhunceshi.elf.dir/Drivers/STM32F10x_StdPeriph_Driver/src/stm32f10x_rcc.c.obj
 .debug_rnglists
                0x00000362       0xbd CMakeFiles/biaozhunceshi.elf.dir/Drivers/STM32F10x_StdPeriph_Driver/src/stm32f10x_usart.c.obj
 .debug_rnglists
                0x0000041f       0x2d CMakeFiles/biaozhunceshi.elf.dir/Drivers/STM32F10x_StdPeriph_Driver/src/usart.c.obj
 .debug_rnglists
                0x0000044c       0x38 CMakeFiles/biaozhunceshi.elf.dir/NET/device/src/esp8266.c.obj

.debug_line     0x00000000     0x470e
 .debug_line    0x00000000      0x29d CMakeFiles/biaozhunceshi.elf.dir/Core/Src/main.c.obj
 .debug_line    0x0000029d      0x12a CMakeFiles/biaozhunceshi.elf.dir/Core/Src/stm32f10x_it.c.obj
 .debug_line    0x000003c7      0x413 CMakeFiles/biaozhunceshi.elf.dir/Core/Src/syscalls.c.obj
 .debug_line    0x000007da      0x200 CMakeFiles/biaozhunceshi.elf.dir/Core/Src/sysmem.c.obj
 .debug_line    0x000009da      0x45e CMakeFiles/biaozhunceshi.elf.dir/Core/Src/system_stm32f10x.c.obj
 .debug_line    0x00000e38       0x78 CMakeFiles/biaozhunceshi.elf.dir/Core/Startup/startup_stm32f103c6tx.s.obj
 .debug_line    0x00000eb0      0x2cb CMakeFiles/biaozhunceshi.elf.dir/Drivers/STM32F10x_StdPeriph_Driver/src/delay.c.obj
 .debug_line    0x0000117b      0x446 CMakeFiles/biaozhunceshi.elf.dir/Drivers/STM32F10x_StdPeriph_Driver/src/dht11.c.obj
 .debug_line    0x000015c1      0x2f3 CMakeFiles/biaozhunceshi.elf.dir/Drivers/STM32F10x_StdPeriph_Driver/src/key.c.obj
 .debug_line    0x000018b4      0x26a CMakeFiles/biaozhunceshi.elf.dir/Drivers/STM32F10x_StdPeriph_Driver/src/led.c.obj
 .debug_line    0x00001b1e      0x37d CMakeFiles/biaozhunceshi.elf.dir/Drivers/STM32F10x_StdPeriph_Driver/src/misc.c.obj
 .debug_line    0x00001e9b      0x406 CMakeFiles/biaozhunceshi.elf.dir/Drivers/STM32F10x_StdPeriph_Driver/src/stm32f10x_exti.c.obj
 .debug_line    0x000022a1      0x739 CMakeFiles/biaozhunceshi.elf.dir/Drivers/STM32F10x_StdPeriph_Driver/src/stm32f10x_gpio.c.obj
 .debug_line    0x000029da      0x922 CMakeFiles/biaozhunceshi.elf.dir/Drivers/STM32F10x_StdPeriph_Driver/src/stm32f10x_rcc.c.obj
 .debug_line    0x000032fc      0x98e CMakeFiles/biaozhunceshi.elf.dir/Drivers/STM32F10x_StdPeriph_Driver/src/stm32f10x_usart.c.obj
 .debug_line    0x00003c8a      0x521 CMakeFiles/biaozhunceshi.elf.dir/Drivers/STM32F10x_StdPeriph_Driver/src/usart.c.obj
 .debug_line    0x000041ab      0x563 CMakeFiles/biaozhunceshi.elf.dir/NET/device/src/esp8266.c.obj

.debug_str      0x00000000     0x2094
 .debug_str     0x00000000     0x2094 CMakeFiles/biaozhunceshi.elf.dir/Core/Src/main.c.obj
                                0x305 (size before relaxing)
 .debug_str     0x00002094      0x25a CMakeFiles/biaozhunceshi.elf.dir/Core/Src/stm32f10x_it.c.obj
 .debug_str     0x00002094      0x43c CMakeFiles/biaozhunceshi.elf.dir/Core/Src/syscalls.c.obj
 .debug_str     0x00002094      0x268 CMakeFiles/biaozhunceshi.elf.dir/Core/Src/sysmem.c.obj
 .debug_str     0x00002094      0x34a CMakeFiles/biaozhunceshi.elf.dir/Core/Src/system_stm32f10x.c.obj
 .debug_str     0x00002094       0xb5 CMakeFiles/biaozhunceshi.elf.dir/Core/Startup/startup_stm32f103c6tx.s.obj
 .debug_str     0x00002094      0x25f CMakeFiles/biaozhunceshi.elf.dir/Drivers/STM32F10x_StdPeriph_Driver/src/delay.c.obj
 .debug_str     0x00002094      0x449 CMakeFiles/biaozhunceshi.elf.dir/Drivers/STM32F10x_StdPeriph_Driver/src/dht11.c.obj
 .debug_str     0x00002094      0x935 CMakeFiles/biaozhunceshi.elf.dir/Drivers/STM32F10x_StdPeriph_Driver/src/key.c.obj
 .debug_str     0x00002094      0x3d9 CMakeFiles/biaozhunceshi.elf.dir/Drivers/STM32F10x_StdPeriph_Driver/src/led.c.obj
 .debug_str     0x00002094      0x440 CMakeFiles/biaozhunceshi.elf.dir/Drivers/STM32F10x_StdPeriph_Driver/src/misc.c.obj